Component: ARM Compiler 5.06 update 3 (build 300) Tool: armlink [4d35c9]

==============================================================================

Section Cross References

    main.o(i.advertising_init) refers to memseta.o(.text) for __aeabi_memclr4
    main.o(i.advertising_init) refers to ble_advertising.o(i.ble_advertising_init) for ble_advertising_init
    main.o(i.advertising_init) refers to app_error_handler_keil.o(.emb_text) for app_error_handler
    main.o(i.advertising_init) refers to ble_advertising.o(i.ble_advertising_conn_cfg_tag_set) for ble_advertising_conn_cfg_tag_set
    main.o(i.advertising_init) refers to main.o(.data) for m_adv_uuids
    main.o(i.advertising_init) refers to main.o(i.on_adv_evt) for on_adv_evt
    main.o(i.advertising_init) refers to main.o(.bss) for m_advertising
    main.o(i.advertising_start) refers to ble_advertising.o(i.ble_advertising_start) for ble_advertising_start
    main.o(i.advertising_start) refers to app_error_handler_keil.o(.emb_text) for app_error_handler
    main.o(i.advertising_start) refers to main.o(.bss) for m_advertising
    main.o(i.assert_nrf_callback) refers to app_error_handler_keil.o(.emb_text) for app_error_handler
    main.o(i.ble_evt_handler) refers to nrf_log_frontend.o(i.nrf_log_frontend_std_0) for nrf_log_frontend_std_0
    main.o(i.ble_evt_handler) refers to bsp.o(i.bsp_indication_set) for bsp_indication_set
    main.o(i.ble_evt_handler) refers to app_error_handler_keil.o(.emb_text) for app_error_handler
    main.o(i.ble_evt_handler) refers to nrf_ble_qwr.o(i.nrf_ble_qwr_conn_handle_assign) for nrf_ble_qwr_conn_handle_assign
    main.o(i.ble_evt_handler) refers to nrf_log_frontend.o(log_dynamic_data) for m_nrf_log_app_logs_data_dynamic
    main.o(i.ble_evt_handler) refers to main.o(.data) for m_conn_handle
    main.o(i.ble_evt_handler) refers to main.o(.bss) for m_qwr
    main.o(i.ble_stack_init) refers to nrf_sdh.o(i.nrf_sdh_enable_request) for nrf_sdh_enable_request
    main.o(i.ble_stack_init) refers to app_error_handler_keil.o(.emb_text) for app_error_handler
    main.o(i.ble_stack_init) refers to nrf_sdh_ble.o(i.nrf_sdh_ble_default_cfg_set) for nrf_sdh_ble_default_cfg_set
    main.o(i.ble_stack_init) refers to nrf_sdh_ble.o(i.nrf_sdh_ble_enable) for nrf_sdh_ble_enable
    main.o(i.bsp_event_handler) refers to main.o(i.sleep_mode_enter) for sleep_mode_enter
    main.o(i.bsp_event_handler) refers to app_error_handler_keil.o(.emb_text) for app_error_handler
    main.o(i.bsp_event_handler) refers to ble_advertising.o(i.ble_advertising_restart_without_whitelist) for ble_advertising_restart_without_whitelist
    main.o(i.bsp_event_handler) refers to main.o(.data) for m_conn_handle
    main.o(i.bsp_event_handler) refers to main.o(.bss) for m_advertising
    main.o(i.conn_params_error_handler) refers to app_error_handler_keil.o(.emb_text) for app_error_handler
    main.o(i.conn_params_init) refers to memseta.o(.text) for __aeabi_memclr4
    main.o(i.conn_params_init) refers to ble_conn_params.o(i.ble_conn_params_init) for ble_conn_params_init
    main.o(i.conn_params_init) refers to app_error_handler_keil.o(.emb_text) for app_error_handler
    main.o(i.conn_params_init) refers to main.o(i.on_conn_params_evt) for on_conn_params_evt
    main.o(i.conn_params_init) refers to main.o(i.conn_params_error_handler) for conn_params_error_handler
    main.o(i.gap_params_init) refers to app_error_handler_keil.o(.emb_text) for app_error_handler
    main.o(i.gatt_evt_handler) refers to nrf_log_frontend.o(i.nrf_log_frontend_std_2) for nrf_log_frontend_std_2
    main.o(i.gatt_evt_handler) refers to main.o(.data) for m_conn_handle
    main.o(i.gatt_evt_handler) refers to nrf_log_frontend.o(log_dynamic_data) for m_nrf_log_app_logs_data_dynamic
    main.o(i.gatt_init) refers to nrf_ble_gatt.o(i.nrf_ble_gatt_init) for nrf_ble_gatt_init
    main.o(i.gatt_init) refers to app_error_handler_keil.o(.emb_text) for app_error_handler
    main.o(i.gatt_init) refers to nrf_ble_gatt.o(i.nrf_ble_gatt_att_mtu_periph_set) for nrf_ble_gatt_att_mtu_periph_set
    main.o(i.gatt_init) refers to main.o(i.gatt_evt_handler) for gatt_evt_handler
    main.o(i.gatt_init) refers to main.o(.bss) for m_gatt
    main.o(i.idle_state_handle) refers to nrf_log_frontend.o(i.nrf_log_frontend_dequeue) for nrf_log_frontend_dequeue
    main.o(i.idle_state_handle) refers to nrf_pwr_mgmt.o(i.nrf_pwr_mgmt_run) for nrf_pwr_mgmt_run
    main.o(i.log_init) refers to nrf_log_frontend.o(i.nrf_log_init) for nrf_log_init
    main.o(i.log_init) refers to app_error_handler_keil.o(.emb_text) for app_error_handler
    main.o(i.log_init) refers to nrf_log_default_backends.o(i.nrf_log_default_backends_init) for nrf_log_default_backends_init
    main.o(i.main) refers to main.o(i.log_init) for log_init
    main.o(i.main) refers to main.o(i.timers_init) for timers_init
    main.o(i.main) refers to main.o(i.buttons_leds_init) for buttons_leds_init
[...]
    .bss                                     0x200031ac   Section       44  nrfx_uart.o(.bss)
    m_cb                                     0x200031ac   Data          44  nrfx_uart.o(.bss)
    .bss                                     0x200031d8   Section       36  nrfx_uarte.o(.bss)
    m_cb                                     0x200031d8   Data          36  nrfx_uarte.o(.bss)
    .bss                                     0x200031fc   Section       32  app_error.o(.bss)
    m_error_data                             0x200031fc   Data          32  app_error.o(.bss)
    .bss                                     0x2000321c   Section      268  app_timer.o(.bss)
    m_op_queue                               0x2000321c   Data         268  app_timer.o(.bss)
    .bss                                     0x20003328   Section       32  app_uart_fifo.o(.bss)
    m_rx_fifo                                0x20003328   Data          16  app_uart_fifo.o(.bss)
    m_tx_fifo                                0x20003338   Data          16  app_uart_fifo.o(.bss)
    .bss                                     0x20003348   Section       12  app_util_platform.o(.bss)
    .bss                                     0x20003354   Section      160  nrf_fstorage_sd.o(.bss)
    m_fifo_data                              0x20003354   Data         140  nrf_fstorage_sd.o(.bss)
    m_flags                                  0x200033e0   Data          20  nrf_fstorage_sd.o(.bss)
    .bss                                     0x200033f4   Section       12  nrf_pwr_mgmt.o(.bss)
    m_handlers_iter                          0x200033f4   Data          12  nrf_pwr_mgmt.o(.bss)
    .bss                                     0x20003400   Section       64  nrf_log_backend_rtt.o(.bss)
    m_string_buff                            0x20003400   Data          64  nrf_log_backend_rtt.o(.bss)
    .bss                                     0x20003440   Section     1252  nrf_log_frontend.o(.bss)
    log_mempool_nrf_balloc_pool_mem          0x20003440   Data         192  nrf_log_frontend.o(.bss)
    m_log_data                               0x20003500   Data        1060  nrf_log_frontend.o(.bss)
    .bss                                     0x20003924   Section      648  segger_rtt.o(.bss)
    _acUpBuffer                              0x2000399c   Data         512  segger_rtt.o(.bss)
    _acDownBuffer                            0x20003b9c   Data          16  segger_rtt.o(.bss)
    STACK                                    0x20003bb0   Section     8192  arm_startup_nrf52.o(STACK)

    Global Symbols

    Symbol Name                              Value     Ov Type        Size  Object(Section)

    BuildAttributes$$THM_ISAv4$E$P$D$K$B$S$7EM$VFPi3$EXTD16$VFPS$VFMA$PE$A:L22UL41UL21$X:L11$S22US41US21$IEEE1$IW$USESV6$~STKCKD$USESV7$~SHL$OSPACE$EBA8$MICROLIB$REQ8$EABIv2 0x00000000   Number         0  anon$$obj.o ABSOLUTE
    __ARM_use_no_argv                        0x00000000   Number         0  main.o ABSOLUTE
    __cpp_initialize__aeabi_                  - Undefined Weak Reference
    __cxa_finalize                            - Undefined Weak Reference
    _clock_init                               - Undefined Weak Reference
    _microlib_exit                            - Undefined Weak Reference
    fs_data$$Base                             - Undefined Reference
    fs_data$$Limit                            - Undefined Reference
    pwr_mgmt_data0$$Base                      - Undefined Reference
    pwr_mgmt_data0$$Limit                     - Undefined Reference
    pwr_mgmt_data1$$Base                      - Undefined Reference
    pwr_mgmt_data1$$Limit                     - Undefined Reference
    pwr_mgmt_data2$$Base                      - Undefined Reference
    pwr_mgmt_data2$$Limit                     - Undefined Reference
    sdh_req_observers1$$Base                  - Undefined Reference
    sdh_req_observers1$$Limit                 - Undefined Reference
    sdh_stack_observers1$$Base                - Undefined Reference
    sdh_stack_observers1$$Limit               - Undefined Reference
    sdh_state_observers1$$Base                - Undefined Reference
    sdh_state_observers1$$Limit               - Undefined Reference
    __Vectors_Size                           0x00000200   Number         0  arm_startup_nrf52.o ABSOLUTE
    __Vectors                                0x00026000   Data           4  arm_startup_nrf52.o(RESET)
    __Vectors_End                            0x00026200   Data           0  arm_startup_nrf52.o(RESET)
    __main                                   0x00026201   Thumb Code     0  entry.o(.ARM.Collect$$$$00000000)
    _main_stk                                0x00026201   Thumb Code     0  entry2.o(.ARM.Collect$$$$00000001)
    _main_scatterload                        0x00026205   Thumb Code     0  entry5.o(.ARM.Collect$$$$00000004)
    __main_after_scatterload                 0x00026209   Thumb Code     0  entry5.o(.ARM.Collect$$$$00000004)
    _main_clock                              0x00026209   Thumb Code     0  entry7b.o(.ARM.Collect$$$$00000008)
    _main_cpp_init                           0x00026209   Thumb Code     0  entry8b.o(.ARM.Collect$$$$0000000A)
    _main_init                               0x00026209   Thumb Code     0  entry9a.o(.ARM.Collect$$$$0000000B)
    __rt_final_cpp                           0x00026211   Thumb Code     0  entry10a.o(.ARM.Collect$$$$0000000D)
    __rt_final_exit                          0x00026211   Thumb Code     0  entry11a.o(.ARM.Collect$$$$0000000F)
    app_error_handler                        0x00026215   Thumb Code    26  app_error_handler_keil.o(.emb_text)
    __asm___12_nrf_atfifo_c_51f461e1__nrf_atfifo_wspace_req 0x00026231   Thumb Code    56  nrf_atfifo.o(.emb_text)
    __asm___12_nrf_atfifo_c_51f461e1__nrf_atfifo_wspace_close 0x00026269   Thumb Code    18  nrf_atfifo.o(.emb_text)
    __asm___12_nrf_atfifo_c_51f461e1__nrf_atfifo_rspace_req 0x0002627b   Thumb Code    58  nrf_atfifo.o(.emb_text)
    __asm___12_nrf_atfifo_c_51f461e1__nrf_atfifo_rspace_close 0x000262b5   Thumb Code    18  nrf_atfifo.o(.emb_text)
    __asm___12_nrf_atfifo_c_51f461e1__nrf_atfifo_space_clear 0x000262c7   Thumb Code    50  nrf_atfifo.o(.emb_text)
    __asm___12_nrf_atomic_c_85ca2469__nrf_atomic_internal_mov 0x000262f9   Thumb Code    24  nrf_atomic.o(.emb_text)
    __asm___12_nrf_atomic_c_85ca2469__nrf_atomic_internal_orr 0x00026311   Thumb Code    26  nrf_atomic.o(.emb_text)
    __asm___12_nrf_atomic_c_85ca2469__nrf_atomic_internal_and 0x0002632b   Thumb Code    26  nrf_atomic.o(.emb_text)
    __asm___12_nrf_atomic_c_85ca2469__nrf_atomic_internal_eor 0x00026345   Thumb Code    26  nrf_atomic.o(.emb_text)
    __asm___12_nrf_atomic_c_85ca2469__nrf_atomic_internal_add 0x0002635f   Thumb Code    26  nrf_atomic.o(.emb_text)
    __asm___12_nrf_atomic_c_85ca2469__nrf_atomic_internal_sub 0x00026379   Thumb Code    26  nrf_atomic.o(.emb_text)
    __asm___12_nrf_atomic_c_85ca2469__nrf_atomic_internal_cmp_exch 0x00026393   Thumb Code    42  nrf_atomic.o(.emb_text)
    __asm___12_nrf_atomic_c_85ca2469__nrf_atomic_internal_sub_hs 0x000263bd   Thumb Code    30  nrf_atomic.o(.emb_text)
    Reset_Handler                            0x000263dd   Thumb Code     8  arm_startup_nrf52.o(.text)
    NMI_Handler                              0x000263e5   Thumb Code     2  arm_startup_nrf52.o(.text)
    HardFault_Handler                        0x000263e7   Thumb Code     2  arm_startup_nrf52.o(.text)
    MemoryManagement_Handler                 0x000263e9   Thumb Code     2  arm_startup_nrf52.o(.text)
    BusFault_Handler                         0x000263eb   Thumb Code     2  arm_startup_nrf52.o(.text)
    UsageFault_Handler                       0x000263ed   Thumb Code     2  arm_startup_nrf52.o(.text)
    SVC_Handler                              0x000263ef   Thumb Code     2  arm_startup_nrf52.o(.text)
    DebugMon_Handler                         0x000263f1   Thumb Code     2  arm_startup_nrf52.o(.text)
    PendSV_Handler                           0x000263f3   Thumb Code     2  arm_startup_nrf52.o(.text)
    SysTick_Handler                          0x000263f5   Thumb Code     2  arm_startup_nrf52.o(.text)
    CCM_AAR_IRQHandler                       0x000263f7   Thumb Code     0  arm_startup_nrf52.o(.text)
    COMP_LPCOMP_IRQHandler                   0x000263f7   Thumb Code     0  arm_startup_nrf52.o(.text)
    ECB_IRQHandler                           0x000263f7   Thumb Code     0  arm_startup_nrf52.o(.text)
    FPU_IRQHandler                           0x000263f7   Thumb Code     0  arm_startup_nrf52.o(.text)
    I2S_IRQHandler                           0x000263f7   Thumb Code     0  arm_startup_nrf52.o(.text)
    MWU_IRQHandler                           0x000263f7   Thumb Code     0  arm_startup_nrf52.o(.text)
    NFCT_IRQHandler                          0x000263f7   Thumb Code     0  arm_startup_nrf52.o(.text)
    PDM_IRQHandler                           0x000263f7   Thumb Code     0  arm_startup_nrf52.o(.text)
    PWM0_IRQHandler                          0x000263f7   Thumb Code     0  arm_startup_nrf52.o(.text)
    PWM1_IRQHandler                          0x000263f7   Thumb Code     0  arm_startup_nrf52.o(.text)
    PWM2_IRQHandler                          0x000263f7   Thumb Code     0  arm_startup_nrf52.o(.text)
    QDEC_IRQHandler                          0x000263f7   Thumb Code     0  arm_startup_nrf52.o(.text)
    RADIO_IRQHandler                         0x000263f7   Thumb Code     0  arm_startup_nrf52.o(.text)
    RNG_IRQHandler                           0x000263f7   Thumb Code     0  arm_startup_nrf52.o(.text)
    RTC0_IRQHandler                          0x000263f7   Thumb Code     0  arm_startup_nrf52.o(.text)
    RTC2_IRQHandler                          0x000263f7   Thumb Code     0  arm_startup_nrf52.o(.text)
    SAADC_IRQHandler                         0x000263f7   Thumb Code     0  arm_startup_nrf52.o(.text)
    SPIM0_SPIS0_TWIM0_TWIS0_SPI0_TWI0_IRQHandler 0x000263f7   Thumb Code     0  arm_startup_nrf52.o(.text)
    SPIM1_SPIS1_TWIM1_TWIS1_SPI1_TWI1_IRQHandler 0x000263f7   Thumb Code     0  arm_startup_nrf52.o(.text)
    SPIM2_SPIS2_SPI2_IRQHandler              0x000263f7   Thumb Code     0  arm_startup_nrf52.o(.text)
    SWI1_EGU1_IRQHandler                     0x000263f7   Thumb Code     0  arm_startup_nrf52.o(.text)
    SWI3_EGU3_IRQHandler                     0x000263f7   Thumb Code     0  arm_startup_nrf52.o(.text)
    SWI4_EGU4_IRQHandler                     0x000263f7   Thumb Code     0  arm_startup_nrf52.o(.text)
    SWI5_EGU5_IRQHandler                     0x000263f7   Thumb Code     0  arm_startup_nrf52.o(.text)
    TEMP_IRQHandler                          0x000263f7   Thumb Code     0  arm_startup_nrf52.o(.text)
    TIMER0_IRQHandler                        0x000263f7   Thumb Code     0  arm_startup_nrf52.o(.text)
    TIMER1_IRQHandler                        0x000263f7   Thumb Code     0  arm_startup_nrf52.o(.text)
    TIMER2_IRQHandler                        0x000263f7   Thumb Code     0  arm_startup_nrf52.o(.text)
    TIMER3_IRQHandler                        0x000263f7   Thumb Code     0  arm_startup_nrf52.o(.text)
    TIMER4_IRQHandler                        0x000263f7   Thumb Code     0  arm_startup_nrf52.o(.text)
    __aeabi_uldivmod                         0x00026401   Thumb Code    98  uldiv.o(.text)
    __aeabi_llsl                             0x00026463   Thumb Code    30  llshl.o(.text)
    _ll_shift_l                              0x00026463   Thumb Code     0  llshl.o(.text)
    __rt_ctype_table                         0x00026481   Thumb Code     4  ctype_o.o(.text)
    __aeabi_memcpy                           0x00026489   Thumb Code    36  memcpya.o(.text)
    __aeabi_memcpy4                          0x00026489   Thumb Code     0  memcpya.o(.text)
    __aeabi_memcpy8                          0x00026489   Thumb Code     0  memcpya.o(.text)
    __aeabi_memset                           0x000264ad   Thumb Code    14  memseta.o(.text)
    __aeabi_memset4                          0x000264ad   Thumb Code     0  memseta.o(.text)
    __aeabi_memset8                          0x000264ad   Thumb Code     0  memseta.o(.text)
    __aeabi_memclr                           0x000264bb   Thumb Code     4  memseta.o(.text)
    __aeabi_memclr4                          0x000264bb   Thumb Code     0  memseta.o(.text)
    __aeabi_memclr8                          0x000264bb   Thumb Code     0  memseta.o(.text)
    _memset$wrapper                          0x000264bf   Thumb Code    18  memseta.o(.text)
    strlen                                   0x000264d1   Thumb Code    14  strlen.o(.text)
    strcpy                                   0x000264df   Thumb Code    18  strcpy.o(.text)
    __aeabi_llsr                             0x000264f1   Thumb Code    32  llushr.o(.text)
    _ll_ushift_r                             0x000264f1   Thumb Code     0  llushr.o(.text)
    __scatterload                            0x00026511   Thumb Code    28  init.o(.text)
    __scatterload_rt2                        0x00026511   Thumb Code     0  init.o(.text)
    __decompress                             0x00026535   Thumb Code     0  __dczerorl2.o(.text)
    __decompress1                            0x00026535   Thumb Code    86  __dczerorl2.o(.text)
    GPIOTE_IRQHandler                        0x0002658d   Thumb Code   528  nrfx_gpiote.o(i.GPIOTE_IRQHandler)
    POWER_CLOCK_IRQHandler                   0x00026819   Thumb Code    80  nrfx_clock.o(i.POWER_CLOCK_IRQHandler)
    RTC1_IRQHandler                          0x0002686d   Thumb Code    44  app_timer.o(i.RTC1_IRQHandler)
    SEGGER_RTT_Init                          0x000268a1   Thumb Code     8  segger_rtt.o(i.SEGGER_RTT_Init)
    SEGGER_RTT_WriteNoLock                   0x000268a9   Thumb Code   126  segger_rtt.o(i.SEGGER_RTT_WriteNoLock)
    SWI0_EGU0_IRQHandler                     0x0002692d   Thumb Code     8  app_timer.o(i.SWI0_EGU0_IRQHandler)
    SWI2_EGU2_IRQHandler                     0x00026935   Thumb Code     8  nrf_sdh.o(i.SWI2_EGU2_IRQHandler)
    SystemCoreClockUpdate                    0x0002693d   Thumb Code     8  system_nrf52.o(i.SystemCoreClockUpdate)
    SystemInit                               0x0002694d   Thumb Code   596  system_nrf52.o(i.SystemInit)
    UARTE0_UART0_IRQHandler                  0x00026be5   Thumb Code    10  nrfx_prs.o(i.UARTE0_UART0_IRQHandler)
    WDT_IRQHandler                           0x00026bf5   Thumb Code    52  nrfx_wdt.o(i.WDT_IRQHandler)
    __scatterload_copy                       0x00026d7f   Thumb Code    14  handlers.o(i.__scatterload_copy)
    __scatterload_null                       0x00026d8d   Thumb Code     2  handlers.o(i.__scatterload_null)
    __scatterload_zeroinit                   0x00026d8f   Thumb Code    14  handlers.o(i.__scatterload_zeroinit)
    app_error_fault_handler                  0x00026f99   Thumb Code   234  app_error_weak.o(i.app_error_fault_handler)
    app_error_save_and_stop                  0x00027141   Thumb Code   132  app_error.o(i.app_error_save_and_stop)
    app_fifo_get                             0x000271c9   Thumb Code    30  app_fifo.o(i.app_fifo_get)
    app_fifo_put                             0x000271e7   Thumb Code    34  app_fifo.o(i.app_fifo_put)
    app_timer_create                         0x00027209   Thumb Code    56  app_timer.o(i.app_timer_create)
    app_timer_init                           0x00027245   Thumb Code    70  app_timer.o(i.app_timer_init)
    app_timer_start                          0x000272a1   Thumb Code    78  app_timer.o(i.app_timer_start)
    app_timer_stop                           0x000272f5   Thumb Code    44  app_timer.o(i.app_timer_stop)
    app_uart_put                             0x00027325   Thumb Code    90  app_uart_fifo.o(i.app_uart_put)
    app_util_critical_region_enter           0x00027391   Thumb Code    12  app_util_platform.o(i.app_util_critical_region_enter)
    app_util_critical_region_exit            0x0002739d   Thumb Code    62  app_util_platform.o(i.app_util_critical_region_exit)
    blcm_link_ctx_get                        0x00027471   Thumb Code   108  ble_link_ctx_manager.o(i.blcm_link_ctx_get)
    ble_advdata_encode                       0x000274dd   Thumb Code   364  ble_advdata.o(i.ble_advdata_encode)
    ble_advdata_parse                        0x00027649   Thumb Code    40  ble_advdata.o(i.ble_advdata_parse)
    ble_advdata_search                       0x00027671   Thumb Code    64  ble_advdata.o(i.ble_advdata_search)
    ble_advertising_conn_cfg_tag_set         0x000276b1   Thumb Code     6  ble_advertising.o(i.ble_advertising_conn_cfg_tag_set)
    ble_advertising_init                     0x000276b7   Thumb Code   264  ble_advertising.o(i.ble_advertising_init)
    ble_advertising_on_ble_evt               0x000277bf   Thumb Code    60  ble_advertising.o(i.ble_advertising_on_ble_evt)
    ble_advertising_on_sys_evt               0x000277fb   Thumb Code    64  ble_advertising.o(i.ble_advertising_on_sys_evt)
    ble_advertising_start                    0x0002783b   Thumb Code   402  ble_advertising.o(i.ble_advertising_start)
    ble_conn_params_init                     0x000279cd   Thumb Code   136  ble_conn_params.o(i.ble_conn_params_init)
    ble_conn_state_conn_idx                  0x00027a69   Thumb Code    20  ble_conn_state.o(i.ble_conn_state_conn_idx)
    ble_conn_state_valid                     0x00027a7d   Thumb Code    22  ble_conn_state.o(i.ble_conn_state_valid)
    ble_nus_init                             0x00027e59   Thumb Code   134  ble_nus.o(i.ble_nus_init)
    ble_nus_on_ble_evt                       0x00027ee5   Thumb Code    68  ble_nus.o(i.ble_nus_on_ble_evt)
    ble_srv_is_notification_enabled          0x00027f29   Thumb Code    18  ble_srv_common.o(i.ble_srv_is_notification_enabled)
    bsp_board_button_idx_to_pin              0x00027fb5   Thumb Code     8  boards.o(i.bsp_board_button_idx_to_pin)
    bsp_board_led_invert                     0x00027fc1   Thumb Code    44  boards.o(i.bsp_board_led_invert)
    bsp_board_led_off                        0x00027ff1   Thumb Code    16  boards.o(i.bsp_board_led_off)
    bsp_board_led_on                         0x00028005   Thumb Code    16  boards.o(i.bsp_board_led_on)
    bsp_board_led_state_get                  0x00028019   Thumb Code    44  boards.o(i.bsp_board_led_state_get)
    bsp_board_leds_off                       0x00028049   Thumb Code    20  boards.o(i.bsp_board_leds_off)
    bsp_board_leds_on                        0x0002805d   Thumb Code    20  boards.o(i.bsp_board_leds_on)
    bsp_board_pin_to_button_idx              0x00028071   Thumb Code    32  boards.o(i.bsp_board_pin_to_button_idx)
    bsp_btn_ble_sleep_mode_prepare           0x00028095   Thumb Code    50  bsp_btn_ble.o(i.bsp_btn_ble_sleep_mode_prepare)
    bsp_event_to_button_action_assign        0x0002818d   Thumb Code    86  bsp.o(i.bsp_event_to_button_action_assign)
    bsp_indication_set                       0x000281e9   Thumb Code    28  bsp.o(i.bsp_indication_set)
    bsp_wakeup_button_enable                 0x00028585   Thumb Code    14  bsp.o(i.bsp_wakeup_button_enable)
    buffer_is_empty                          0x00028699   Thumb Code    20  nrf_log_frontend.o(i.buffer_is_empty)
    conn_handle_list_get                     0x000287ed   Thumb Code    60  ble_conn_state.o(i.conn_handle_list_get)
    gatt_evt_handler                         0x000290a9   Thumb Code    58  main.o(i.gatt_evt_handler)
    gatt_init                                0x0002910d   Thumb Code    72  main.o(i.gatt_init)
    main                                     0x00029635   Thumb Code   650  main.o(i.main)
    nrf_atfifo_clear                         0x00029b53   Thumb Code    22  nrf_atfifo.o(i.nrf_atfifo_clear)
    nrf_atfifo_init                          0x00029b69   Thumb Code    40  nrf_atfifo.o(i.nrf_atfifo_init)
    nrf_atfifo_item_alloc                    0x00029b91   Thumb Code    28  nrf_atfifo.o(i.nrf_atfifo_item_alloc)
    nrf_atfifo_item_free                     0x00029bad   Thumb Code    28  nrf_atfifo.o(i.nrf_atfifo_item_free)
    nrf_atfifo_item_get                      0x00029bc9   Thumb Code    28  nrf_atfifo.o(i.nrf_atfifo_item_get)
    nrf_atfifo_item_put                      0x00029be5   Thumb Code    28  nrf_atfifo.o(i.nrf_atfifo_item_put)
    nrf_atflags_clear                        0x00029c01   Thumb Code    30  nrf_atflags.o(i.nrf_atflags_clear)
    nrf_atflags_get                          0x00029c1f   Thumb Code    30  nrf_atflags.o(i.nrf_atflags_get)
    nrf_atflags_set                          0x00029c3d   Thumb Code    30  nrf_atflags.o(i.nrf_atflags_set)
    nrf_atomic_flag_clear_fetch              0x00029c5b   Thumb Code    14  nrf_atomic.o(i.nrf_atomic_flag_clear_fetch)
    nrf_atomic_flag_set                      0x00029c69   Thumb Code    14  nrf_atomic.o(i.nrf_atomic_flag_set)
    nrf_atomic_flag_set_fetch                0x00029c77   Thumb Code    14  nrf_atomic.o(i.nrf_atomic_flag_set_fetch)
    nrf_atomic_u32_add                       0x00029c85   Thumb Code    22  nrf_atomic.o(i.nrf_atomic_u32_add)
    nrf_atomic_u32_and                       0x00029c9b   Thumb Code    22  nrf_atomic.o(i.nrf_atomic_u32_and)
    nrf_atomic_u32_fetch_and                 0x00029cb1   Thumb Code    22  nrf_atomic.o(i.nrf_atomic_u32_fetch_and)
    nrf_atomic_u32_fetch_or                  0x00029cc7   Thumb Code    22  nrf_atomic.o(i.nrf_atomic_u32_fetch_or)
    nrf_atomic_u32_fetch_store               0x00029cdd   Thumb Code    22  nrf_atomic.o(i.nrf_atomic_u32_fetch_store)
    nrf_atomic_u32_or                        0x00029cf3   Thumb Code    22  nrf_atomic.o(i.nrf_atomic_u32_or)
    nrf_atomic_u32_sub                       0x00029d09   Thumb Code    22  nrf_atomic.o(i.nrf_atomic_u32_sub)
    nrf_balloc_alloc                         0x00029d1f   Thumb Code    82  nrf_balloc.o(i.nrf_balloc_alloc)
    nrf_balloc_free                          0x00029d81   Thumb Code    48  nrf_balloc.o(i.nrf_balloc_free)
    nrf_balloc_init                          0x00029dbd   Thumb Code    60  nrf_balloc.o(i.nrf_balloc_init)
    nrf_ble_gatt_att_mtu_periph_set          0x00029e25   Thumb Code    30  nrf_ble_gatt.o(i.nrf_ble_gatt_att_mtu_periph_set)
    nrf_ble_gatt_init                        0x00029e43   Thumb Code    52  nrf_ble_gatt.o(i.nrf_ble_gatt_init)
    nrf_ble_gatt_on_ble_evt                  0x00029e79   Thumb Code   198  nrf_ble_gatt.o(i.nrf_ble_gatt_on_ble_evt)
    nrf_ble_qwr_conn_handle_assign           0x00029f79   Thumb Code    32  nrf_ble_qwr.o(i.nrf_ble_qwr_conn_handle_assign)
    nrf_ble_qwr_init                         0x00029f99   Thumb Code    50  nrf_ble_qwr.o(i.nrf_ble_qwr_init)
    nrf_ble_qwr_on_ble_evt                   0x00029fcb   Thumb Code   124  nrf_ble_qwr.o(i.nrf_ble_qwr_on_ble_evt)
    nrf_drv_clock_init                       0x0002a081   Thumb Code    54  nrf_drv_clock.o(i.nrf_drv_clock_init)
    nrf_drv_clock_lfclk_release              0x0002a0c1   Thumb Code    42  nrf_drv_clock.o(i.nrf_drv_clock_lfclk_release)
    nrf_fprintf                              0x0002a135   Thumb Code    42  nrf_fprintf.o(i.nrf_fprintf)
    nrf_fprintf_buffer_flush                 0x0002a15f   Thumb Code    28  nrf_fprintf.o(i.nrf_fprintf_buffer_flush)
    nrf_fprintf_fmt                          0x0002a17b   Thumb Code   496  nrf_fprintf_format.o(i.nrf_fprintf_fmt)
    nrf_fstorage_is_busy                     0x0002a36d   Thumb Code    74  nrf_fstorage.o(i.nrf_fstorage_is_busy)
    nrf_fstorage_sdh_req_handler             0x0002a3c1   Thumb Code    22  nrf_fstorage_sd.o(i.nrf_fstorage_sdh_req_handler)
    nrf_fstorage_sdh_state_handler           0x0002a3dd   Thumb Code    40  nrf_fstorage_sd.o(i.nrf_fstorage_sdh_state_handler)
    nrf_fstorage_sys_evt_handler             0x0002a409   Thumb Code   130  nrf_fstorage_sd.o(i.nrf_fstorage_sys_evt_handler)
    nrf_log_backend_add                      0x0002a569   Thumb Code    68  nrf_log_frontend.o(i.nrf_log_backend_add)
    nrf_log_backend_rtt_init                 0x0002a5b3   Thumb Code     8  nrf_log_backend_rtt.o(i.nrf_log_backend_rtt_init)
    nrf_log_backend_serial_put               0x0002a5dd   Thumb Code   242  nrf_log_backend_serial.o(i.nrf_log_backend_serial_put)
    nrf_log_color_id_get                     0x0002a6d1   Thumb Code    52  nrf_log_frontend.o(i.nrf_log_color_id_get)
    nrf_log_default_backends_init            0x0002a709   Thumb Code    32  nrf_log_default_backends.o(i.nrf_log_default_backends_init)
    nrf_log_frontend_dequeue                 0x0002a72d   Thumb Code   734  nrf_log_frontend.o(i.nrf_log_frontend_dequeue)
    nrf_log_frontend_std_0                   0x0002aa2d   Thumb Code    20  nrf_log_frontend.o(i.nrf_log_frontend_std_0)
    nrf_log_frontend_std_1                   0x0002aa41   Thumb Code    24  nrf_log_frontend.o(i.nrf_log_frontend_std_1)
    nrf_log_frontend_std_2                   0x0002aa59   Thumb Code    32  nrf_log_frontend.o(i.nrf_log_frontend_std_2)
    nrf_log_frontend_std_5                   0x0002aa79   Thumb Code    56  nrf_log_frontend.o(i.nrf_log_frontend_std_5)
    nrf_log_hexdump_entry_process            0x0002aab1   Thumb Code   158  nrf_log_str_formatter.o(i.nrf_log_hexdump_entry_process)
    nrf_log_init                             0x0002ab69   Thumb Code    80  nrf_log_frontend.o(i.nrf_log_init)
    nrf_log_module_cnt_get                   0x0002abcd   Thumb Code    10  nrf_log_frontend.o(i.nrf_log_module_cnt_get)
    nrf_log_module_name_get                  0x0002abe1   Thumb Code    30  nrf_log_frontend.o(i.nrf_log_module_name_get)
    nrf_log_panic                            0x0002ac05   Thumb Code    46  nrf_log_frontend.o(i.nrf_log_panic)
    nrf_log_std_entry_process                0x0002ac39   Thumb Code   200  nrf_log_str_formatter.o(i.nrf_log_std_entry_process)
    nrf_memobj_alloc                         0x0002ad01   Thumb Code   122  nrf_memobj.o(i.nrf_memobj_alloc)
    nrf_memobj_free                          0x0002ad7b   Thumb Code    64  nrf_memobj.o(i.nrf_memobj_free)
    nrf_memobj_get                           0x0002adbb   Thumb Code    16  nrf_memobj.o(i.nrf_memobj_get)
    nrf_memobj_pool_init                     0x0002adcb   Thumb Code    12  nrf_memobj.o(i.nrf_memobj_pool_init)
    nrf_memobj_put                           0x0002add7   Thumb Code    30  nrf_memobj.o(i.nrf_memobj_put)
    nrf_memobj_read                          0x0002adf5   Thumb Code    28  nrf_memobj.o(i.nrf_memobj_read)
    nrf_memobj_write                         0x0002ae11   Thumb Code    28  nrf_memobj.o(i.nrf_memobj_write)
    nrf_pwr_mgmt_init                        0x0002ae2d   Thumb Code    46  nrf_pwr_mgmt.o(i.nrf_pwr_mgmt_init)
    nrf_pwr_mgmt_run                         0x0002ae6d   Thumb Code   100  nrf_pwr_mgmt.o(i.nrf_pwr_mgmt_run)
    nrf_sdh_ble_app_ram_start_get            0x0002aef9   Thumb Code    18  nrf_sdh_ble.o(i.nrf_sdh_ble_app_ram_start_get)
    nrf_sdh_ble_default_cfg_set              0x0002af11   Thumb Code   356  nrf_sdh_ble.o(i.nrf_sdh_ble_default_cfg_set)
    nrf_sdh_ble_enable                       0x0002b091   Thumb Code   128  nrf_sdh_ble.o(i.nrf_sdh_ble_enable)
    nrf_sdh_disable_request                  0x0002b285   Thumb Code    90  nrf_sdh.o(i.nrf_sdh_disable_request)
    nrf_sdh_enable_request                   0x0002b2e9   Thumb Code   116  nrf_sdh.o(i.nrf_sdh_enable_request)
    nrf_sdh_evts_poll                        0x0002b371   Thumb Code    44  nrf_sdh.o(i.nrf_sdh_evts_poll)
    nrf_sdh_is_enabled                       0x0002b3a1   Thumb Code     6  nrf_sdh.o(i.nrf_sdh_is_enabled)
    nrf_sdh_request_continue                 0x0002b3ad   Thumb Code    30  nrf_sdh.o(i.nrf_sdh_request_continue)
    nrf_section_iter_init                    0x0002b473   Thumb Code    20  nrf_section_iter.o(i.nrf_section_iter_init)
    nrf_section_iter_next                    0x0002b4b5   Thumb Code    46  nrf_section_iter.o(i.nrf_section_iter_next)
    nrf_strerror_find                        0x0002b4e5   Thumb Code    60  nrf_strerror.o(i.nrf_strerror_find)
    nrf_strerror_get                         0x0002b525   Thumb Code    22  nrf_strerror.o(i.nrf_strerror_get)
    nrfx_clock_enable                        0x0002b599   Thumb Code    16  nrfx_clock.o(i.nrfx_clock_enable)
    nrfx_clock_init                          0x0002b5ad   Thumb Code    30  nrfx_clock.o(i.nrfx_clock_init)
    nrfx_clock_lfclk_stop                    0x0002b5d1   Thumb Code    26  nrfx_clock.o(i.nrfx_clock_lfclk_stop)
    nrfx_uart_tx                             0x0002b6b5   Thumb Code   134  nrfx_uart.o(i.nrfx_uart_tx)
    nrfx_uart_tx_in_progress                 0x0002b741   Thumb Code    30  nrfx_uart.o(i.nrfx_uart_tx_in_progress)
    nrfx_uarte_tx                            0x0002b765   Thumb Code   162  nrfx_uarte.o(i.nrfx_uarte_tx)
    nrfx_uarte_tx_in_progress                0x0002b80d   Thumb Code    26  nrfx_uarte.o(i.nrfx_uarte_tx_in_progress)
    nrfx_wdt_channel_alloc                   0x0002b82d   Thumb Code    74  nrfx_wdt.o(i.nrfx_wdt_channel_alloc)
    nrfx_wdt_enable                          0x0002b881   Thumb Code    24  nrfx_wdt.o(i.nrfx_wdt_enable)
    nrfx_wdt_feed                            0x0002b8a5   Thumb Code    24  nrfx_wdt.o(i.nrfx_wdt_feed)
    nrfx_wdt_init                            0x0002b8c1   Thumb Code   158  nrfx_wdt.o(i.nrfx_wdt_init)
    wdt_event_handler                        0x0002d653   Thumb Code     2  main.o(i.wdt_event_handler)
    nrf_fstorage_sd                          0x0002d808   Data          32  nrf_fstorage_sd.o(.constdata)
    nrf_log_backend_rtt_api                  0x0002d990   Data          12  nrf_log_backend_rtt.o(.constdata)
    m_ram_start                              0x0002da2c   Data           4  nrf_sdh_ble.o(.constdata)
    __ctype_table                            0x0002da4c   Data         129  ctype_o.o(.constdata)
    Region$$Table$$Base                      0x0002e248   Number         0  anon$$obj.o(Region$$Table)
    Region$$Table$$Limit                     0x0002e268   Number         0  anon$$obj.o(Region$$Table)
    log_const_data$$Base                     0x0002e268   Number         0  nrf_ble_gatt.o(log_const_data)
    m_nrf_log_nrf_ble_gatt_logs_data_const   0x0002e268   Data           8  nrf_ble_gatt.o(log_const_data)
    m_nrf_log_ble_nus_logs_data_const        0x0002e270   Data           8  ble_nus.o(log_const_data)
    m_nrf_log_clock_logs_data_const          0x0002e278   Data           8  nrf_drv_clock.o(log_const_data)
    m_nrf_log_CLOCK_logs_data_const          0x0002e280   Data           8  nrfx_clock.o(log_const_data)
    m_nrf_log_GPIOTE_logs_data_const         0x0002e288   Data           8  nrfx_gpiote.o(log_const_data)
    m_nrf_log_PRS_logs_data_const            0x0002e290   Data           8  nrfx_prs.o(log_const_data)
    m_nrf_log_UART_logs_data_const           0x0002e298   Data           8  nrfx_uart.o(log_const_data)
    m_nrf_log_UARTE_logs_data_const          0x0002e2a0   Data           8  nrfx_uarte.o(log_const_data)
    m_nrf_log_WDT_logs_data_const            0x0002e2a8   Data           8  nrfx_wdt.o(log_const_data)
    m_nrf_log_nrf_fstorage_logs_data_const   0x0002e2b0   Data           8  nrf_fstorage.o(log_const_data)
    m_nrf_log_atfifo_m_fifo_logs_data_const  0x0002e2b8   Data           8  nrf_fstorage_sd.o(log_const_data)
    m_nrf_log_pwr_mgmt_logs_data_const       0x0002e2c0   Data           8  nrf_pwr_mgmt.o(log_const_data)
    m_nrf_log_balloc_log_mempool_logs_data_const 0x0002e2c8   Data           8  nrf_log_frontend.o(log_const_data)
    m_nrf_log_app_logs_data_const            0x0002e2d0   Data           8  nrf_log_frontend.o(log_const_data)
    m_nrf_log_nrf_sdh_logs_data_const        0x0002e2d8   Data           8  nrf_sdh.o(log_const_data)
    m_nrf_log_nrf_sdh_ble_logs_data_const    0x0002e2e0   Data           8  nrf_sdh_ble.o(log_const_data)
    m_nrf_log_nrf_sdh_soc_logs_data_const    0x0002e2e8   Data           8  nrf_sdh_soc.o(log_const_data)
    log_const_data$$Limit                    0x0002e2f0   Number         0  nrf_sdh_soc.o(log_const_data)
    log_mempool                              0x0002e2f0   Data          24  nrf_log_frontend.o(nrf_balloc)
    sdh_ble_observers0$$Base                 0x0002e308   Number         0  ble_conn_state.o(sdh_ble_observers0)
    sdh_ble_observers0$$Limit                0x0002e310   Number         0  ble_conn_state.o(sdh_ble_observers0)
    sdh_ble_observers1$$Base                 0x0002e310   Number         0  main.o(sdh_ble_observers1)
    sdh_ble_observers1$$Limit                0x0002e330   Number         0  ble_conn_params.o(sdh_ble_observers1)
    sdh_ble_observers2$$Base                 0x0002e330   Number         0  main.o(sdh_ble_observers2)
    sdh_ble_observers2$$Limit                0x0002e340   Number         0  main.o(sdh_ble_observers2)
    sdh_ble_observers3$$Base                 0x0002e340   Number         0  main.o(sdh_ble_observers3)
    m_req_obs                                0x0002e348   Data           8  nrf_fstorage_sd.o(sdh_req_observers0)
    sdh_ble_observers3$$Limit                0x0002e348   Number         0  main.o(sdh_ble_observers3)
    sdh_req_observers0$$Base                 0x0002e348   Number         0  nrf_fstorage_sd.o(sdh_req_observers0)
    sdh_req_observers0$$Limit                0x0002e350   Number         0  nrf_fstorage_sd.o(sdh_req_observers0)
    sdh_soc_observers0$$Base                 0x0002e350   Number         0  nrf_drv_clock.o(sdh_soc_observers0)
    sdh_soc_observers0$$Limit                0x0002e360   Number         0  nrf_fstorage_sd.o(sdh_soc_observers0)
    sdh_soc_observers1$$Base                 0x0002e360   Number         0  main.o(sdh_soc_observers1)
    sdh_soc_observers1$$Limit                0x0002e368   Number         0  main.o(sdh_soc_observers1)
    sdh_stack_observers0$$Base               0x0002e368   Number         0  nrf_sdh_ble.o(sdh_stack_observers0)
    sdh_stack_observers0$$Limit              0x0002e378   Number         0  nrf_sdh_soc.o(sdh_stack_observers0)
    sdh_state_observers0$$Base               0x0002e378   Number         0  nrf_drv_clock.o(sdh_state_observers0)
    sdh_state_observers0$$Limit              0x0002e388   Number         0  nrf_fstorage_sd.o(sdh_state_observers0)
    Image$$RW_IRAM1$$Base                    0x20002a98   Number         0  anon$$obj.o ABSOLUTE
    m_channel_id                             0x20002ac8   Data           1  main.o(.data)
    A_mode                                   0x20002ac9   Data           1  main.o(.data)
    B_mode                                   0x20002aca   Data           1  main.o(.data)
    nrf_drv_uart_use_easy_dma                0x20002afc   Data           1  nrf_drv_uart.o(.data)
    SystemCoreClock                          0x20002bd4   Data           4  system_nrf52.o(.data)
    log_dynamic_data$$Base                   0x20002bd8   Number         0  nrf_ble_gatt.o(log_dynamic_data)
    m_nrf_log_nrf_ble_gatt_logs_data_dynamic 0x20002bd8   Data           4  nrf_ble_gatt.o(log_dynamic_data)
    m_nrf_log_ble_nus_logs_data_dynamic      0x20002bdc   Data           4  ble_nus.o(log_dynamic_data)
    m_nrf_log_clock_logs_data_dynamic        0x20002be0   Data           4  nrf_drv_clock.o(log_dynamic_data)
    m_nrf_log_CLOCK_logs_data_dynamic        0x20002be4   Data           4  nrfx_clock.o(log_dynamic_data)
    m_nrf_log_GPIOTE_logs_data_dynamic       0x20002be8   Data           4  nrfx_gpiote.o(log_dynamic_data)
    m_nrf_log_PRS_logs_data_dynamic          0x20002bec   Data           4  nrfx_prs.o(log_dynamic_data)
    m_nrf_log_UART_logs_data_dynamic         0x20002bf0   Data           4  nrfx_uart.o(log_dynamic_data)
    m_nrf_log_UARTE_logs_data_dynamic        0x20002bf4   Data           4  nrfx_uarte.o(log_dynamic_data)
    m_nrf_log_WDT_logs_data_dynamic          0x20002bf8   Data           4  nrfx_wdt.o(log_dynamic_data)
    m_nrf_log_nrf_fstorage_logs_data_dynamic 0x20002bfc   Data           4  nrf_fstorage.o(log_dynamic_data)
    m_nrf_log_atfifo_m_fifo_logs_data_dynamic 0x20002c00   Data           4  nrf_fstorage_sd.o(log_dynamic_data)
    m_nrf_log_pwr_mgmt_logs_data_dynamic     0x20002c04   Data           4  nrf_pwr_mgmt.o(log_dynamic_data)
    m_nrf_log_balloc_log_mempool_logs_data_dynamic 0x20002c08   Data           4  nrf_log_frontend.o(log_dynamic_data)
    m_nrf_log_app_logs_data_dynamic          0x20002c0c   Data           4  nrf_log_frontend.o(log_dynamic_data)
    m_nrf_log_nrf_sdh_logs_data_dynamic      0x20002c10   Data           4  nrf_sdh.o(log_dynamic_data)
    m_nrf_log_nrf_sdh_ble_logs_data_dynamic  0x20002c14   Data           4  nrf_sdh_ble.o(log_dynamic_data)
    m_nrf_log_nrf_sdh_soc_logs_data_dynamic  0x20002c18   Data           4  nrf_sdh_soc.o(log_dynamic_data)
    nrf_nvic_state                           0x20003348   Data          12  app_util_platform.o(.bss)
    _SEGGER_RTT                              0x20003924   Data         120  segger_rtt.o(.bss)
    __initial_sp                             0x20005bb0   Data           0  arm_startup_nrf52.o(STACK)



==============================================================================

Memory Map of the image

  Image Entry point : 0x00026201

  Load Region LR_IROM1 (Base: 0x00026000, Size: 0x0000850c, Max: 0x0005a000, ABSOLUTE, COMPRESSED[0x000083e0])

    Execution Region ER_IROM1 (Base: 0x00026000, Size: 0x00008388, Max: 0x0005a000, ABSOLUTE)

    Base Addr    Size         Type   Attr      Idx    E Section Name        Object

    0x00026000   0x00000200   Data   RO         5529    RESET               arm_startup_nrf52.o
    0x00026200   0x00000000   Code   RO         5629  * .ARM.Collect$$$$00000000  mc_w.l(entry.o)
    0x00026200   0x00000004   Code   RO         5676    .ARM.Collect$$$$00000001  mc_w.l(entry2.o)
    0x00026204   0x00000004   Code   RO         5679    .ARM.Collect$$$$00000004  mc_w.l(entry5.o)
    0x00026208   0x00000000   Code   RO         5681    .ARM.Collect$$$$00000008  mc_w.l(entry7b.o)
    0x00026208   0x00000000   Code   RO         5683    .ARM.Collect$$$$0000000A  mc_w.l(entry8b.o)
    0x00026208   0x00000008   Code   RO         5684    .ARM.Collect$$$$0000000B  mc_w.l(entry9a.o)
    0x00026210   0x00000000   Code   RO         5686    .ARM.Collect$$$$0000000D  mc_w.l(entry10a.o)
    0x00026210   0x00000000   Code   RO         5688    .ARM.Collect$$$$0000000F  mc_w.l(entry11a.o)
    0x00026210   0x00000004   Code   RO         5677    .ARM.Collect$$$$00002712  mc_w.l(entry2.o)
    0x00026214   0x0000001a   Code   RO         3102    .emb_text           app_error_handler_keil.o
    0x0002622e   0x00000002   PAD
    0x00026230   0x000000c8   Code   RO         3741    .emb_text           nrf_atfifo.o
    0x000262f8   0x000000e2   Code   RO         3883    .emb_text           nrf_atomic.o
    0x000263da   0x00000002   PAD
    0x000263dc   0x00000024   Code   RO         5530    .text               arm_startup_nrf52.o
    0x00026400   0x00000062   Code   RO         5632    .text               mc_w.l(uldiv.o)
    0x00026462   0x0000001e   Code   RO         5634    .text               mc_w.l(llshl.o)
    0x00026480   0x00000008   Code   RO         5636    .text               mc_w.l(ctype_o.o)
    0x00026488   0x00000024   Code   RO         5664    .text               mc_w.l(memcpya.o)
    0x000264ac   0x00000024   Code   RO         5666    .text               mc_w.l(memseta.o)
    0x000264d0   0x0000000e   Code   RO         5668    .text               mc_w.l(strlen.o)
    0x000264de   0x00000012   Code   RO         5672    .text               mc_w.l(strcpy.o)
    0x000264f0   0x00000020   Code   RO         5690    .text               mc_w.l(llushr.o)
    0x00026510   0x00000024   Code   RO         5692    .text               mc_w.l(init.o)
    0x00026534   0x00000056   Code   RO         5702    .text               mc_w.l(__dczerorl2.o)
    0x0002658a   0x00000002   PAD
    0x0002658c   0x0000021c   Code   RO         2071    i.GPIOTE_IRQHandler  nrfx_gpiote.o
    0x000267a8   0x00000018   Code   RO         3302    i.NVIC_ClearPendingIRQ  app_timer.o
    0x000267c0   0x00000016   Code   RO         3303    i.NVIC_EnableIRQ    app_timer.o
    0x000267d6   0x00000002   PAD
    0x000267d8   0x00000018   Code   RO         3304    i.NVIC_SetPendingIRQ  app_timer.o
    0x000267f0   0x00000028   Code   RO         3305    i.NVIC_SetPriority  app_timer.o
    0x00026818   0x00000054   Code   RO         1914    i.POWER_CLOCK_IRQHandler  nrfx_clock.o
    0x0002686c   0x00000034   Code   RO         3306    i.RTC1_IRQHandler   app_timer.o
    0x000268a0   0x00000008   Code   RO         5050    i.SEGGER_RTT_Init   segger_rtt.o
    0x000268a8   0x00000084   Code   RO         5064    i.SEGGER_RTT_WriteNoLock  segger_rtt.o
    0x0002692c   0x00000008   Code   RO         3307    i.SWI0_EGU0_IRQHandler  app_timer.o
    0x00026934   0x00000008   Code   RO         5302    i.SWI2_EGU2_IRQHandler  nrf_sdh.o
    0x0002693c   0x00000010   Code   RO         5537    i.SystemCoreClockUpdate  system_nrf52.o
    0x0002694c   0x00000298   Code   RO         5538    i.SystemInit        system_nrf52.o
    0x00026be4   0x00000010   Code   RO         2422    i.UARTE0_UART0_IRQHandler  nrfx_prs.o
    0x00026bf4   0x00000040   Code   RO         2927    i.WDT_IRQHandler    nrfx_wdt.o
    0x00026c34   0x00000070   Code   RO         5068    i._DoInit           segger_rtt.o
    0x00026ca4   0x0000001c   Code   RO         5069    i._GetAvailWriteSpace  segger_rtt.o
    0x00026cc0   0x00000072   Code   RO         5071    i._WriteBlocking    segger_rtt.o
    0x00026d32   0x0000004c   Code   RO         5072    i._WriteNoCheck     segger_rtt.o
    0x00026d7e   0x0000000e   Code   RO         5696    i.__scatterload_copy  mc_w.l(handlers.o)
    0x00026d8c   0x00000002   Code   RO         5697    i.__scatterload_null  mc_w.l(handlers.o)
    0x00026d8e   0x0000000e   Code   RO         5698    i.__scatterload_zeroinit  mc_w.l(handlers.o)
    0x00026d9c   0x00000038   Code   RO         5303    i.__sd_nvic_app_accessible_irq  nrf_sdh.o
    0x00026dd4   0x0000000c   Code   RO         3618    i.__sd_nvic_irq_disable  app_util_platform.o
    0x00026de0   0x0000001c   Code   RO         5304    i.__sd_nvic_is_app_accessible_priority  nrf_sdh.o
    0x00026dfc   0x00000018   Code   RO          921    i.addr_is_valid     ble_advertising.o
    0x00026e14   0x00000058   Code   RO          922    i.adv_mode_next_avail_get  ble_advertising.o
    0x00026e6c   0x00000012   Code   RO          923    i.adv_mode_next_get  ble_advertising.o
    0x00026e7e   0x00000054   Code   RO          732    i.advertising_buttons_configure  bsp_btn_ble.o
    0x00026ed2   0x00000002   PAD
    0x00026ed4   0x00000088   Code   RO            4    i.advertising_init  main.o
    0x00026f5c   0x0000003c   Code   RO            5    i.advertising_start  main.o
    0x00026f98   0x000001a8   Code   RO         3124    i.app_error_fault_handler  app_error_weak.o
    0x00027140   0x00000088   Code   RO         3065    i.app_error_save_and_stop  app_error.o
    0x000271c8   0x0000001e   Code   RO         3164    i.app_fifo_get      app_fifo.o
    0x000271e6   0x00000022   Code   RO         3167    i.app_fifo_put      app_fifo.o
    0x00027208   0x0000003c   Code   RO         3310    i.app_timer_create  app_timer.o
    0x00027244   0x0000005c   Code   RO         3311    i.app_timer_init    app_timer.o
    0x000272a0   0x00000054   Code   RO         3314    i.app_timer_start   app_timer.o
    0x000272f4   0x00000030   Code   RO         3315    i.app_timer_stop    app_timer.o
    0x00027324   0x0000006c   Code   RO         3534    i.app_uart_put      app_uart_fifo.o
    0x00027390   0x0000000c   Code   RO         3619    i.app_util_critical_region_enter  app_util_platform.o
    0x0002739c   0x00000048   Code   RO         3620    i.app_util_critical_region_exit  app_util_platform.o
    0x000273e4   0x00000052   Code   RO          794    i.appearance_encode  ble_advdata.o
    0x00027436   0x00000002   PAD
    0x00027438   0x00000038   Code   RO         4778    i.backend_id_assign  nrf_log_frontend.o
    0x00027470   0x0000006c   Code   RO         1359    i.blcm_link_ctx_get  ble_link_ctx_manager.o
    0x000274dc   0x0000016c   Code   RO          796    i.ble_advdata_encode  ble_advdata.o
    0x00027648   0x00000028   Code   RO          798    i.ble_advdata_parse  ble_advdata.o
    0x00027670   0x00000040   Code   RO          799    i.ble_advdata_search  ble_advdata.o
    0x000276b0   0x00000006   Code   RO          924    i.ble_advertising_conn_cfg_tag_set  ble_advertising.o
    0x000276b6   0x00000108   Code   RO          925    i.ble_advertising_init  ble_advertising.o
    0x000277be   0x0000003c   Code   RO          927    i.ble_advertising_on_ble_evt  ble_advertising.o
    0x000277fa   0x00000040   Code   RO          928    i.ble_advertising_on_sys_evt  ble_advertising.o
    0x0002783a   0x00000192   Code   RO          931    i.ble_advertising_start  ble_advertising.o
    0x000279cc   0x0000009c   Code   RO         1080    i.ble_conn_params_init  ble_conn_params.o
    0x00027a68   0x00000014   Code   RO         1180    i.ble_conn_state_conn_idx  ble_conn_state.o
    0x00027a7c   0x0000001c   Code   RO         1193    i.ble_conn_state_valid  ble_conn_state.o
    0x00027a98   0x00000076   Code   RO          802    i.ble_device_addr_encode  ble_advdata.o
    0x00027b0e   0x00000002   PAD
    0x00027b10   0x0000019c   Code   RO            7    i.ble_evt_handler   main.o
    0x00027cac   0x00000078   Code   RO          733    i.ble_evt_handler   bsp_btn_ble.o
    0x00027d24   0x00000040   Code   RO         1082    i.ble_evt_handler   ble_conn_params.o
    0x00027d64   0x000000f4   Code   RO         1194    i.ble_evt_handler   ble_conn_state.o
    0x00027e58   0x0000008c   Code   RO         1633    i.ble_nus_init      ble_nus.o
    0x00027ee4   0x00000044   Code   RO         1634    i.ble_nus_on_ble_evt  ble_nus.o
    0x00027f28   0x00000012   Code   RO         1385    i.ble_srv_is_notification_enabled  ble_srv_common.o
    0x00027f3a   0x00000002   PAD
    0x00027f3c   0x00000078   Code   RO            8    i.ble_stack_init    main.o
    0x00027fb4   0x0000000c   Code   RO          473    i.bsp_board_button_idx_to_pin  boards.o
    0x00027fc0   0x00000030   Code   RO          478    i.bsp_board_led_invert  boards.o
    0x00027ff0   0x00000014   Code   RO          479    i.bsp_board_led_off  boards.o
    0x00028004   0x00000014   Code   RO          480    i.bsp_board_led_on  boards.o
    0x00028018   0x00000030   Code   RO          481    i.bsp_board_led_state_get  boards.o
    0x00028048   0x00000014   Code   RO          483    i.bsp_board_leds_off  boards.o
    0x0002805c   0x00000014   Code   RO          484    i.bsp_board_leds_on  boards.o
    0x00028070   0x00000024   Code   RO          485    i.bsp_board_pin_to_button_idx  boards.o
    0x00028094   0x00000032   Code   RO          735    i.bsp_btn_ble_sleep_mode_prepare  bsp_btn_ble.o
    0x000280c6   0x00000002   PAD
    0x000280c8   0x000000c4   Code   RO          619    i.bsp_button_event_handler  bsp.o
    0x0002818c   0x0000005c   Code   RO          623    i.bsp_event_to_button_action_assign  bsp.o
    0x000281e8   0x00000020   Code   RO          624    i.bsp_indication_set  bsp.o
    0x00028208   0x0000037c   Code   RO          626    i.bsp_led_indication  bsp.o
    0x00028584   0x0000000e   Code   RO          628    i.bsp_wakeup_button_enable  bsp.o
    0x00028592   0x00000002   PAD
    0x00028594   0x000000e4   Code   RO         4779    i.buf_prealloc      nrf_log_frontend.o
    0x00028678   0x00000020   Code   RO         4108    i.buffer_add        nrf_fprintf_format.o
    0x00028698   0x00000018   Code   RO         4780    i.buffer_is_empty   nrf_log_frontend.o
    0x000286b0   0x0000000e   Code   RO           10    i.buttons_leds_init  main.o
    0x000286be   0x00000002   PAD
    0x000286c0   0x00000010   Code   RO         2073    i.channel_handler_get  nrfx_gpiote.o
    0x000286d0   0x0000000c   Code   RO         2075    i.channel_port_get  nrfx_gpiote.o
    0x000286dc   0x00000030   Code   RO         1702    i.clock_clk_started_notify  nrf_drv_clock.o
    0x0002870c   0x00000028   Code   RO         1703    i.clock_irq_handler  nrf_drv_clock.o
    0x00028734   0x00000090   Code   RO         3317    i.compare_reg_update  app_timer.o
    0x000287c4   0x00000028   Code   RO          933    i.config_is_valid   ble_advertising.o
    0x000287ec   0x0000003c   Code   RO         1195    i.conn_handle_list_get  ble_conn_state.o
    0x00028828   0x0000005a   Code   RO          803    i.conn_int_check    ble_advdata.o
    0x00028882   0x00000068   Code   RO          804    i.conn_int_encode   ble_advdata.o
    0x000288ea   0x00000002   PAD
    0x000288ec   0x00000028   Code   RO           11    i.conn_params_error_handler  main.o
    0x00028914   0x00000070   Code   RO           12    i.conn_params_init  main.o
    0x00028984   0x00000054   Code   RO         1083    i.conn_params_negotiation  ble_conn_params.o
    0x000289d8   0x00000054   Code   RO          736    i.connection_buttons_configure  bsp_btn_ble.o
    0x00028a2c   0x000000d8   Code   RO         1454    i.data_length_update  nrf_ble_gatt.o
    0x00028b04   0x00000018   Code   RO         4782    i.dropped_sat16_get  nrf_log_frontend.o
    0x00028b1c   0x00000064   Code   RO         3318    i.elapsed_ticks_acquire  app_timer.o
    0x00028b80   0x00000058   Code   RO         4242    i.erase             nrf_fstorage_sd.o
    0x00028bd8   0x0000000e   Code   RO         4243    i.erase_execute     nrf_fstorage_sd.o
    0x00028be6   0x00000002   PAD
    0x00028be8   0x00000054   Code   RO         5539    i.errata_108        system_nrf52.o
    0x00028c3c   0x00000054   Code   RO         5540    i.errata_12         system_nrf52.o
    0x00028c90   0x00000054   Code   RO         5541    i.errata_136        system_nrf52.o
    0x00028ce4   0x00000030   Code   RO         5542    i.errata_16         system_nrf52.o
    0x00028d14   0x00000020   Code   RO         5543    i.errata_182        system_nrf52.o
    0x00028d34   0x00000054   Code   RO         5544    i.errata_31         system_nrf52.o
    0x00028d88   0x00000030   Code   RO         5545    i.errata_32         system_nrf52.o
    0x00028db8   0x00000054   Code   RO         5546    i.errata_36         system_nrf52.o
    0x00028e0c   0x00000030   Code   RO         5547    i.errata_37         system_nrf52.o
    0x00028e3c   0x00000030   Code   RO         5548    i.errata_57         system_nrf52.o
    0x00028e6c   0x00000030   Code   RO         5549    i.errata_66         system_nrf52.o
    0x00028e9c   0x00000068   Code   RO         4244    i.event_send        nrf_fstorage_sd.o
    0x00028f04   0x00000058   Code   RO         3319    i.expired_timers_handler  app_timer.o
    0x00028f5c   0x00000018   Code   RO         3170    i.fifo_get          app_fifo.o
    0x00028f74   0x0000000a   Code   RO         3171    i.fifo_length       app_fifo.o
    0x00028f7e   0x00000012   Code   RO         3172    i.fifo_peek         app_fifo.o
    0x00028f90   0x00000012   Code   RO         3173    i.fifo_put          app_fifo.o
    0x00028fa2   0x00000036   Code   RO          805    i.flags_encode      ble_advdata.o
    0x00028fd8   0x0000002a   Code   RO          934    i.flags_set         ble_advertising.o
    0x00029002   0x0000000a   Code   RO          935    i.flash_access_in_progress  ble_advertising.o
    0x0002900c   0x0000009c   Code   RO           13    i.gap_params_init   main.o
    0x000290a8   0x00000064   Code   RO           14    i.gatt_evt_handler  main.o
    0x0002910c   0x00000060   Code   RO           15    i.gatt_init         main.o
    0x0002916c   0x0000000c   Code   RO           16    i.idle_state_handle  main.o
    0x00029178   0x0000003c   Code   RO         4245    i.init              nrf_fstorage_sd.o
    0x000291b4   0x0000002c   Code   RO         1084    i.instance_get      ble_conn_params.o
    0x000291e0   0x000000be   Code   RO         4109    i.int_print         nrf_fprintf_format.o
    0x0002929e   0x0000006c   Code   RO         4784    i.invalid_packets_pushed_str_omit  nrf_log_frontend.o
    0x0002930a   0x00000002   PAD
    0x0002930c   0x00000014   Code   RO         4246    i.is_busy           nrf_fstorage_sd.o
    0x00029320   0x00000072   Code   RO         1085    i.is_conn_params_ok  ble_conn_params.o
    0x00029392   0x0000000c   Code   RO         1706    i.item_dequeue      nrf_drv_clock.o
    0x0002939e   0x00000002   PAD
    0x000293a0   0x00000028   Code   RO          630    i.leds_off          bsp.o
    0x000293c8   0x00000014   Code   RO         1708    i.lfclk_stop        nrf_drv_clock.o
    0x000293dc   0x00000018   Code   RO         1455    i.link_init         nrf_ble_gatt.o
    0x000293f4   0x0000013c   Code   RO         3320    i.list_insertions_handler  app_timer.o
    0x00029530   0x0000003c   Code   RO           17    i.log_init          main.o
    0x0002956c   0x000000c8   Code   RO         4785    i.log_skip          nrf_log_frontend.o
    0x00029634   0x00000304   Code   RO           18    i.main              main.o
    0x00029938   0x00000076   Code   RO          806    i.manuf_specific_data_encode  ble_advdata.o
    0x000299ae   0x000000ae   Code   RO         4380    i.memobj_op         nrf_memobj.o
    0x00029a5c   0x00000038   Code   RO         4786    i.module_idx_get    nrf_log_frontend.o
    0x00029a94   0x000000be   Code   RO          807    i.name_encode       ble_advdata.o
    0x00029b52   0x00000016   Code   RO         3743    i.nrf_atfifo_clear  nrf_atfifo.o
    0x00029b68   0x00000028   Code   RO         3745    i.nrf_atfifo_init   nrf_atfifo.o
    0x00029b90   0x0000001c   Code   RO         3746    i.nrf_atfifo_item_alloc  nrf_atfifo.o
    0x00029bac   0x0000001c   Code   RO         3747    i.nrf_atfifo_item_free  nrf_atfifo.o
    0x00029bc8   0x0000001c   Code   RO         3748    i.nrf_atfifo_item_get  nrf_atfifo.o
    0x00029be4   0x0000001c   Code   RO         3749    i.nrf_atfifo_item_put  nrf_atfifo.o
    0x00029c00   0x0000001e   Code   RO         3817    i.nrf_atflags_clear  nrf_atflags.o
    0x00029c1e   0x0000001e   Code   RO         3822    i.nrf_atflags_get   nrf_atflags.o
    0x00029c3c   0x0000001e   Code   RO         3824    i.nrf_atflags_set   nrf_atflags.o
    0x00029c5a   0x0000000e   Code   RO         3885    i.nrf_atomic_flag_clear_fetch  nrf_atomic.o
    0x00029c68   0x0000000e   Code   RO         3886    i.nrf_atomic_flag_set  nrf_atomic.o
    0x00029c76   0x0000000e   Code   RO         3887    i.nrf_atomic_flag_set_fetch  nrf_atomic.o
    0x00029c84   0x00000016   Code   RO         3888    i.nrf_atomic_u32_add  nrf_atomic.o
    0x00029c9a   0x00000016   Code   RO         3889    i.nrf_atomic_u32_and  nrf_atomic.o
    0x00029cb0   0x00000016   Code   RO         3892    i.nrf_atomic_u32_fetch_and  nrf_atomic.o
    0x00029cc6   0x00000016   Code   RO         3893    i.nrf_atomic_u32_fetch_or  nrf_atomic.o
    0x00029cdc   0x00000016   Code   RO         3894    i.nrf_atomic_u32_fetch_store  nrf_atomic.o
    0x00029cf2   0x00000016   Code   RO         3898    i.nrf_atomic_u32_or  nrf_atomic.o
    0x00029d08   0x00000016   Code   RO         3900    i.nrf_atomic_u32_sub  nrf_atomic.o
    0x00029d1e   0x00000052   Code   RO         4022    i.nrf_balloc_alloc  nrf_balloc.o
    0x00029d70   0x00000010   Code   RO         4023    i.nrf_balloc_block2idx  nrf_balloc.o
    0x00029d80   0x00000030   Code   RO         4024    i.nrf_balloc_free   nrf_balloc.o
    0x00029db0   0x0000000c   Code   RO         4025    i.nrf_balloc_idx2block  nrf_balloc.o
    0x00029dbc   0x0000003c   Code   RO         4026    i.nrf_balloc_init   nrf_balloc.o
    0x00029df8   0x00000016   Code   RO         2076    i.nrf_bitmask_bit_is_set  nrfx_gpiote.o
    0x00029e0e   0x00000016   Code   RO         2077    i.nrf_bitmask_bit_set  nrfx_gpiote.o
    0x00029e24   0x0000001e   Code   RO         1457    i.nrf_ble_gatt_att_mtu_periph_set  nrf_ble_gatt.o
    0x00029e42   0x00000034   Code   RO         1461    i.nrf_ble_gatt_init  nrf_ble_gatt.o
    0x00029e76   0x00000002   PAD
    0x00029e78   0x00000100   Code   RO         1462    i.nrf_ble_gatt_on_ble_evt  nrf_ble_gatt.o
    0x00029f78   0x00000020   Code   RO         1576    i.nrf_ble_qwr_conn_handle_assign  nrf_ble_qwr.o
    0x00029f98   0x00000032   Code   RO         1577    i.nrf_ble_qwr_init  nrf_ble_qwr.o
    0x00029fca   0x0000007c   Code   RO         1578    i.nrf_ble_qwr_on_ble_evt  nrf_ble_qwr.o
    0x0002a046   0x00000012   Code   RO         1915    i.nrf_clock_event_check  nrfx_clock.o
    0x0002a058   0x00000012   Code   RO         1916    i.nrf_clock_event_clear  nrfx_clock.o
    0x0002a06a   0x00000002   PAD
    0x0002a06c   0x0000000c   Code   RO         1917    i.nrf_clock_int_disable  nrfx_clock.o
    0x0002a078   0x00000008   Code   RO         1919    i.nrf_clock_task_trigger  nrfx_clock.o
    0x0002a080   0x00000040   Code   RO         1714    i.nrf_drv_clock_init  nrf_drv_clock.o
    0x0002a0c0   0x00000030   Code   RO         1718    i.nrf_drv_clock_lfclk_release  nrf_drv_clock.o
    0x0002a0f0   0x00000044   Code   RO         3537    i.nrf_drv_uart_tx   app_uart_fifo.o
    0x0002a134   0x0000002a   Code   RO         4069    i.nrf_fprintf       nrf_fprintf.o
    0x0002a15e   0x0000001c   Code   RO         4070    i.nrf_fprintf_buffer_flush  nrf_fprintf.o
    0x0002a17a   0x000001f0   Code   RO         4110    i.nrf_fprintf_fmt   nrf_fprintf_format.o
    0x0002a36a   0x00000002   PAD
    0x0002a36c   0x00000054   Code   RO         4158    i.nrf_fstorage_is_busy  nrf_fstorage.o
    0x0002a3c0   0x0000001c   Code   RO         4247    i.nrf_fstorage_sdh_req_handler  nrf_fstorage_sd.o
    0x0002a3dc   0x0000002c   Code   RO         4248    i.nrf_fstorage_sdh_state_handler  nrf_fstorage_sd.o
    0x0002a408   0x0000008c   Code   RO         4249    i.nrf_fstorage_sys_evt_handler  nrf_fstorage_sd.o
    0x0002a494   0x00000032   Code   RO         2080    i.nrf_gpio_cfg_sense_set  nrfx_gpiote.o
    0x0002a4c6   0x0000003a   Code   RO          488    i.nrf_gpio_pin_write  boards.o
    0x0002a500   0x00000028   Code   RO         2084    i.nrf_gpio_ports_read  nrfx_gpiote.o
    0x0002a528   0x0000000c   Code   RO         2085    i.nrf_gpiote_event_addr_get  nrfx_gpiote.o
    0x0002a534   0x0000001c   Code   RO         2086    i.nrf_gpiote_event_clear  nrfx_gpiote.o
    0x0002a550   0x00000016   Code   RO         2087    i.nrf_gpiote_event_is_set  nrfx_gpiote.o
    0x0002a566   0x00000002   PAD
    0x0002a568   0x00000048   Code   RO         4787    i.nrf_log_backend_add  nrf_log_frontend.o
    0x0002a5b0   0x00000002   Code   RO         4640    i.nrf_log_backend_rtt_flush  nrf_log_backend_rtt.o
    0x0002a5b2   0x00000008   Code   RO         4641    i.nrf_log_backend_rtt_init  nrf_log_backend_rtt.o
    0x0002a5ba   0x00000002   Code   RO         4642    i.nrf_log_backend_rtt_panic_set  nrf_log_backend_rtt.o
    0x0002a5bc   0x00000020   Code   RO         4643    i.nrf_log_backend_rtt_put  nrf_log_backend_rtt.o
    0x0002a5dc   0x000000f2   Code   RO         4711    i.nrf_log_backend_serial_put  nrf_log_backend_serial.o
    0x0002a6ce   0x00000002   PAD
    0x0002a6d0   0x00000038   Code   RO         4789    i.nrf_log_color_id_get  nrf_log_frontend.o
    0x0002a708   0x00000024   Code   RO         4745    i.nrf_log_default_backends_init  nrf_log_default_backends.o
    0x0002a72c   0x00000300   Code   RO         4790    i.nrf_log_frontend_dequeue  nrf_log_frontend.o
    0x0002aa2c   0x00000014   Code   RO         4792    i.nrf_log_frontend_std_0  nrf_log_frontend.o
    0x0002aa40   0x00000018   Code   RO         4793    i.nrf_log_frontend_std_1  nrf_log_frontend.o
    0x0002aa58   0x00000020   Code   RO         4794    i.nrf_log_frontend_std_2  nrf_log_frontend.o
    0x0002aa78   0x00000038   Code   RO         4797    i.nrf_log_frontend_std_5  nrf_log_frontend.o
    0x0002aab0   0x000000b8   Code   RO         4986    i.nrf_log_hexdump_entry_process  nrf_log_str_formatter.o
    0x0002ab68   0x00000064   Code   RO         4799    i.nrf_log_init      nrf_log_frontend.o
    0x0002abcc   0x00000014   Code   RO         4800    i.nrf_log_module_cnt_get  nrf_log_frontend.o
    0x0002abe0   0x00000024   Code   RO         4804    i.nrf_log_module_name_get  nrf_log_frontend.o
    0x0002ac04   0x00000034   Code   RO         4805    i.nrf_log_panic     nrf_log_frontend.o
    0x0002ac38   0x000000c8   Code   RO         4987    i.nrf_log_std_entry_process  nrf_log_str_formatter.o
    0x0002ad00   0x0000007a   Code   RO         4381    i.nrf_memobj_alloc  nrf_memobj.o
    0x0002ad7a   0x00000040   Code   RO         4382    i.nrf_memobj_free   nrf_memobj.o
    0x0002adba   0x00000010   Code   RO         4383    i.nrf_memobj_get    nrf_memobj.o
    0x0002adca   0x0000000c   Code   RO         4384    i.nrf_memobj_pool_init  nrf_memobj.o
    0x0002add6   0x0000001e   Code   RO         4385    i.nrf_memobj_put    nrf_memobj.o
    0x0002adf4   0x0000001c   Code   RO         4386    i.nrf_memobj_read   nrf_memobj.o
    0x0002ae10   0x0000001c   Code   RO         4387    i.nrf_memobj_write  nrf_memobj.o
    0x0002ae2c   0x00000040   Code   RO         4460    i.nrf_pwr_mgmt_init  nrf_pwr_mgmt.o
    0x0002ae6c   0x00000068   Code   RO         4461    i.nrf_pwr_mgmt_run  nrf_pwr_mgmt.o
    0x0002aed4   0x00000024   Code   RO           19    i.nrf_qwr_error_handler  main.o
    0x0002aef8   0x00000018   Code   RO         5443    i.nrf_sdh_ble_app_ram_start_get  nrf_sdh_ble.o
    0x0002af10   0x00000180   Code   RO         5444    i.nrf_sdh_ble_default_cfg_set  nrf_sdh_ble.o
    0x0002b090   0x00000138   Code   RO         5445    i.nrf_sdh_ble_enable  nrf_sdh_ble.o
    0x0002b1c8   0x000000bc   Code   RO         5446    i.nrf_sdh_ble_evts_poll  nrf_sdh_ble.o
    0x0002b284   0x00000064   Code   RO         5305    i.nrf_sdh_disable_request  nrf_sdh.o
    0x0002b2e8   0x00000088   Code   RO         5306    i.nrf_sdh_enable_request  nrf_sdh.o
    0x0002b370   0x00000030   Code   RO         5307    i.nrf_sdh_evts_poll  nrf_sdh.o
    0x0002b3a0   0x0000000c   Code   RO         5308    i.nrf_sdh_is_enabled  nrf_sdh.o
    0x0002b3ac   0x00000028   Code   RO         5310    i.nrf_sdh_request_continue  nrf_sdh.o
    0x0002b3d4   0x00000098   Code   RO         5499    i.nrf_sdh_soc_evts_poll  nrf_sdh_soc.o
    0x0002b46c   0x00000006   Code   RO         5313    i.nrf_section_iter_get  nrf_sdh.o
    0x0002b472   0x00000014   Code   RO         4535    i.nrf_section_iter_init  nrf_section_iter.o
    0x0002b486   0x0000002e   Code   RO         4536    i.nrf_section_iter_item_set  nrf_section_iter.o
    0x0002b4b4   0x0000002e   Code   RO         4537    i.nrf_section_iter_next  nrf_section_iter.o
    0x0002b4e2   0x00000002   PAD
    0x0002b4e4   0x00000040   Code   RO         4570    i.nrf_strerror_find  nrf_strerror.o
    0x0002b524   0x0000001c   Code   RO         4571    i.nrf_strerror_get  nrf_strerror.o
    0x0002b540   0x0000000e   Code   RO         2482    i.nrf_uart_event_check  nrfx_uart.o
    0x0002b54e   0x0000000e   Code   RO         2483    i.nrf_uart_event_clear  nrfx_uart.o
    0x0002b55c   0x00000006   Code   RO         2488    i.nrf_uart_task_trigger  nrfx_uart.o
    0x0002b562   0x0000000e   Code   RO         2727    i.nrf_uarte_event_check  nrfx_uarte.o
    0x0002b570   0x0000000e   Code   RO         2728    i.nrf_uarte_event_clear  nrfx_uarte.o
    0x0002b57e   0x00000006   Code   RO         2733    i.nrf_uarte_task_trigger  nrfx_uarte.o
    0x0002b584   0x00000014   Code   RO         2928    i.nrf_wdt_reload_request_set  nrfx_wdt.o
    0x0002b598   0x00000014   Code   RO         1925    i.nrfx_clock_enable  nrfx_clock.o
    0x0002b5ac   0x00000024   Code   RO         1928    i.nrfx_clock_init   nrfx_clock.o
    0x0002b5d0   0x00000020   Code   RO         1931    i.nrfx_clock_lfclk_stop  nrfx_clock.o
    0x0002b5f0   0x00000018   Code   RO         3321    i.nrfx_coredep_delay_us  app_timer.o
    0x0002b608   0x00000014   Code   RO         2736    i.nrfx_is_in_ram    nrfx_uarte.o
    0x0002b61c   0x00000098   Code   RO         1933    i.nrfx_power_clock_irq_init  nrfx_clock.o
    0x0002b6b4   0x0000008c   Code   RO         2499    i.nrfx_uart_tx      nrfx_uart.o
    0x0002b740   0x00000024   Code   RO         2501    i.nrfx_uart_tx_in_progress  nrfx_uart.o
    0x0002b764   0x000000a8   Code   RO         2743    i.nrfx_uarte_tx     nrfx_uarte.o
    0x0002b80c   0x00000020   Code   RO         2745    i.nrfx_uarte_tx_in_progress  nrfx_uarte.o
    0x0002b82c   0x00000054   Code   RO         2929    i.nrfx_wdt_channel_alloc  nrfx_wdt.o
    0x0002b880   0x00000024   Code   RO         2931    i.nrfx_wdt_enable   nrfx_wdt.o
    0x0002b8a4   0x0000001c   Code   RO         2932    i.nrfx_wdt_feed     nrfx_wdt.o
    0x0002b8c0   0x000000b8   Code   RO         2933    i.nrfx_wdt_init     nrfx_wdt.o
    0x0002b978   0x000000b4   Code   RO           20    i.nus_data_handler  main.o
    0x0002ba2c   0x00000048   Code   RO           21    i.on_adv_evt        main.o
    0x0002ba74   0x00000040   Code   RO           22    i.on_conn_params_evt  main.o
    0x0002bab4   0x00000030   Code   RO         1086    i.on_conn_params_update  ble_conn_params.o
    0x0002bae4   0x00000070   Code   RO         1087    i.on_connect        ble_conn_params.o
    0x0002bb54   0x00000074   Code   RO         1635    i.on_connect        ble_nus.o
    0x0002bbc8   0x0000000e   Code   RO          936    i.on_connected      ble_advertising.o
    0x0002bbd6   0x00000002   PAD
    0x0002bbd8   0x000000bc   Code   RO         1463    i.on_connected_evt  nrf_ble_gatt.o
    0x0002bc94   0x00000054   Code   RO         1464    i.on_data_length_update_evt  nrf_ble_gatt.o
    0x0002bce8   0x00000030   Code   RO         1465    i.on_data_length_update_request_evt  nrf_ble_gatt.o
    0x0002bd18   0x00000032   Code   RO         1088    i.on_disconnect     ble_conn_params.o
    0x0002bd4a   0x00000032   Code   RO          937    i.on_disconnected   ble_advertising.o
    0x0002bd7c   0x00000014   Code   RO         1466    i.on_disconnected_evt  nrf_ble_gatt.o
    0x0002bd90   0x000000c0   Code   RO         1467    i.on_exchange_mtu_request_evt  nrf_ble_gatt.o
    0x0002be50   0x00000064   Code   RO         1468    i.on_exchange_mtu_rsp_evt  nrf_ble_gatt.o
    0x0002beb4   0x00000044   Code   RO         1636    i.on_hvx_tx_complete  ble_nus.o
    0x0002bef8   0x00000024   Code   RO         4250    i.on_operation_failure  nrf_fstorage_sd.o
    0x0002bf1c   0x00000060   Code   RO         4251    i.on_operation_success  nrf_fstorage_sd.o
    0x0002bf7c   0x0000006a   Code   RO         1579    i.on_rw_authorize_request  nrf_ble_qwr.o
    0x0002bfe6   0x00000040   Code   RO          938    i.on_terminated     ble_advertising.o
    0x0002c026   0x00000002   Code   RO         1580    i.on_user_mem_release  nrf_ble_qwr.o
    0x0002c028   0x00000020   Code   RO         1581    i.on_user_mem_request  nrf_ble_qwr.o
    0x0002c048   0x00000058   Code   RO         1089    i.on_write          ble_conn_params.o
    0x0002c0a0   0x00000094   Code   RO         1637    i.on_write          ble_nus.o
    0x0002c134   0x00000016   Code   RO          939    i.phy_is_valid      ble_advertising.o
    0x0002c14a   0x00000002   PAD
    0x0002c14c   0x00000048   Code   RO         4989    i.postfix_process   nrf_log_str_formatter.o
    0x0002c194   0x00000034   Code   RO           23    i.power_management_init  main.o
    0x0002c1c8   0x000000a4   Code   RO         4990    i.prefix_process    nrf_log_str_formatter.o
    0x0002c26c   0x00000018   Code   RO         4252    i.queue_free        nrf_fstorage_sd.o
    0x0002c284   0x0000002c   Code   RO         4253    i.queue_load_next   nrf_fstorage_sd.o
    0x0002c2b0   0x00000090   Code   RO         4254    i.queue_process     nrf_fstorage_sd.o
    0x0002c340   0x0000001c   Code   RO         4255    i.queue_start       nrf_fstorage_sd.o
    0x0002c35c   0x00000010   Code   RO         5447    i.ram_end_address_get  nrf_sdh_ble.o
    0x0002c36c   0x0000001c   Code   RO         4256    i.read              nrf_fstorage_sd.o
    0x0002c388   0x00000028   Code   RO         1197    i.record_activate   ble_conn_state.o
    0x0002c3b0   0x00000020   Code   RO         1198    i.record_invalidate  ble_conn_state.o
    0x0002c3d0   0x00000048   Code   RO         1199    i.record_purge_disconnected  ble_conn_state.o
    0x0002c418   0x00000014   Code   RO         1200    i.record_set_disconnected  ble_conn_state.o
    0x0002c42c   0x00000006   Code   RO         4257    i.rmap              nrf_fstorage_sd.o
    0x0002c432   0x00000002   PAD
    0x0002c434   0x0000000c   Code   RO         3322    i.rtc1_compare0_set  app_timer.o
    0x0002c440   0x0000000c   Code   RO         3323    i.rtc1_counter_get  app_timer.o
    0x0002c44c   0x00000018   Code   RO         3324    i.rtc1_init         app_timer.o
    0x0002c464   0x0000003c   Code   RO         3325    i.rtc1_start        app_timer.o
    0x0002c4a0   0x00000058   Code   RO         3326    i.rtc1_stop         app_timer.o
    0x0002c4f8   0x000000ee   Code   RO         1638    i.rx_char_add       ble_nus.o
    0x0002c5e6   0x00000002   PAD
    0x0002c5e8   0x00000088   Code   RO         5314    i.sd_nvic_EnableIRQ  nrf_sdh.o
    0x0002c670   0x00000050   Code   RO         5315    i.sd_nvic_SetPriority  nrf_sdh.o
    0x0002c6c0   0x00000068   Code   RO         3625    i.sd_nvic_critical_region_enter  app_util_platform.o
    0x0002c728   0x00000068   Code   RO         1721    i.sd_state_evt_handler  nrf_drv_clock.o
    0x0002c790   0x0000003c   Code   RO         5316    i.sdh_request_observer_notify  nrf_sdh.o
    0x0002c7cc   0x00000034   Code   RO         5317    i.sdh_state_observer_notify  nrf_sdh.o
    0x0002c800   0x00000018   Code   RO         1090    i.send_error_evt    ble_conn_params.o
    0x0002c818   0x00000024   Code   RO         1091    i.send_update_request  ble_conn_params.o
    0x0002c83c   0x00000084   Code   RO         4644    i.serial_tx         nrf_log_backend_rtt.o
    0x0002c8c0   0x00000096   Code   RO          808    i.service_data_encode  ble_advdata.o
    0x0002c956   0x00000002   PAD
    0x0002c958   0x00000078   Code   RO           24    i.services_init     main.o
    0x0002c9d0   0x00000030   Code   RO          940    i.set_adv_mode_directed  ble_advertising.o
    0x0002ca00   0x00000024   Code   RO          941    i.set_adv_mode_directed_high_duty  ble_advertising.o
    0x0002ca24   0x0000005c   Code   RO          942    i.set_adv_mode_fast  ble_advertising.o
    0x0002ca80   0x0000005c   Code   RO          943    i.set_adv_mode_slow  ble_advertising.o
    0x0002cadc   0x00000070   Code   RO           25    i.sleep_mode_enter  main.o
    0x0002cb4c   0x0000001c   Code   RO         1722    i.soc_evt_handler   nrf_drv_clock.o
    0x0002cb68   0x000000ac   Code   RO         5318    i.softdevice_evt_irq_disable  nrf_sdh.o
    0x0002cc14   0x00000060   Code   RO         5319    i.softdevices_evt_irq_enable  nrf_sdh.o
    0x0002cc74   0x00000064   Code   RO         4807    i.std_header_set    nrf_log_frontend.o
    0x0002ccd8   0x00000070   Code   RO         4808    i.std_n             nrf_log_frontend.o
    0x0002cd48   0x00000074   Code   RO         4111    i.string_print      nrf_fprintf_format.o
    0x0002cdbc   0x00000080   Code   RO         5320    i.swi_interrupt_priority_workaround  nrf_sdh.o
    0x0002ce3c   0x0000000a   Code   RO         3327    i.ticks_diff_get    app_timer.o
    0x0002ce46   0x0000000c   Code   RO         3328    i.timeout_handler_exec  app_timer.o
    0x0002ce52   0x00000002   PAD
    0x0002ce54   0x00000050   Code   RO         3329    i.timer_list_handler  app_timer.o
    0x0002cea4   0x0000000a   Code   RO         3330    i.timer_list_handler_sched  app_timer.o
    0x0002ceae   0x00000002   PAD
    0x0002ceb0   0x00000068   Code   RO         3331    i.timer_list_insert  app_timer.o
    0x0002cf18   0x00000088   Code   RO         3332    i.timer_list_remove  app_timer.o
    0x0002cfa0   0x0000005e   Code   RO         3333    i.timer_start_op_schedule  app_timer.o
    0x0002cffe   0x00000042   Code   RO         3334    i.timer_stop_op_schedule  app_timer.o
    0x0002d040   0x00000098   Code   RO         3335    i.timer_timeouts_check  app_timer.o
    0x0002d0d8   0x0000000a   Code   RO         3336    i.timer_timeouts_check_sched  app_timer.o
    0x0002d0e2   0x00000002   PAD
    0x0002d0e4   0x00000030   Code   RO           26    i.timers_init       main.o
    0x0002d114   0x00000002   Code   RO         4991    i.timestamp_print   nrf_log_str_formatter.o
    0x0002d116   0x00000036   Code   RO         2507    i.tx_blocking       nrfx_uart.o
    0x0002d14c   0x00000026   Code   RO         2508    i.tx_byte           nrfx_uart.o
    0x0002d172   0x00000134   Code   RO         1639    i.tx_char_add       ble_nus.o
    0x0002d2a6   0x00000036   Code   RO          809    i.tx_power_level_encode  ble_advdata.o
    0x0002d2dc   0x0000000c   Code   RO         1390    i.uint16_decode     ble_srv_common.o
    0x0002d2e8   0x0000000c   Code   RO          810    i.uint16_encode     ble_advdata.o
    0x0002d2f4   0x00000024   Code   RO         4258    i.uninit            nrf_fstorage_sd.o
    0x0002d318   0x000000b8   Code   RO         4112    i.unsigned_print    nrf_fprintf_format.o
    0x0002d3d0   0x00000074   Code   RO         1092    i.update_timeout_handler  ble_conn_params.o
    0x0002d444   0x0000001e   Code   RO          944    i.use_whitelist     ble_advertising.o
    0x0002d462   0x0000002c   Code   RO         1582    i.user_mem_reply    nrf_ble_qwr.o
    0x0002d48e   0x00000002   PAD
    0x0002d490   0x0000003c   Code   RO         3337    i.user_op_alloc     app_timer.o
    0x0002d4cc   0x0000000c   Code   RO         3338    i.user_op_enque     app_timer.o
    0x0002d4d8   0x0000004e   Code   RO          811    i.uuid_list_encode  ble_advdata.o
    0x0002d526   0x000000d6   Code   RO          812    i.uuid_list_sized_encode  ble_advdata.o
    0x0002d5fc   0x00000056   Code   RO          632    i.wakeup_button_cfg  bsp.o
    0x0002d652   0x00000002   Code   RO           29    i.wdt_event_handler  main.o
    0x0002d654   0x00000002   Code   RO           30    i.wdt_handler       main.o
    0x0002d656   0x00000008   Code   RO          945    i.whitelist_has_entries  ble_advertising.o
    0x0002d65e   0x00000006   Code   RO         4259    i.wmap              nrf_fstorage_sd.o
    0x0002d664   0x00000054   Code   RO         4260    i.write             nrf_fstorage_sd.o
    0x0002d6b8   0x00000058   Code   RO         4261    i.write_execute     nrf_fstorage_sd.o
    0x0002d710   0x00000034   Data   RO           32    .constdata          main.o
    0x0002d744   0x00000008   Data   RO          489    .constdata          boards.o
    0x0002d74c   0x0000002c   Data   RO          634    .constdata          bsp.o
    0x0002d778   0x00000016   Data   RO         1469    .constdata          nrf_ble_gatt.o
    0x0002d78e   0x00000002   PAD
    0x0002d790   0x00000010   Data   RO         1640    .constdata          ble_nus.o
    0x0002d7a0   0x0000003e   Data   RO         2122    .constdata          nrfx_gpiote.o
    0x0002d7de   0x00000002   PAD
    0x0002d7e0   0x00000006   Data   RO         3340    .constdata          app_timer.o
    0x0002d7e6   0x00000010   Data   RO         4113    .constdata          nrf_fprintf_format.o
    0x0002d7f6   0x00000002   PAD
    0x0002d7f8   0x00000030   Data   RO         4263    .constdata          nrf_fstorage_sd.o
    0x0002d828   0x00000024   Data   RO         4465    .constdata          nrf_pwr_mgmt.o
    0x0002d84c   0x0000013c   Data   RO         4572    .constdata          nrf_strerror.o
    0x0002d988   0x00000008   PAD
    0x0002d990   0x00000016   Data   RO         4646    .constdata          nrf_log_backend_rtt.o
    0x0002d9a6   0x00000002   PAD
    0x0002d9a8   0x00000058   Data   RO         5321    .constdata          nrf_sdh.o
    0x0002da00   0x00000030   Data   RO         5448    .constdata          nrf_sdh_ble.o
    0x0002da30   0x0000001c   Data   RO         5500    .constdata          nrf_sdh_soc.o
    0x0002da4c   0x00000081   Data   RO         5637    .constdata          mc_w.l(ctype_o.o)
    0x0002dacd   0x00000003   PAD
    0x0002dad0   0x00000004   Data   RO         5638    .constdata          mc_w.l(ctype_o.o)
    0x0002dad4   0x000000a2   Data   RO         1470    .conststring        nrf_ble_gatt.o
    0x0002db76   0x00000002   PAD
    0x0002db78   0x000003eb   Data   RO         4573    .conststring        nrf_strerror.o
    0x0002df63   0x00000001   PAD
    0x0002df64   0x00000066   Data   RO         4992    .conststring        nrf_log_str_formatter.o
    0x0002dfca   0x00000002   PAD
    0x0002dfcc   0x000001cf   Data   RO         5449    .conststring        nrf_sdh_ble.o
    0x0002e19b   0x00000001   PAD
    0x0002e19c   0x0000000d   Data   RO         1471    .conststrlit        nrf_ble_gatt.o
    0x0002e1a9   0x00000003   PAD
    0x0002e1ac   0x00000008   Data   RO         1641    .conststrlit        ble_nus.o
    0x0002e1b4   0x00000006   Data   RO         1725    .conststrlit        nrf_drv_clock.o
    0x0002e1ba   0x00000002   PAD
    0x0002e1bc   0x00000006   Data   RO         1935    .conststrlit        nrfx_clock.o
    0x0002e1c2   0x00000002   PAD
    0x0002e1c4   0x00000007   Data   RO         2123    .conststrlit        nrfx_gpiote.o
    0x0002e1cb   0x00000001   PAD
    0x0002e1cc   0x00000004   Data   RO         2427    .conststrlit        nrfx_prs.o
    0x0002e1d0   0x00000005   Data   RO         2513    .conststrlit        nrfx_uart.o
    0x0002e1d5   0x00000003   PAD
    0x0002e1d8   0x00000006   Data   RO         2753    .conststrlit        nrfx_uarte.o
    0x0002e1de   0x00000002   PAD
    0x0002e1e0   0x00000004   Data   RO         2935    .conststrlit        nrfx_wdt.o
    0x0002e1e4   0x0000000d   Data   RO         4166    .conststrlit        nrf_fstorage.o
    0x0002e1f1   0x00000003   PAD
    0x0002e1f4   0x0000000e   Data   RO         4264    .conststrlit        nrf_fstorage_sd.o
    0x0002e202   0x00000002   PAD
    0x0002e204   0x00000009   Data   RO         4466    .conststrlit        nrf_pwr_mgmt.o
    0x0002e20d   0x00000003   PAD
    0x0002e210   0x00000018   Data   RO         4810    .conststrlit        nrf_log_frontend.o
    0x0002e228   0x00000008   Data   RO         5322    .conststrlit        nrf_sdh.o
    0x0002e230   0x0000000c   Data   RO         5450    .conststrlit        nrf_sdh_ble.o
    0x0002e23c   0x0000000c   Data   RO         5501    .conststrlit        nrf_sdh_soc.o
    0x0002e248   0x00000020   Data   RO         5694    Region$$Table       anon$$obj.o
    0x0002e268   0x00000008   Data   RO         1472    log_const_data      nrf_ble_gatt.o
    0x0002e270   0x00000008   Data   RO         1642    log_const_data      ble_nus.o
    0x0002e278   0x00000008   Data   RO         1726    log_const_data      nrf_drv_clock.o
    0x0002e280   0x00000008   Data   RO         1937    log_const_data      nrfx_clock.o
    0x0002e288   0x00000008   Data   RO         2124    log_const_data      nrfx_gpiote.o
    0x0002e290   0x00000008   Data   RO         2429    log_const_data      nrfx_prs.o
    0x0002e298   0x00000008   Data   RO         2514    log_const_data      nrfx_uart.o
    0x0002e2a0   0x00000008   Data   RO         2754    log_const_data      nrfx_uarte.o
    0x0002e2a8   0x00000008   Data   RO         2937    log_const_data      nrfx_wdt.o
    0x0002e2b0   0x00000008   Data   RO         4167    log_const_data      nrf_fstorage.o
    0x0002e2b8   0x00000008   Data   RO         4266    log_const_data      nrf_fstorage_sd.o
    0x0002e2c0   0x00000008   Data   RO         4468    log_const_data      nrf_pwr_mgmt.o
    0x0002e2c8   0x00000010   Data   RO         4812    log_const_data      nrf_log_frontend.o
    0x0002e2d8   0x00000008   Data   RO         5324    log_const_data      nrf_sdh.o
    0x0002e2e0   0x00000008   Data   RO         5452    log_const_data      nrf_sdh_ble.o
    0x0002e2e8   0x00000008   Data   RO         5502    log_const_data      nrf_sdh_soc.o
    0x0002e2f0   0x00000018   Data   RO         4814    nrf_balloc          nrf_log_frontend.o
    0x0002e308   0x00000008   Data   RO         1203    sdh_ble_observers0  ble_conn_state.o
    0x0002e310   0x00000010   Data   RO           34    sdh_ble_observers1  main.o
    0x0002e320   0x00000008   Data   RO          739    sdh_ble_observers1  bsp_btn_ble.o
    0x0002e328   0x00000008   Data   RO         1095    sdh_ble_observers1  ble_conn_params.o
    0x0002e330   0x00000010   Data   RO           35    sdh_ble_observers2  main.o
    0x0002e340   0x00000008   Data   RO           36    sdh_ble_observers3  main.o
    0x0002e348   0x00000008   Data   RO         4268    sdh_req_observers0  nrf_fstorage_sd.o
    0x0002e350   0x00000008   Data   RO         1728    sdh_soc_observers0  nrf_drv_clock.o
    0x0002e358   0x00000008   Data   RO         4269    sdh_soc_observers0  nrf_fstorage_sd.o
    0x0002e360   0x00000008   Data   RO           37    sdh_soc_observers1  main.o
    0x0002e368   0x00000008   Data   RO         5454    sdh_stack_observers0  nrf_sdh_ble.o
    0x0002e370   0x00000008   Data   RO         5504    sdh_stack_observers0  nrf_sdh_soc.o
    0x0002e378   0x00000008   Data   RO         1729    sdh_state_observers0  nrf_drv_clock.o
    0x0002e380   0x00000008   Data   RO         4270    sdh_state_observers0  nrf_fstorage_sd.o


    Execution Region RW_IRAM1 (Base: 0x20002a98, Size: 0x00003118, Max: 0x0000d568, ABSOLUTE, COMPRESSED[0x00000058])

    Base Addr    Size         Type   Attr      Idx    E Section Name        Object

    0x20002a98   0x00000034   Data   RW           33    .data               main.o
    0x20002acc   0x00000015   Data   RW          635    .data               bsp.o
    0x20002ae1   0x00000003   PAD
    0x20002ae4   0x00000008   Data   RW          738    .data               bsp_btn_ble.o
    0x20002aec   0x00000008   Data   RW         1094    .data               ble_conn_params.o
    0x20002af4   0x00000009   Data   RW         1865    .data               nrf_drv_uart.o
    0x20002afd   0x00000003   PAD
    0x20002b00   0x00000008   Data   RW         1936    .data               nrfx_clock.o
    0x20002b08   0x00000008   Data   RW         2428    .data               nrfx_prs.o
    0x20002b10   0x0000000c   Data   RW         2936    .data               nrfx_wdt.o
    0x20002b1c   0x00000014   Data   RW         3341    .data               app_timer.o
    0x20002b30   0x0000001b   Data   RW         3541    .data               app_uart_fifo.o
    0x20002b4b   0x00000001   PAD
    0x20002b4c   0x0000001c   Data   RW         4265    .data               nrf_fstorage_sd.o
    0x20002b68   0x00000009   Data   RW         4467    .data               nrf_pwr_mgmt.o
    0x20002b71   0x00000001   Data   RW         4647    .data               nrf_log_backend_rtt.o
    0x20002b72   0x00000002   PAD
    0x20002b74   0x0000000c   Data   RW         4746    .data               nrf_log_default_backends.o
    0x20002b80   0x00000010   Data   RW         4811    .data               nrf_log_frontend.o
    0x20002b90   0x00000040   Data   RW         4993    .data               nrf_log_str_formatter.o
    0x20002bd0   0x00000003   Data   RW         5323    .data               nrf_sdh.o
    0x20002bd3   0x00000001   Data   RW         5451    .data               nrf_sdh_ble.o
    0x20002bd4   0x00000004   Data   RW         5550    .data               system_nrf52.o
    0x20002bd8   0x00000004   Data   RW         1473    log_dynamic_data    nrf_ble_gatt.o
    0x20002bdc   0x00000004   Data   RW         1643    log_dynamic_data    ble_nus.o
    0x20002be0   0x00000004   Data   RW         1727    log_dynamic_data    nrf_drv_clock.o
    0x20002be4   0x00000004   Data   RW         1938    log_dynamic_data    nrfx_clock.o
    0x20002be8   0x00000004   Data   RW         2125    log_dynamic_data    nrfx_gpiote.o
    0x20002bec   0x00000004   Data   RW         2430    log_dynamic_data    nrfx_prs.o
    0x20002bf0   0x00000004   Data   RW         2515    log_dynamic_data    nrfx_uart.o
    0x20002bf4   0x00000004   Data   RW         2755    log_dynamic_data    nrfx_uarte.o
    0x20002bf8   0x00000004   Data   RW         2938    log_dynamic_data    nrfx_wdt.o
    0x20002bfc   0x00000004   Data   RW         4168    log_dynamic_data    nrf_fstorage.o
    0x20002c00   0x00000004   Data   RW         4267    log_dynamic_data    nrf_fstorage_sd.o
    0x20002c04   0x00000004   Data   RW         4469    log_dynamic_data    nrf_pwr_mgmt.o
    0x20002c08   0x00000008   Data   RW         4813    log_dynamic_data    nrf_log_frontend.o
    0x20002c10   0x00000004   Data   RW         5325    log_dynamic_data    nrf_sdh.o
    0x20002c14   0x00000004   Data   RW         5453    log_dynamic_data    nrf_sdh_ble.o
    0x20002c18   0x00000004   Data   RW         5503    log_dynamic_data    nrf_sdh_soc.o
    0x20002c1c   0x000003ec   Zero   RW           31    .bss                main.o
    0x20003008   0x0000006c   Zero   RW          633    .bss                bsp.o
    0x20003074   0x00000050   Zero   RW         1093    .bss                ble_conn_params.o
    0x200030c4   0x00000078   Zero   RW         1202    .bss                ble_conn_state.o
    0x2000313c   0x00000014   Zero   RW         1723    .bss                nrf_drv_clock.o
    0x20003150   0x0000005c   Zero   RW         2121    .bss                nrfx_gpiote.o
    0x200031ac   0x0000002c   Zero   RW         2511    .bss                nrfx_uart.o
    0x200031d8   0x00000024   Zero   RW         2751    .bss                nrfx_uarte.o
    0x200031fc   0x00000020   Zero   RW         3066    .bss                app_error.o
    0x2000321c   0x0000010c   Zero   RW         3339    .bss                app_timer.o
    0x20003328   0x00000020   Zero   RW         3539    .bss                app_uart_fifo.o
    0x20003348   0x0000000c   Zero   RW         3626    .bss                app_util_platform.o
    0x20003354   0x000000a0   Zero   RW         4262    .bss                nrf_fstorage_sd.o
    0x200033f4   0x0000000c   Zero   RW         4464    .bss                nrf_pwr_mgmt.o
    0x20003400   0x00000040   Zero   RW         4645    .bss                nrf_log_backend_rtt.o
    0x20003440   0x000004e4   Zero   RW         4809    .bss                nrf_log_frontend.o
    0x20003924   0x00000288   Zero   RW         5073    .bss                segger_rtt.o
    0x20003bac   0x00000004   PAD
    0x20003bb0   0x00002000   Zero   RW         5527    STACK               arm_startup_nrf52.o


==============================================================================

Image component sizes


      Code (inc. data)   RO Data    RW Data    ZI Data      Debug   Object Name

       136          4          0          0         32       3386   app_error.o
        26          0          0          0          0        564   app_error_handler_keil.o
       424        190          0          0          0       4758   app_error_weak.o
       134          0          0          0          0       5302   app_fifo.o
      2068        242          6         20        268      53679   app_timer.o
       176         24          0         27         32      17087   app_uart_fifo.o
       200         24          0          0         12      10322   app_util_platform.o
        36          8        512          0       8192        920   arm_startup_nrf52.o
      1732          0          0          0          0      40556   ble_advdata.o
      1474          6          0          0          0      19516   ble_advertising.o
       936         56          8          8         80      11923   ble_conn_params.o
       516         94          8          0        120       8468   ble_conn_state.o
       108          0          0          0          0       1592   ble_link_ctx_manager.o
      1086          6         32          4          0       8128   ble_nus.o
        30          0          0          0          0      24048   ble_srv_common.o
       282         24          8          0          0      42173   boards.o
      1352         78         44         21        108      11904   bsp.o
       338          8          8          8          0       4565   bsp_btn_ble.o
      2778        602        100         52       1004     176085   main.o
       374          0          0          0          0       8764   nrf_atfifo.o
        90          0          0          0          0       3104   nrf_atflags.o
       422          0          0          0          0       9533   nrf_atomic.o
       218          0          0          0          0       3823   nrf_balloc.o
      1210        264        205          4          0      38954   nrf_ble_gatt.o
       390          0          0          0          0       6225   nrf_ble_qwr.o
       364         48         30          4         20      38698   nrf_drv_clock.o
         0          0          0          9          0      15180   nrf_drv_uart.o
        70          0          0          0          0       3573   nrf_fprintf.o
      1018          6         16          0          0       6122   nrf_fprintf_format.o
        84         10         21          4          0       2396   nrf_fstorage.o
      1118        118         94         32        160      19397   nrf_fstorage_sd.o
       176         16         22          1         64       7205   nrf_log_backend_rtt.o
       242          0          0          0          0      10871   nrf_log_backend_serial.o
        36          4          0         12          0       3170   nrf_log_default_backends.o
      2144        130         64         24       1252      32292   nrf_log_frontend.o
       622        114        102         64          0       6176   nrf_log_str_formatter.o
       474          0          0          0          0       9723   nrf_memobj.o
       168         22         53         13         12      38139   nrf_pwr_mgmt.o
      1158        274        104          7          0      43362   nrf_sdh.o
       924        296        539          5          0       6647   nrf_sdh_ble.o
       152         68         56          4          0       2804   nrf_sdh_soc.o
       112          0          0          0          0       2820   nrf_section_iter.o
        92         10       1319          0          0       2747   nrf_strerror.o
       380         38         14         12          0      42846   nrfx_clock.o
       764         30         77          4         92      54081   nrfx_gpiote.o
        16          6         12         12          0       2166   nrfx_prs.o
       302         12         13          4         44      16584   nrfx_uart.o
       254         12         14          4         36      14180   nrfx_uarte.o
       416         74         12         16          0       9060   nrfx_wdt.o
       470         44          0          0        648       8477   segger_rtt.o
      1372        142          0          4          0      35082   system_nrf52.o

    ----------------------------------------------------------------------
     29522       3104       3568        388      12180     949177   Object Totals
         0          0         32          0          0          0   (incl. Generated)
        58          0         43          9          4          0   (incl. Padding)

    ----------------------------------------------------------------------

      Code (inc. data)   RO Data    RW Data    ZI Data      Debug   Library Member Name

        86          0          0          0          0          0   __dczerorl2.o
         8          4        133          0          0         68   ctype_o.o
         0          0          0          0          0          0   entry.o
         0          0          0          0          0          0   entry10a.o
         0          0          0          0          0          0   entry11a.o
         8          4          0          0          0          0   entry2.o
         4          0          0          0          0          0   entry5.o
         0          0          0          0          0          0   entry7b.o
         0          0          0          0          0          0   entry8b.o
         8          4          0          0          0          0   entry9a.o
        30          0          0          0          0          0   handlers.o
        36          8          0          0          0         68   init.o
        30          0          0          0          0         68   llshl.o
        32          0          0          0          0         68   llushr.o
        36          0          0          0          0         68   memcpya.o
        36          0          0          0          0        108   memseta.o
        18          0          0          0          0         68   strcpy.o
        14          0          0          0          0         68   strlen.o
        98          0          0          0          0         92   uldiv.o

    ----------------------------------------------------------------------
       446         20        136          0          0        676   Library Totals
         2          0          3          0          0          0   (incl. Padding)

    ----------------------------------------------------------------------

      Code (inc. data)   RO Data    RW Data    ZI Data      Debug   Library Name

       444         20        133          0          0        676   mc_w.l

    ----------------------------------------------------------------------
       446         20        136          0          0        676   Library Totals

    ----------------------------------------------------------------------

==============================================================================


      Code (inc. data)   RO Data    RW Data    ZI Data      Debug   

     29968       3124       3704        388      12180     914229   Grand Totals
     29968       3124       3704         88      12180     914229   ELF Image Totals (compressed)
     29968       3124       3704         88          0          0   ROM Totals

==============================================================================

    Total RO  Size (Code + RO Data)                33672 (  32.88kB)
    Total RW  Size (RW Data + ZI Data)             12568 (  12.27kB)
    Total ROM Size (Code + RO Data + RW Data)      33760 (  32.97kB)

==============================================================================

