Component: ARM Compiler 5.06 update 3 (build 300) Tool: armlink [4d35c9]

==============================================================================

Section Cross References

    main.o(i.advertising_init) refers to memseta.o(.text) for __aeabi_memclr4
    main.o(i.advertising_init) refers to ble_advertising.o(i.ble_advertising_init) for ble_advertising_init
    main.o(i.advertising_init) refers to app_error.o(i.app_error_handler_bare) for app_error_handler_bare
    main.o(i.advertising_init) refers to ble_advertising.o(i.ble_advertising_conn_cfg_tag_set) for ble_advertising_conn_cfg_tag_set
    main.o(i.advertising_init) refers to main.o(.data) for .data
    main.o(i.advertising_init) refers to main.o(i.on_adv_evt) for on_adv_evt
    main.o(i.advertising_init) refers to main.o(.bss) for .bss
    main.o(i.advertising_start) refers to ble_advertising.o(i.ble_advertising_start) for ble_advertising_start
    main.o(i.advertising_start) refers to app_error.o(i.app_error_handler_bare) for app_error_handler_bare
    main.o(i.advertising_start) refers to main.o(.bss) for .bss
    main.o(i.assert_nrf_callback) refers to app_error_handler_keil.o(.emb_text) for app_error_handler
    main.o(i.ble_evt_handler) refers to nrf_log_frontend.o(i.nrf_log_frontend_std_0) for nrf_log_frontend_std_0
    main.o(i.ble_evt_handler) refers to bsp.o(i.bsp_indication_set) for bsp_indication_set
    main.o(i.ble_evt_handler) refers to app_error.o(i.app_error_handler_bare) for app_error_handler_bare
    main.o(i.ble_evt_handler) refers to nrf_ble_qwr.o(i.nrf_ble_qwr_conn_handle_assign) for nrf_ble_qwr_conn_handle_assign
    main.o(i.ble_evt_handler) refers to main.o(.data) for .data
    main.o(i.ble_evt_handler) refers to nrf_log_frontend.o(log_dynamic_data) for m_nrf_log_app_logs_data_dynamic
    main.o(i.ble_evt_handler) refers to main.o(.bss) for .bss
    main.o(i.bsp_event_handler) refers to main.o(i.sleep_mode_enter) for sleep_mode_enter
    main.o(i.bsp_event_handler) refers to app_error.o(i.app_error_handler_bare) for app_error_handler_bare
    main.o(i.bsp_event_handler) refers to ble_advertising.o(i.ble_advertising_restart_without_whitelist) for ble_advertising_restart_without_whitelist
    main.o(i.bsp_event_handler) refers to main.o(.data) for .data
    main.o(i.bsp_event_handler) refers to main.o(.bss) for .bss
    main.o(i.conn_params_error_handler) refers to app_error.o(i.app_error_handler_bare) for app_error_handler_bare
    main.o(i.gatt_evt_handler) refers to nrf_log_frontend.o(i.nrf_log_frontend_std_2) for nrf_log_frontend_std_2
    main.o(i.gatt_evt_handler) refers to main.o(.data) for .data
    main.o(i.gatt_evt_handler) refers to nrf_log_frontend.o(log_dynamic_data) for m_nrf_log_app_logs_data_dynamic
    main.o(i.gatt_init) refers to nrf_ble_gatt.o(i.nrf_ble_gatt_init) for nrf_ble_gatt_init
    main.o(i.gatt_init) refers to app_error.o(i.app_error_handler_bare) for app_error_handler_bare
    main.o(i.gatt_init) refers to nrf_ble_gatt.o(i.nrf_ble_gatt_att_mtu_periph_set) for nrf_ble_gatt_att_mtu_periph_set
    main.o(i.gatt_init) refers to main.o(i.gatt_evt_handler) for gatt_evt_handler
    main.o(i.gatt_init) refers to main.o(.bss) for .bss
    main.o(i.main) refers to nrf_log_frontend.o(i.nrf_log_init) for nrf_log_init
    main.o(i.main) refers to app_error.o(i.app_error_handler_bare) for app_error_handler_bare
    main.o(i.main) refers to nrf_log_default_backends.o(i.nrf_log_default_backends_init) for nrf_log_default_backends_init
    main.o(i.main) refers to app_timer.o(i.app_timer_init) for app_timer_init
    main.o(i.main) refers to nrf_pwr_mgmt.o(i.nrf_pwr_mgmt_init) for nrf_pwr_mgmt_init
    main.o(i.main) refers to nrf_sdh.o(i.nrf_sdh_enable_request) for nrf_sdh_enable_request
    main.o(i.main) refers to nrf_sdh_ble.o(i.nrf_sdh_ble_default_cfg_set) for nrf_sdh_ble_default_cfg_set
    main.o(i.main) refers to nrf_sdh_ble.o(i.nrf_sdh_ble_enable) for nrf_sdh_ble_enable
    main.o(i.main) refers to main.o(i.gatt_init) for gatt_init
    main.o(i.main) refers to nrf_ble_qwr.o(i.nrf_ble_qwr_init) for nrf_ble_qwr_init
    main.o(i.main) refers to ble_nus.o(i.ble_nus_init) for ble_nus_init
    main.o(i.main) refers to main.o(i.advertising_init) for advertising_init
    main.o(i.main) refers to memseta.o(.text) for __aeabi_memclr4
    main.o(i.main) refers to ble_conn_params.o(i.ble_conn_params_init) for ble_conn_params_init
    main.o(i.main) refers to nrf_log_frontend.o(i.nrf_log_frontend_std_0) for nrf_log_frontend_std_0
    main.o(i.main) refers to main.o(i.advertising_start) for advertising_start
    main.o(i.main) refers to app_timer.o(i.app_timer_create) for app_timer_create
    main.o(i.main) refers to nrfx_wdt.o(i.nrfx_wdt_init) for nrfx_wdt_init
    main.o(i.main) refers to nrfx_wdt.o(i.nrfx_wdt_channel_alloc) for nrfx_wdt_channel_alloc
    main.o(i.main) refers to nrfx_wdt.o(i.nrfx_wdt_enable) for nrfx_wdt_enable
    main.o(i.main) refers to app_timer.o(i.app_timer_start) for app_timer_start
[...]
    sdh_stack_observers0                     0x0001ea38   Section        8  nrf_sdh_ble.o(sdh_stack_observers0)
    __tagsym$$used                           0x0001ea38   Number         0  nrf_sdh_ble.o(sdh_stack_observers0)
    m_nrf_sdh_ble_evts_poll                  0x0001ea38   Data           8  nrf_sdh_ble.o(sdh_stack_observers0)
    sdh_stack_observers0                     0x0001ea40   Section        8  nrf_sdh_soc.o(sdh_stack_observers0)
    __tagsym$$used                           0x0001ea40   Number         0  nrf_sdh_soc.o(sdh_stack_observers0)
    m_nrf_sdh_soc_evts_poll                  0x0001ea40   Data           8  nrf_sdh_soc.o(sdh_stack_observers0)
    sdh_state_observers0                     0x0001ea48   Section        8  nrf_drv_clock.o(sdh_state_observers0)
    __tagsym$$used                           0x0001ea48   Number         0  nrf_drv_clock.o(sdh_state_observers0)
    m_sd_state_observer                      0x0001ea48   Data           8  nrf_drv_clock.o(sdh_state_observers0)
    sdh_state_observers0                     0x0001ea50   Section        8  nrf_fstorage_sd.o(sdh_state_observers0)
    __tagsym$$used                           0x0001ea50   Number         0  nrf_fstorage_sd.o(sdh_state_observers0)
    m_state_obs                              0x0001ea50   Data           8  nrf_fstorage_sd.o(sdh_state_observers0)
    .data                                    0x20002500   Section        8  main.o(.data)
    m_nus_link_ctx_storage                   0x20002500   Data           8  main.o(.data)
    .data                                    0x20002508   Section       40  main.o(.data)
    index                                    0x2000250a   Data           1  main.o(.data)
    m_conn_handle                            0x2000250c   Data           2  main.o(.data)
    m_ble_nus_max_data_len                   0x2000250e   Data           2  main.o(.data)
    m_adv_uuids                              0x20002510   Data           4  main.o(.data)
    m_nus                                    0x20002514   Data          28  main.o(.data)
    .data                                    0x20002530   Section        4  main.o(.data)
    m_nus_link_ctx_storage_ctx_data_pool     0x20002530   Data           4  main.o(.data)
    .data                                    0x20002534   Section       16  bsp.o(.data)
    m_stable_state                           0x20002534   Data           1  bsp.o(.data)
    m_leds_clear                             0x20002535   Data           1  bsp.o(.data)
    m_alert_on                               0x20002536   Data           1  bsp.o(.data)
    current_long_push_pin_no                 0x20002537   Data           1  bsp.o(.data)
    m_indication_type                        0x20002538   Data           4  bsp.o(.data)
    m_registered_callback                    0x2000253c   Data           4  bsp.o(.data)
    release_event_at_push                    0x20002540   Data           4  bsp.o(.data)
    .data                                    0x20002544   Section        8  bsp_btn_ble.o(.data)
    m_error_handler                          0x20002544   Data           4  bsp_btn_ble.o(.data)
    m_num_connections                        0x20002548   Data           4  bsp_btn_ble.o(.data)
    .data                                    0x2000254c   Section        8  ble_conn_params.o(.data)
    m_preferred_conn_params                  0x2000254c   Data           8  ble_conn_params.o(.data)
    .data                                    0x20002554   Section        8  nrfx_clock.o(.data)
    m_clock_cb                               0x20002554   Data           8  nrfx_clock.o(.data)
    .data                                    0x2000255c   Section       12  nrfx_wdt.o(.data)
    m_state                                  0x2000255c   Data           1  nrfx_wdt.o(.data)
    m_wdt_event_handler                      0x20002560   Data           4  nrfx_wdt.o(.data)
    m_alloc_index                            0x20002564   Data           4  nrfx_wdt.o(.data)
    .data                                    0x20002568   Section       20  app_timer.o(.data)
    m_ticks_elapsed_q_read_ind               0x20002568   Data           1  app_timer.o(.data)
    m_ticks_elapsed_q_write_ind              0x20002569   Data           1  app_timer.o(.data)
    m_rtc1_running                           0x2000256a   Data           1  app_timer.o(.data)
    m_rtc1_reset                             0x2000256b   Data           1  app_timer.o(.data)
    mp_timer_id_head                         0x2000256c   Data           4  app_timer.o(.data)
    m_ticks_latest                           0x20002570   Data           4  app_timer.o(.data)
    m_ticks_elapsed                          0x20002574   Data           8  app_timer.o(.data)
    .data                                    0x2000257c   Section       20  app_uart_fifo.o(.data)
    tx_buffer                                0x2000257c   Data           1  app_uart_fifo.o(.data)
    rx_buffer                                0x2000257d   Data           1  app_uart_fifo.o(.data)
    m_rx_ovf                                 0x2000257e   Data           1  app_uart_fifo.o(.data)
    m_event_handler                          0x20002580   Data           4  app_uart_fifo.o(.data)
    app_uart_inst                            0x20002584   Data          12  app_uart_fifo.o(.data)
    .data                                    0x20002590   Section       20  nrf_fstorage_sd.o(.data)
    m_fifo_inst                              0x20002590   Data          20  nrf_fstorage_sd.o(.data)
    .data                                    0x200025a4   Section        8  nrf_fstorage_sd.o(.data)
    m_p_cur_op                               0x200025a4   Data           4  nrf_fstorage_sd.o(.data)
    m_iget_ctx                               0x200025a8   Data           4  nrf_fstorage_sd.o(.data)
    .data                                    0x200025ac   Section        8  nrf_pwr_mgmt.o(.data)
    m_pwr_mgmt_evt                           0x200025ac   Data           1  nrf_pwr_mgmt.o(.data)
    m_shutdown_started                       0x200025ad   Data           1  nrf_pwr_mgmt.o(.data)
    m_sysoff_mtx                             0x200025b0   Data           4  nrf_pwr_mgmt.o(.data)
    .data                                    0x200025b4   Section        1  nrf_log_backend_rtt.o(.data)
    m_host_present                           0x200025b4   Data           1  nrf_log_backend_rtt.o(.data)
    .data                                    0x200025b8   Section       12  nrf_log_default_backends.o(.data)
    rtt_log_backend                          0x200025b8   Data          12  nrf_log_default_backends.o(.data)
    .data                                    0x200025c4   Section        8  nrf_log_frontend.o(.data)
    log_mempool_nrf_balloc_pool_stack        0x200025c4   Data           8  nrf_log_frontend.o(.data)
    .data                                    0x200025cc   Section        8  nrf_log_frontend.o(.data)
    log_mempool_nrf_balloc_cb                0x200025cc   Data           8  nrf_log_frontend.o(.data)
    .data                                    0x200025d4   Section       64  nrf_log_str_formatter.o(.data)
    m_freq                                   0x200025d4   Data           4  nrf_log_str_formatter.o(.data)
    m_timestamp_div                          0x200025d8   Data           4  nrf_log_str_formatter.o(.data)
    severity_names                           0x200025dc   Data          20  nrf_log_str_formatter.o(.data)
    m_colors                                 0x200025f0   Data          36  nrf_log_str_formatter.o(.data)
    .data                                    0x20002614   Section        3  nrf_sdh.o(.data)
    m_nrf_sdh_enabled                        0x20002614   Data           1  nrf_sdh.o(.data)
    m_nrf_sdh_suspended                      0x20002615   Data           1  nrf_sdh.o(.data)
    m_nrf_sdh_continue                       0x20002616   Data           1  nrf_sdh.o(.data)
    .data                                    0x20002617   Section        1  nrf_sdh_ble.o(.data)
    m_stack_is_enabled                       0x20002617   Data           1  nrf_sdh_ble.o(.data)
    .data                                    0x20002618   Section        4  system_nrf52810.o(.data)
    __tagsym$$used                           0x20002618   Number         0  system_nrf52810.o(.data)
    log_dynamic_data                         0x2000261c   Section        4  nrf_ble_gatt.o(log_dynamic_data)
    __tagsym$$used                           0x2000261c   Number         0  nrf_ble_gatt.o(log_dynamic_data)
    log_dynamic_data                         0x20002620   Section        4  ble_nus.o(log_dynamic_data)
    __tagsym$$used                           0x20002620   Number         0  ble_nus.o(log_dynamic_data)
    log_dynamic_data                         0x20002624   Section        4  nrf_drv_clock.o(log_dynamic_data)
    __tagsym$$used                           0x20002624   Number         0  nrf_drv_clock.o(log_dynamic_data)
    log_dynamic_data                         0x20002628   Section        4  nrfx_clock.o(log_dynamic_data)
    __tagsym$$used                           0x20002628   Number         0  nrfx_clock.o(log_dynamic_data)
    log_dynamic_data                         0x2000262c   Section        4  nrfx_gpiote.o(log_dynamic_data)
    __tagsym$$used                           0x2000262c   Number         0  nrfx_gpiote.o(log_dynamic_data)
    log_dynamic_data                         0x20002630   Section        4  nrfx_prs.o(log_dynamic_data)
    __tagsym$$used                           0x20002630   Number         0  nrfx_prs.o(log_dynamic_data)
    log_dynamic_data                         0x20002634   Section        4  nrfx_uarte.o(log_dynamic_data)
    __tagsym$$used                           0x20002634   Number         0  nrfx_uarte.o(log_dynamic_data)
    log_dynamic_data                         0x20002638   Section        4  nrfx_wdt.o(log_dynamic_data)
    __tagsym$$used                           0x20002638   Number         0  nrfx_wdt.o(log_dynamic_data)
    log_dynamic_data                         0x2000263c   Section        4  nrf_fstorage.o(log_dynamic_data)
    __tagsym$$used                           0x2000263c   Number         0  nrf_fstorage.o(log_dynamic_data)
    log_dynamic_data                         0x20002640   Section        4  nrf_fstorage_sd.o(log_dynamic_data)
    __tagsym$$used                           0x20002640   Number         0  nrf_fstorage_sd.o(log_dynamic_data)
    log_dynamic_data                         0x20002644   Section        4  nrf_pwr_mgmt.o(log_dynamic_data)
    __tagsym$$used                           0x20002644   Number         0  nrf_pwr_mgmt.o(log_dynamic_data)
    log_dynamic_data                         0x20002648   Section        8  nrf_log_frontend.o(log_dynamic_data)
    __tagsym$$used                           0x20002648   Number         0  nrf_log_frontend.o(log_dynamic_data)
    __tagsym$$used                           0x2000264c   Number         0  nrf_log_frontend.o(log_dynamic_data)
    log_dynamic_data                         0x20002650   Section        4  nrf_sdh.o(log_dynamic_data)
    __tagsym$$used                           0x20002650   Number         0  nrf_sdh.o(log_dynamic_data)
    log_dynamic_data                         0x20002654   Section        4  nrf_sdh_ble.o(log_dynamic_data)
    __tagsym$$used                           0x20002654   Number         0  nrf_sdh_ble.o(log_dynamic_data)
    log_dynamic_data                         0x20002658   Section        4  nrf_sdh_soc.o(log_dynamic_data)
    __tagsym$$used                           0x20002658   Number         0  nrf_sdh_soc.o(log_dynamic_data)
    .bss                                     0x2000265c   Section       32  main.o(.bss)
    m_wdt_tmr_data                           0x2000265c   Data          32  main.o(.bss)
    .bss                                     0x2000267c   Section      456  main.o(.bss)
    data_array                               0x2000267c   Data         244  main.o(.bss)
    m_gatt                                   0x20002770   Data          16  main.o(.bss)
    m_qwr                                    0x20002780   Data          12  main.o(.bss)
    m_advertising                            0x2000278c   Data         184  main.o(.bss)
    .bss                                     0x20002844   Section       32  bsp.o(.bss)
    m_bsp_leds_tmr_data                      0x20002844   Data          32  bsp.o(.bss)
    .bss                                     0x20002864   Section       32  bsp.o(.bss)
    m_bsp_alert_tmr_data                     0x20002864   Data          32  bsp.o(.bss)
    .bss                                     0x20002884   Section       12  bsp.o(.bss)
    m_events_list                            0x20002884   Data          12  bsp.o(.bss)
    .bss                                     0x20002890   Section       32  bsp.o(.bss)
    m_bsp_button_tmr_data                    0x20002890   Data          32  bsp.o(.bss)
    .bss                                     0x200028b0   Section       80  ble_conn_params.o(.bss)
    m_timer_data                             0x200028b0   Data          32  ble_conn_params.o(.bss)
    m_conn_params_instances                  0x200028d0   Data          20  ble_conn_params.o(.bss)
    m_conn_params_config                     0x200028e4   Data          28  ble_conn_params.o(.bss)
    .bss                                     0x20002900   Section      120  ble_conn_state.o(.bss)
    m_bcs                                    0x20002900   Data         120  ble_conn_state.o(.bss)
    .bss                                     0x20002978   Section       20  nrf_drv_clock.o(.bss)
    m_clock_cb                               0x20002978   Data          20  nrf_drv_clock.o(.bss)
    .bss                                     0x2000298c   Section       92  nrfx_gpiote.o(.bss)
    m_cb                                     0x2000298c   Data          92  nrfx_gpiote.o(.bss)
    .bss                                     0x200029e8   Section       36  nrfx_uarte.o(.bss)
    m_cb                                     0x200029e8   Data          36  nrfx_uarte.o(.bss)
    .bss                                     0x20002a0c   Section      268  app_timer.o(.bss)
    m_op_queue                               0x20002a0c   Data         268  app_timer.o(.bss)
    .bss                                     0x20002b18   Section       32  app_uart_fifo.o(.bss)
    m_rx_fifo                                0x20002b18   Data          16  app_uart_fifo.o(.bss)
    m_tx_fifo                                0x20002b28   Data          16  app_uart_fifo.o(.bss)
    .bss                                     0x20002b38   Section       12  app_util_platform.o(.bss)
    .bss                                     0x20002b44   Section      160  nrf_fstorage_sd.o(.bss)
    m_fifo_data                              0x20002b44   Data         140  nrf_fstorage_sd.o(.bss)
    m_flags                                  0x20002bd0   Data          20  nrf_fstorage_sd.o(.bss)
    .bss                                     0x20002be4   Section       12  nrf_pwr_mgmt.o(.bss)
    m_handlers_iter                          0x20002be4   Data          12  nrf_pwr_mgmt.o(.bss)
    .bss                                     0x20002bf0   Section       64  nrf_log_backend_rtt.o(.bss)
    m_string_buff                            0x20002bf0   Data          64  nrf_log_backend_rtt.o(.bss)
    .bss                                     0x20002c30   Section      192  nrf_log_frontend.o(.bss)
    log_mempool_nrf_balloc_pool_mem          0x20002c30   Data         192  nrf_log_frontend.o(.bss)
    .bss                                     0x20002cf0   Section     1060  nrf_log_frontend.o(.bss)
    m_log_data                               0x20002cf0   Data        1060  nrf_log_frontend.o(.bss)
    .bss                                     0x20003114   Section      648  segger_rtt.o(.bss)
    _acUpBuffer                              0x2000318c   Data         512  segger_rtt.o(.bss)
    _acDownBuffer                            0x2000338c   Data          16  segger_rtt.o(.bss)
    STACK                                    0x200033a0   Section     2048  arm_startup_nrf52810.o(STACK)

    Global Symbols

    Symbol Name                              Value     Ov Type        Size  Object(Section)

    BuildAttributes$$THM_ISAv4$E$P$D$K$B$S$7EM$PE$A:L22UL41UL21$X:L11$S22US41US21$IEEE1$IW$USESV6$~STKCKD$USESV7$~SHL$OSPACE$EBA8$MICROLIB$REQ8$EABIv2 0x00000000   Number         0  anon$$obj.o ABSOLUTE
    __ARM_use_no_argv                        0x00000000   Number         0  main.o ABSOLUTE
    __cpp_initialize__aeabi_                  - Undefined Weak Reference
    __cxa_finalize                            - Undefined Weak Reference
    _clock_init                               - Undefined Weak Reference
    _microlib_exit                            - Undefined Weak Reference
    fs_data$$Base                             - Undefined Reference
    fs_data$$Limit                            - Undefined Reference
    pwr_mgmt_data0$$Base                      - Undefined Reference
    pwr_mgmt_data0$$Limit                     - Undefined Reference
    pwr_mgmt_data1$$Base                      - Undefined Reference
    pwr_mgmt_data1$$Limit                     - Undefined Reference
    pwr_mgmt_data2$$Base                      - Undefined Reference
    pwr_mgmt_data2$$Limit                     - Undefined Reference
    sdh_req_observers1$$Base                  - Undefined Reference
    sdh_req_observers1$$Limit                 - Undefined Reference
    sdh_stack_observers1$$Base                - Undefined Reference
    sdh_stack_observers1$$Limit               - Undefined Reference
    sdh_state_observers1$$Base                - Undefined Reference
    sdh_state_observers1$$Limit               - Undefined Reference
    __Vectors_Size                           0x00000200   Number         0  arm_startup_nrf52810.o ABSOLUTE
    __Vectors                                0x00019000   Data           4  arm_startup_nrf52810.o(RESET)
    __Vectors_End                            0x00019200   Data           0  arm_startup_nrf52810.o(RESET)
    __main                                   0x00019201   Thumb Code     0  entry.o(.ARM.Collect$$$$00000000)
    _main_stk                                0x00019201   Thumb Code     0  entry2.o(.ARM.Collect$$$$00000001)
    _main_scatterload                        0x00019205   Thumb Code     0  entry5.o(.ARM.Collect$$$$00000004)
    __main_after_scatterload                 0x00019209   Thumb Code     0  entry5.o(.ARM.Collect$$$$00000004)
    _main_clock                              0x00019209   Thumb Code     0  entry7b.o(.ARM.Collect$$$$00000008)
    _main_cpp_init                           0x00019209   Thumb Code     0  entry8b.o(.ARM.Collect$$$$0000000A)
    _main_init                               0x00019209   Thumb Code     0  entry9a.o(.ARM.Collect$$$$0000000B)
    __rt_final_cpp                           0x00019211   Thumb Code     0  entry10a.o(.ARM.Collect$$$$0000000D)
    __rt_final_exit                          0x00019211   Thumb Code     0  entry11a.o(.ARM.Collect$$$$0000000F)
    __asm___12_nrf_atfifo_c_51f461e1__nrf_atfifo_wspace_req 0x00019215   Thumb Code    56  nrf_atfifo.o(.emb_text)
    __asm___12_nrf_atfifo_c_51f461e1__nrf_atfifo_wspace_close 0x0001924d   Thumb Code    18  nrf_atfifo.o(.emb_text)
    __asm___12_nrf_atfifo_c_51f461e1__nrf_atfifo_rspace_req 0x0001925f   Thumb Code    58  nrf_atfifo.o(.emb_text)
    __asm___12_nrf_atfifo_c_51f461e1__nrf_atfifo_rspace_close 0x00019299   Thumb Code    18  nrf_atfifo.o(.emb_text)
    __asm___12_nrf_atfifo_c_51f461e1__nrf_atfifo_space_clear 0x000192ab   Thumb Code    50  nrf_atfifo.o(.emb_text)
    __asm___12_nrf_atomic_c_85ca2469__nrf_atomic_internal_mov 0x000192dd   Thumb Code    24  nrf_atomic.o(.emb_text)
    __asm___12_nrf_atomic_c_85ca2469__nrf_atomic_internal_orr 0x000192f5   Thumb Code    26  nrf_atomic.o(.emb_text)
    __asm___12_nrf_atomic_c_85ca2469__nrf_atomic_internal_and 0x0001930f   Thumb Code    26  nrf_atomic.o(.emb_text)
    __asm___12_nrf_atomic_c_85ca2469__nrf_atomic_internal_eor 0x00019329   Thumb Code    26  nrf_atomic.o(.emb_text)
    __asm___12_nrf_atomic_c_85ca2469__nrf_atomic_internal_add 0x00019343   Thumb Code    26  nrf_atomic.o(.emb_text)
    __asm___12_nrf_atomic_c_85ca2469__nrf_atomic_internal_sub 0x0001935d   Thumb Code    26  nrf_atomic.o(.emb_text)
    __asm___12_nrf_atomic_c_85ca2469__nrf_atomic_internal_cmp_exch 0x00019377   Thumb Code    42  nrf_atomic.o(.emb_text)
    __asm___12_nrf_atomic_c_85ca2469__nrf_atomic_internal_sub_hs 0x000193a1   Thumb Code    30  nrf_atomic.o(.emb_text)
    Reset_Handler                            0x000193c1   Thumb Code     8  arm_startup_nrf52810.o(.text)
    NMI_Handler                              0x000193c9   Thumb Code     2  arm_startup_nrf52810.o(.text)
    HardFault_Handler                        0x000193cb   Thumb Code     2  arm_startup_nrf52810.o(.text)
    MemoryManagement_Handler                 0x000193cd   Thumb Code     2  arm_startup_nrf52810.o(.text)
    BusFault_Handler                         0x000193cf   Thumb Code     2  arm_startup_nrf52810.o(.text)
    UsageFault_Handler                       0x000193d1   Thumb Code     2  arm_startup_nrf52810.o(.text)
    SVC_Handler                              0x000193d3   Thumb Code     2  arm_startup_nrf52810.o(.text)
    DebugMon_Handler                         0x000193d5   Thumb Code     2  arm_startup_nrf52810.o(.text)
    PendSV_Handler                           0x000193d7   Thumb Code     2  arm_startup_nrf52810.o(.text)
    SysTick_Handler                          0x000193d9   Thumb Code     2  arm_startup_nrf52810.o(.text)
    CCM_AAR_IRQHandler                       0x000193db   Thumb Code     0  arm_startup_nrf52810.o(.text)
    COMP_IRQHandler                          0x000193db   Thumb Code     0  arm_startup_nrf52810.o(.text)
    ECB_IRQHandler                           0x000193db   Thumb Code     0  arm_startup_nrf52810.o(.text)
    PDM_IRQHandler                           0x000193db   Thumb Code     0  arm_startup_nrf52810.o(.text)
    PWM0_IRQHandler                          0x000193db   Thumb Code     0  arm_startup_nrf52810.o(.text)
    QDEC_IRQHandler                          0x000193db   Thumb Code     0  arm_startup_nrf52810.o(.text)
    RADIO_IRQHandler                         0x000193db   Thumb Code     0  arm_startup_nrf52810.o(.text)
    RNG_IRQHandler                           0x000193db   Thumb Code     0  arm_startup_nrf52810.o(.text)
    RTC0_IRQHandler                          0x000193db   Thumb Code     0  arm_startup_nrf52810.o(.text)
    SAADC_IRQHandler                         0x000193db   Thumb Code     0  arm_startup_nrf52810.o(.text)
    SPIM0_SPIS0_IRQHandler                   0x000193db   Thumb Code     0  arm_startup_nrf52810.o(.text)
    SWI1_EGU1_IRQHandler                     0x000193db   Thumb Code     0  arm_startup_nrf52810.o(.text)
    SWI3_IRQHandler                          0x000193db   Thumb Code     0  arm_startup_nrf52810.o(.text)
    SWI4_IRQHandler                          0x000193db   Thumb Code     0  arm_startup_nrf52810.o(.text)
    SWI5_IRQHandler                          0x000193db   Thumb Code     0  arm_startup_nrf52810.o(.text)
    TEMP_IRQHandler                          0x000193db   Thumb Code     0  arm_startup_nrf52810.o(.text)
    TIMER0_IRQHandler                        0x000193db   Thumb Code     0  arm_startup_nrf52810.o(.text)
    TIMER1_IRQHandler                        0x000193db   Thumb Code     0  arm_startup_nrf52810.o(.text)
    TIMER2_IRQHandler                        0x000193db   Thumb Code     0  arm_startup_nrf52810.o(.text)
    TWIM0_TWIS0_IRQHandler                   0x000193db   Thumb Code     0  arm_startup_nrf52810.o(.text)
    __aeabi_uldivmod                         0x000193e5   Thumb Code    98  uldiv.o(.text)
    __aeabi_llsl                             0x00019447   Thumb Code    30  llshl.o(.text)
    _ll_shift_l                              0x00019447   Thumb Code     0  llshl.o(.text)
    __rt_ctype_table                         0x00019465   Thumb Code     4  ctype_o.o(.text)
    __aeabi_memcpy                           0x0001946d   Thumb Code    36  memcpya.o(.text)
    __aeabi_memcpy4                          0x0001946d   Thumb Code     0  memcpya.o(.text)
    __aeabi_memcpy8                          0x0001946d   Thumb Code     0  memcpya.o(.text)
    __aeabi_memset                           0x00019491   Thumb Code    14  memseta.o(.text)
    __aeabi_memset4                          0x00019491   Thumb Code     0  memseta.o(.text)
    __aeabi_memset8                          0x00019491   Thumb Code     0  memseta.o(.text)
    __aeabi_memclr                           0x0001949f   Thumb Code     4  memseta.o(.text)
    __aeabi_memclr4                          0x0001949f   Thumb Code     0  memseta.o(.text)
    __aeabi_memclr8                          0x0001949f   Thumb Code     0  memseta.o(.text)
    _memset$wrapper                          0x000194a3   Thumb Code    18  memseta.o(.text)
    strlen                                   0x000194b5   Thumb Code    14  strlen.o(.text)
    strcpy                                   0x000194c3   Thumb Code    18  strcpy.o(.text)
    __aeabi_llsr                             0x000194d5   Thumb Code    32  llushr.o(.text)
    _ll_ushift_r                             0x000194d5   Thumb Code     0  llushr.o(.text)
    __scatterload                            0x000194f5   Thumb Code    28  init.o(.text)
    __scatterload_rt2                        0x000194f5   Thumb Code     0  init.o(.text)
    __decompress                             0x00019519   Thumb Code     0  __dczerorl2.o(.text)
    __decompress1                            0x00019519   Thumb Code    86  __dczerorl2.o(.text)
    GPIOTE_IRQHandler                        0x00019571   Thumb Code   346  nrfx_gpiote.o(i.GPIOTE_IRQHandler)
    POWER_CLOCK_IRQHandler                   0x00019739   Thumb Code    82  nrfx_clock.o(i.POWER_CLOCK_IRQHandler)
    RTC1_IRQHandler                          0x00019791   Thumb Code    32  app_timer.o(i.RTC1_IRQHandler)
    SEGGER_RTT_Init                          0x000197b5   Thumb Code     4  segger_rtt.o(i.SEGGER_RTT_Init)
    SEGGER_RTT_WriteNoLock                   0x000197b9   Thumb Code    86  segger_rtt.o(i.SEGGER_RTT_WriteNoLock)
    SWI0_EGU0_IRQHandler                     0x00019815   Thumb Code     4  app_timer.o(i.SWI0_EGU0_IRQHandler)
    SWI2_IRQHandler                          0x00019819   Thumb Code     4  nrf_sdh.o(i.SWI2_IRQHandler)
    SystemInit                               0x0001981d   Thumb Code   676  system_nrf52810.o(i.SystemInit)
    UARTE0_IRQHandler                        0x00019b09   Thumb Code     8  nrfx_uarte.o(i.UARTE0_IRQHandler)
    WDT_IRQHandler                           0x00019b19   Thumb Code    38  nrfx_wdt.o(i.WDT_IRQHandler)
    __scatterload_copy                       0x00019c67   Thumb Code    14  handlers.o(i.__scatterload_copy)
    __scatterload_null                       0x00019c75   Thumb Code     2  handlers.o(i.__scatterload_null)
    __scatterload_zeroinit                   0x00019c77   Thumb Code    14  handlers.o(i.__scatterload_zeroinit)
    app_error_fault_handler                  0x00019d71   Thumb Code    84  app_error_weak.o(i.app_error_fault_handler)
    app_error_handler_bare                   0x00019ded   Thumb Code    22  app_error.o(i.app_error_handler_bare)
    app_fifo_get                             0x00019e03   Thumb Code    22  app_fifo.o(i.app_fifo_get)
    app_fifo_put                             0x00019e19   Thumb Code    26  app_fifo.o(i.app_fifo_put)
    app_timer_create                         0x00019e35   Thumb Code    32  app_timer.o(i.app_timer_create)
    app_timer_init                           0x00019e59   Thumb Code    70  app_timer.o(i.app_timer_init)
    app_timer_start                          0x00019ead   Thumb Code   128  app_timer.o(i.app_timer_start)
    app_timer_stop                           0x00019f35   Thumb Code    26  app_timer.o(i.app_timer_stop)
    app_uart_put                             0x00019f55   Thumb Code    54  app_uart_fifo.o(i.app_uart_put)
    app_util_critical_region_enter           0x00019f95   Thumb Code    64  app_util_platform.o(i.app_util_critical_region_enter)
    app_util_critical_region_exit            0x00019fdd   Thumb Code    46  app_util_platform.o(i.app_util_critical_region_exit)
    blcm_link_ctx_get                        0x0001a011   Thumb Code    72  ble_link_ctx_manager.o(i.blcm_link_ctx_get)
    ble_advdata_encode                       0x0001a059   Thumb Code   386  ble_advdata.o(i.ble_advdata_encode)
    ble_advdata_parse                        0x0001a1db   Thumb Code    32  ble_advdata.o(i.ble_advdata_parse)
    ble_advdata_search                       0x0001a1fb   Thumb Code    56  ble_advdata.o(i.ble_advdata_search)
    ble_advertising_conn_cfg_tag_set         0x0001a233   Thumb Code     6  ble_advertising.o(i.ble_advertising_conn_cfg_tag_set)
    ble_advertising_init                     0x0001a239   Thumb Code   250  ble_advertising.o(i.ble_advertising_init)
    ble_advertising_on_ble_evt               0x0001a333   Thumb Code   106  ble_advertising.o(i.ble_advertising_on_ble_evt)
    ble_advertising_on_sys_evt               0x0001a39d   Thumb Code    48  ble_advertising.o(i.ble_advertising_on_sys_evt)
    ble_advertising_start                    0x0001a3cd   Thumb Code   542  ble_advertising.o(i.ble_advertising_start)
    ble_conn_params_init                     0x0001a5ed   Thumb Code    90  ble_conn_params.o(i.ble_conn_params_init)
    ble_conn_state_conn_idx                  0x0001a655   Thumb Code    18  ble_conn_state.o(i.ble_conn_state_conn_idx)
    ble_conn_state_valid                     0x0001a669   Thumb Code    16  ble_conn_state.o(i.ble_conn_state_valid)
    ble_nus_init                             0x0001aa1d   Thumb Code    84  ble_nus.o(i.ble_nus_init)
    ble_nus_on_ble_evt                       0x0001aa75   Thumb Code   112  ble_nus.o(i.ble_nus_on_ble_evt)
    ble_srv_is_notification_enabled          0x0001aae5   Thumb Code     8  ble_srv_common.o(i.ble_srv_is_notification_enabled)
    bsp_board_button_idx_to_pin              0x0001aaed   Thumb Code     6  boards.o(i.bsp_board_button_idx_to_pin)
    bsp_board_led_invert                     0x0001aaf9   Thumb Code    32  boards.o(i.bsp_board_led_invert)
    bsp_board_led_off                        0x0001ab1d   Thumb Code    10  boards.o(i.bsp_board_led_off)
    bsp_board_led_on                         0x0001ab2d   Thumb Code    10  boards.o(i.bsp_board_led_on)
    bsp_board_led_state_get                  0x0001ab3d   Thumb Code    28  boards.o(i.bsp_board_led_state_get)
    bsp_board_leds_off                       0x0001ab5d   Thumb Code    18  boards.o(i.bsp_board_leds_off)
    bsp_board_leds_on                        0x0001ab6f   Thumb Code    18  boards.o(i.bsp_board_leds_on)
    bsp_board_pin_to_button_idx              0x0001ab81   Thumb Code    30  boards.o(i.bsp_board_pin_to_button_idx)
    bsp_btn_ble_sleep_mode_prepare           0x0001aba5   Thumb Code    30  bsp_btn_ble.o(i.bsp_btn_ble_sleep_mode_prepare)
    bsp_event_to_button_action_assign        0x0001ac55   Thumb Code    64  bsp.o(i.bsp_event_to_button_action_assign)
    bsp_indication_set                       0x0001ac99   Thumb Code    20  bsp.o(i.bsp_indication_set)
    bsp_wakeup_button_enable                 0x0001ae69   Thumb Code     6  bsp.o(i.bsp_wakeup_button_enable)
    buffer_is_empty                          0x0001af21   Thumb Code    16  nrf_log_frontend.o(i.buffer_is_empty)
    conn_handle_list_get                     0x0001b035   Thumb Code    62  ble_conn_state.o(i.conn_handle_list_get)
    gatt_evt_handler                         0x0001b241   Thumb Code    48  main.o(i.gatt_evt_handler)
    gatt_init                                0x0001b295   Thumb Code    38  main.o(i.gatt_init)
    main                                     0x0001b5e5   Thumb Code   552  main.o(i.main)
    nrf_atfifo_item_free                     0x0001ba31   Thumb Code    22  nrf_atfifo.o(i.nrf_atfifo_item_free)
    nrf_atfifo_item_get                      0x0001ba47   Thumb Code    22  nrf_atfifo.o(i.nrf_atfifo_item_get)
    nrf_atflags_clear                        0x0001ba5d   Thumb Code    22  nrf_atflags.o(i.nrf_atflags_clear)
    nrf_atflags_get                          0x0001ba73   Thumb Code    22  nrf_atflags.o(i.nrf_atflags_get)
    nrf_atflags_set                          0x0001ba89   Thumb Code    20  nrf_atflags.o(i.nrf_atflags_set)
    nrf_atomic_flag_clear_fetch              0x0001ba9d   Thumb Code     6  nrf_atomic.o(i.nrf_atomic_flag_clear_fetch)
    nrf_atomic_flag_set                      0x0001baa3   Thumb Code     6  nrf_atomic.o(i.nrf_atomic_flag_set)
    nrf_atomic_u32_add                       0x0001baa9   Thumb Code    12  nrf_atomic.o(i.nrf_atomic_u32_add)
    nrf_atomic_u32_and                       0x0001bab5   Thumb Code    12  nrf_atomic.o(i.nrf_atomic_u32_and)
    nrf_atomic_u32_fetch_and                 0x0001bac1   Thumb Code    10  nrf_atomic.o(i.nrf_atomic_u32_fetch_and)
    nrf_atomic_u32_fetch_store               0x0001bacb   Thumb Code    10  nrf_atomic.o(i.nrf_atomic_u32_fetch_store)
    nrf_atomic_u32_or                        0x0001bad5   Thumb Code    12  nrf_atomic.o(i.nrf_atomic_u32_or)
    nrf_atomic_u32_sub                       0x0001bae1   Thumb Code    12  nrf_atomic.o(i.nrf_atomic_u32_sub)
    nrf_balloc_alloc                         0x0001baed   Thumb Code    68  nrf_balloc.o(i.nrf_balloc_alloc)
    nrf_balloc_free                          0x0001bb31   Thumb Code    48  nrf_balloc.o(i.nrf_balloc_free)
    nrf_balloc_init                          0x0001bb61   Thumb Code    48  nrf_balloc.o(i.nrf_balloc_init)
    nrf_ble_gatt_att_mtu_periph_set          0x0001bbb5   Thumb Code    24  nrf_ble_gatt.o(i.nrf_ble_gatt_att_mtu_periph_set)
    nrf_ble_gatt_init                        0x0001bbcd   Thumb Code    34  nrf_ble_gatt.o(i.nrf_ble_gatt_init)
    nrf_ble_gatt_on_ble_evt                  0x0001bbf1   Thumb Code   176  nrf_ble_gatt.o(i.nrf_ble_gatt_on_ble_evt)
    nrf_ble_qwr_conn_handle_assign           0x0001bcdd   Thumb Code    22  nrf_ble_qwr.o(i.nrf_ble_qwr_conn_handle_assign)
    nrf_ble_qwr_init                         0x0001bcf3   Thumb Code    36  nrf_ble_qwr.o(i.nrf_ble_qwr_init)
    nrf_ble_qwr_on_ble_evt                   0x0001bd17   Thumb Code   182  nrf_ble_qwr.o(i.nrf_ble_qwr_on_ble_evt)
    nrf_drv_clock_init                       0x0001bded   Thumb Code    48  nrf_drv_clock.o(i.nrf_drv_clock_init)
    nrf_drv_clock_lfclk_release              0x0001be25   Thumb Code    42  nrf_drv_clock.o(i.nrf_drv_clock_lfclk_release)
    nrf_fprintf                              0x0001be5b   Thumb Code    26  nrf_fprintf.o(i.nrf_fprintf)
    nrf_fprintf_buffer_flush                 0x0001be75   Thumb Code    24  nrf_fprintf.o(i.nrf_fprintf_buffer_flush)
    nrf_fprintf_fmt                          0x0001be8d   Thumb Code   474  nrf_fprintf_format.o(i.nrf_fprintf_fmt)
    nrf_fstorage_is_busy                     0x0001c069   Thumb Code    70  nrf_fstorage.o(i.nrf_fstorage_is_busy)
    nrf_fstorage_sdh_req_handler             0x0001c0b9   Thumb Code    18  nrf_fstorage_sd.o(i.nrf_fstorage_sdh_req_handler)
    nrf_fstorage_sdh_state_handler           0x0001c0d1   Thumb Code    28  nrf_fstorage_sd.o(i.nrf_fstorage_sdh_state_handler)
    nrf_fstorage_sys_evt_handler             0x0001c0f1   Thumb Code   154  nrf_fstorage_sd.o(i.nrf_fstorage_sys_evt_handler)
    nrf_log_backend_add                      0x0001c219   Thumb Code    74  nrf_log_frontend.o(i.nrf_log_backend_add)
    nrf_log_backend_rtt_init                 0x0001c26b   Thumb Code     4  nrf_log_backend_rtt.o(i.nrf_log_backend_rtt_init)
    nrf_log_backend_serial_put               0x0001c289   Thumb Code   200  nrf_log_backend_serial.o(i.nrf_log_backend_serial_put)
    nrf_log_color_id_get                     0x0001c351   Thumb Code    42  nrf_log_frontend.o(i.nrf_log_color_id_get)
    nrf_log_default_backends_init            0x0001c381   Thumb Code    22  nrf_log_default_backends.o(i.nrf_log_default_backends_init)
    nrf_log_frontend_dequeue                 0x0001c39d   Thumb Code   510  nrf_log_frontend.o(i.nrf_log_frontend_dequeue)
    nrf_log_frontend_std_0                   0x0001c5bd   Thumb Code     8  nrf_log_frontend.o(i.nrf_log_frontend_std_0)
    nrf_log_frontend_std_1                   0x0001c5c5   Thumb Code    14  nrf_log_frontend.o(i.nrf_log_frontend_std_1)
    nrf_log_frontend_std_2                   0x0001c5d3   Thumb Code    16  nrf_log_frontend.o(i.nrf_log_frontend_std_2)
    nrf_log_hexdump_entry_process            0x0001c5e5   Thumb Code   146  nrf_log_str_formatter.o(i.nrf_log_hexdump_entry_process)
    nrf_log_init                             0x0001c691   Thumb Code    66  nrf_log_frontend.o(i.nrf_log_init)
    nrf_log_module_cnt_get                   0x0001c6e9   Thumb Code    10  nrf_log_frontend.o(i.nrf_log_module_cnt_get)
    nrf_log_module_name_get                  0x0001c6fd   Thumb Code    24  nrf_log_frontend.o(i.nrf_log_module_name_get)
    nrf_log_panic                            0x0001c719   Thumb Code    34  nrf_log_frontend.o(i.nrf_log_panic)
    nrf_log_std_entry_process                0x0001c741   Thumb Code   182  nrf_log_str_formatter.o(i.nrf_log_std_entry_process)
    nrf_memobj_alloc                         0x0001c7f7   Thumb Code    96  nrf_memobj.o(i.nrf_memobj_alloc)
    nrf_memobj_free                          0x0001c857   Thumb Code    50  nrf_memobj.o(i.nrf_memobj_free)
    nrf_memobj_get                           0x0001c889   Thumb Code     8  nrf_memobj.o(i.nrf_memobj_get)
    nrf_memobj_pool_init                     0x0001c891   Thumb Code     4  nrf_memobj.o(i.nrf_memobj_pool_init)
    nrf_memobj_put                           0x0001c895   Thumb Code    30  nrf_memobj.o(i.nrf_memobj_put)
    nrf_memobj_read                          0x0001c8b3   Thumb Code    12  nrf_memobj.o(i.nrf_memobj_read)
    nrf_memobj_write                         0x0001c8bf   Thumb Code    12  nrf_memobj.o(i.nrf_memobj_write)
    nrf_pwr_mgmt_init                        0x0001c8cd   Thumb Code    28  nrf_pwr_mgmt.o(i.nrf_pwr_mgmt_init)
    nrf_pwr_mgmt_run                         0x0001c8f5   Thumb Code    20  nrf_pwr_mgmt.o(i.nrf_pwr_mgmt_run)
    nrf_sdh_ble_app_ram_start_get            0x0001c90d   Thumb Code    16  nrf_sdh_ble.o(i.nrf_sdh_ble_app_ram_start_get)
    nrf_sdh_ble_default_cfg_set              0x0001c921   Thumb Code   306  nrf_sdh_ble.o(i.nrf_sdh_ble_default_cfg_set)
    nrf_sdh_ble_enable                       0x0001ca71   Thumb Code   116  nrf_sdh_ble.o(i.nrf_sdh_ble_enable)
    nrf_sdh_disable_request                  0x0001cbfd   Thumb Code    80  nrf_sdh.o(i.nrf_sdh_disable_request)
    nrf_sdh_enable_request                   0x0001cc51   Thumb Code   130  nrf_sdh.o(i.nrf_sdh_enable_request)
    nrf_sdh_evts_poll                        0x0001cce1   Thumb Code    32  nrf_sdh.o(i.nrf_sdh_evts_poll)
    nrf_sdh_is_enabled                       0x0001cd05   Thumb Code     6  nrf_sdh.o(i.nrf_sdh_is_enabled)
    nrf_sdh_request_continue                 0x0001cd11   Thumb Code    22  nrf_sdh.o(i.nrf_sdh_request_continue)
    nrf_section_iter_init                    0x0001cd69   Thumb Code    10  nrf_section_iter.o(i.nrf_section_iter_init)
    nrf_section_iter_next                    0x0001cd97   Thumb Code    32  nrf_section_iter.o(i.nrf_section_iter_next)
    nrf_strerror_find                        0x0001cdb9   Thumb Code    52  nrf_strerror.o(i.nrf_strerror_find)
    nrf_strerror_get                         0x0001cdf1   Thumb Code    14  nrf_strerror.o(i.nrf_strerror_get)
    nrfx_clock_enable                        0x0001ce1d   Thumb Code    36  nrfx_clock.o(i.nrfx_clock_enable)
    nrfx_clock_init                          0x0001ce49   Thumb Code    26  nrfx_clock.o(i.nrfx_clock_init)
    nrfx_clock_lfclk_stop                    0x0001ce69   Thumb Code    20  nrfx_clock.o(i.nrfx_clock_lfclk_stop)
    nrfx_uarte_tx                            0x0001cea5   Thumb Code   138  nrfx_uarte.o(i.nrfx_uarte_tx)
    nrfx_uarte_tx_in_progress                0x0001cf35   Thumb Code    22  nrfx_uarte.o(i.nrfx_uarte_tx_in_progress)
    nrfx_wdt_channel_alloc                   0x0001cf51   Thumb Code    60  nrfx_wdt.o(i.nrfx_wdt_channel_alloc)
    nrfx_wdt_enable                          0x0001cf95   Thumb Code    18  nrfx_wdt.o(i.nrfx_wdt_enable)
    nrfx_wdt_feed                            0x0001cfb1   Thumb Code    32  nrfx_wdt.o(i.nrfx_wdt_feed)
    nrfx_wdt_init                            0x0001cfdd   Thumb Code    70  nrfx_wdt.o(i.nrfx_wdt_init)
    wdt_event_handler                        0x0001df19   Thumb Code     2  main.o(i.wdt_event_handler)
    nrf_log_backend_rtt_api                  0x0001e118   Data          12  nrf_log_backend_rtt.o(.constdata)
    m_ram_start                              0x0001e1a4   Data           4  nrf_sdh_ble.o(.constdata)
    __ctype_table                            0x0001e1d0   Data         129  ctype_o.o(.constdata)
    Region$$Table$$Base                      0x0001e920   Number         0  anon$$obj.o(Region$$Table)
    Region$$Table$$Limit                     0x0001e940   Number         0  anon$$obj.o(Region$$Table)
    log_const_data$$Base                     0x0001e940   Number         0  nrf_ble_gatt.o(log_const_data)
    m_nrf_log_nrf_ble_gatt_logs_data_const   0x0001e940   Data           8  nrf_ble_gatt.o(log_const_data)
    m_nrf_log_ble_nus_logs_data_const        0x0001e948   Data           8  ble_nus.o(log_const_data)
    m_nrf_log_clock_logs_data_const          0x0001e950   Data           8  nrf_drv_clock.o(log_const_data)
    m_nrf_log_CLOCK_logs_data_const          0x0001e958   Data           8  nrfx_clock.o(log_const_data)
    m_nrf_log_GPIOTE_logs_data_const         0x0001e960   Data           8  nrfx_gpiote.o(log_const_data)
    m_nrf_log_PRS_logs_data_const            0x0001e968   Data           8  nrfx_prs.o(log_const_data)
    m_nrf_log_UARTE_logs_data_const          0x0001e970   Data           8  nrfx_uarte.o(log_const_data)
    m_nrf_log_WDT_logs_data_const            0x0001e978   Data           8  nrfx_wdt.o(log_const_data)
    m_nrf_log_nrf_fstorage_logs_data_const   0x0001e980   Data           8  nrf_fstorage.o(log_const_data)
    m_nrf_log_atfifo_m_fifo_logs_data_const  0x0001e988   Data           8  nrf_fstorage_sd.o(log_const_data)
    m_nrf_log_pwr_mgmt_logs_data_const       0x0001e990   Data           8  nrf_pwr_mgmt.o(log_const_data)
    m_nrf_log_balloc_log_mempool_logs_data_const 0x0001e998   Data           8  nrf_log_frontend.o(log_const_data)
    m_nrf_log_app_logs_data_const            0x0001e9a0   Data           8  nrf_log_frontend.o(log_const_data)
    m_nrf_log_nrf_sdh_logs_data_const        0x0001e9a8   Data           8  nrf_sdh.o(log_const_data)
    m_nrf_log_nrf_sdh_ble_logs_data_const    0x0001e9b0   Data           8  nrf_sdh_ble.o(log_const_data)
    m_nrf_log_nrf_sdh_soc_logs_data_const    0x0001e9b8   Data           8  nrf_sdh_soc.o(log_const_data)
    log_const_data$$Limit                    0x0001e9c0   Number         0  nrf_sdh_soc.o(log_const_data)
    log_mempool                              0x0001e9c0   Data          24  nrf_log_frontend.o(nrf_balloc)
    sdh_ble_observers0$$Base                 0x0001e9d8   Number         0  ble_conn_state.o(sdh_ble_observers0)
    sdh_ble_observers0$$Limit                0x0001e9e0   Number         0  ble_conn_state.o(sdh_ble_observers0)
    sdh_ble_observers1$$Base                 0x0001e9e0   Number         0  main.o(sdh_ble_observers1)
    sdh_ble_observers1$$Limit                0x0001ea00   Number         0  ble_conn_params.o(sdh_ble_observers1)
    sdh_ble_observers2$$Base                 0x0001ea00   Number         0  main.o(sdh_ble_observers2)
    sdh_ble_observers2$$Limit                0x0001ea10   Number         0  main.o(sdh_ble_observers2)
    sdh_ble_observers3$$Base                 0x0001ea10   Number         0  main.o(sdh_ble_observers3)
    m_req_obs                                0x0001ea18   Data           8  nrf_fstorage_sd.o(sdh_req_observers0)
    sdh_ble_observers3$$Limit                0x0001ea18   Number         0  main.o(sdh_ble_observers3)
    sdh_req_observers0$$Base                 0x0001ea18   Number         0  nrf_fstorage_sd.o(sdh_req_observers0)
    sdh_req_observers0$$Limit                0x0001ea20   Number         0  nrf_fstorage_sd.o(sdh_req_observers0)
    sdh_soc_observers0$$Base                 0x0001ea20   Number         0  nrf_drv_clock.o(sdh_soc_observers0)
    sdh_soc_observers0$$Limit                0x0001ea30   Number         0  nrf_fstorage_sd.o(sdh_soc_observers0)
    sdh_soc_observers1$$Base                 0x0001ea30   Number         0  main.o(sdh_soc_observers1)
    sdh_soc_observers1$$Limit                0x0001ea38   Number         0  main.o(sdh_soc_observers1)
    sdh_stack_observers0$$Base               0x0001ea38   Number         0  nrf_sdh_ble.o(sdh_stack_observers0)
    sdh_stack_observers0$$Limit              0x0001ea48   Number         0  nrf_sdh_soc.o(sdh_stack_observers0)
    sdh_state_observers0$$Base               0x0001ea48   Number         0  nrf_drv_clock.o(sdh_state_observers0)
    sdh_state_observers0$$Limit              0x0001ea58   Number         0  nrf_fstorage_sd.o(sdh_state_observers0)
    Image$$RW_IRAM1$$Base                    0x20002500   Number         0  anon$$obj.o ABSOLUTE
    A_mode                                   0x20002508   Data           1  main.o(.data)
    B_mode                                   0x20002509   Data           1  main.o(.data)
    m_channel_id                             0x2000250b   Data           1  main.o(.data)
    SystemCoreClock                          0x20002618   Data           4  system_nrf52810.o(.data)
    log_dynamic_data$$Base                   0x2000261c   Number         0  nrf_ble_gatt.o(log_dynamic_data)
    m_nrf_log_nrf_ble_gatt_logs_data_dynamic 0x2000261c   Data           4  nrf_ble_gatt.o(log_dynamic_data)
    m_nrf_log_ble_nus_logs_data_dynamic      0x20002620   Data           4  ble_nus.o(log_dynamic_data)
    m_nrf_log_clock_logs_data_dynamic        0x20002624   Data           4  nrf_drv_clock.o(log_dynamic_data)
    m_nrf_log_CLOCK_logs_data_dynamic        0x20002628   Data           4  nrfx_clock.o(log_dynamic_data)
    m_nrf_log_GPIOTE_logs_data_dynamic       0x2000262c   Data           4  nrfx_gpiote.o(log_dynamic_data)
    m_nrf_log_PRS_logs_data_dynamic          0x20002630   Data           4  nrfx_prs.o(log_dynamic_data)
    m_nrf_log_UARTE_logs_data_dynamic        0x20002634   Data           4  nrfx_uarte.o(log_dynamic_data)
    m_nrf_log_WDT_logs_data_dynamic          0x20002638   Data           4  nrfx_wdt.o(log_dynamic_data)
    m_nrf_log_nrf_fstorage_logs_data_dynamic 0x2000263c   Data           4  nrf_fstorage.o(log_dynamic_data)
    m_nrf_log_atfifo_m_fifo_logs_data_dynamic 0x20002640   Data           4  nrf_fstorage_sd.o(log_dynamic_data)
    m_nrf_log_pwr_mgmt_logs_data_dynamic     0x20002644   Data           4  nrf_pwr_mgmt.o(log_dynamic_data)
    m_nrf_log_balloc_log_mempool_logs_data_dynamic 0x20002648   Data           4  nrf_log_frontend.o(log_dynamic_data)
    m_nrf_log_app_logs_data_dynamic          0x2000264c   Data           4  nrf_log_frontend.o(log_dynamic_data)
    m_nrf_log_nrf_sdh_logs_data_dynamic      0x20002650   Data           4  nrf_sdh.o(log_dynamic_data)
    m_nrf_log_nrf_sdh_ble_logs_data_dynamic  0x20002654   Data           4  nrf_sdh_ble.o(log_dynamic_data)
    m_nrf_log_nrf_sdh_soc_logs_data_dynamic  0x20002658   Data           4  nrf_sdh_soc.o(log_dynamic_data)
    nrf_nvic_state                           0x20002b38   Data          12  app_util_platform.o(.bss)
    _SEGGER_RTT                              0x20003114   Data         120  segger_rtt.o(.bss)
    __initial_sp                             0x20003ba0   Data           0  arm_startup_nrf52810.o(STACK)



==============================================================================

Memory Map of the image

  Image Entry point : 0x00019201

  Load Region LR_IROM1 (Base: 0x00019000, Size: 0x00005bb4, Max: 0x00017000, ABSOLUTE, COMPRESSED[0x00005aac])

    Execution Region ER_IROM1 (Base: 0x00019000, Size: 0x00005a58, Max: 0x00017000, ABSOLUTE)

    Base Addr    Size         Type   Attr      Idx    E Section Name        Object

    0x00019000   0x00000200   Data   RO         4645    RESET               arm_startup_nrf52810.o
    0x00019200   0x00000000   Code   RO         4686  * .ARM.Collect$$$$00000000  mc_w.l(entry.o)
    0x00019200   0x00000004   Code   RO         4733    .ARM.Collect$$$$00000001  mc_w.l(entry2.o)
    0x00019204   0x00000004   Code   RO         4736    .ARM.Collect$$$$00000004  mc_w.l(entry5.o)
    0x00019208   0x00000000   Code   RO         4738    .ARM.Collect$$$$00000008  mc_w.l(entry7b.o)
    0x00019208   0x00000000   Code   RO         4740    .ARM.Collect$$$$0000000A  mc_w.l(entry8b.o)
    0x00019208   0x00000008   Code   RO         4741    .ARM.Collect$$$$0000000B  mc_w.l(entry9a.o)
    0x00019210   0x00000000   Code   RO         4743    .ARM.Collect$$$$0000000D  mc_w.l(entry10a.o)
    0x00019210   0x00000000   Code   RO         4745    .ARM.Collect$$$$0000000F  mc_w.l(entry11a.o)
    0x00019210   0x00000004   Code   RO         4734    .ARM.Collect$$$$00002712  mc_w.l(entry2.o)
    0x00019214   0x000000c8   Code   RO         2958    .emb_text           nrf_atfifo.o
    0x000192dc   0x000000e2   Code   RO         3097    .emb_text           nrf_atomic.o
    0x000193be   0x00000002   PAD
    0x000193c0   0x00000024   Code   RO         4646    .text               arm_startup_nrf52810.o
    0x000193e4   0x00000062   Code   RO         4689    .text               mc_w.l(uldiv.o)
    0x00019446   0x0000001e   Code   RO         4691    .text               mc_w.l(llshl.o)
    0x00019464   0x00000008   Code   RO         4693    .text               mc_w.l(ctype_o.o)
    0x0001946c   0x00000024   Code   RO         4721    .text               mc_w.l(memcpya.o)
    0x00019490   0x00000024   Code   RO         4723    .text               mc_w.l(memseta.o)
    0x000194b4   0x0000000e   Code   RO         4725    .text               mc_w.l(strlen.o)
    0x000194c2   0x00000012   Code   RO         4729    .text               mc_w.l(strcpy.o)
    0x000194d4   0x00000020   Code   RO         4747    .text               mc_w.l(llushr.o)
    0x000194f4   0x00000024   Code   RO         4749    .text               mc_w.l(init.o)
    0x00019518   0x00000056   Code   RO         4759    .text               mc_w.l(__dczerorl2.o)
    0x0001956e   0x00000002   PAD
    0x00019570   0x00000164   Code   RO         1737    i.GPIOTE_IRQHandler  nrfx_gpiote.o
    0x000196d4   0x00000016   Code   RO         2596    i.NVIC_ClearPendingIRQ  app_timer.o
    0x000196ea   0x00000016   Code   RO         2597    i.NVIC_EnableIRQ    app_timer.o
    0x00019700   0x00000016   Code   RO         2598    i.NVIC_SetPendingIRQ  app_timer.o
    0x00019716   0x00000020   Code   RO         2599    i.NVIC_SetPriority  app_timer.o
    0x00019736   0x00000002   PAD
    0x00019738   0x00000058   Code   RO         1605    i.POWER_CLOCK_IRQHandler  nrfx_clock.o
    0x00019790   0x00000024   Code   RO         2600    i.RTC1_IRQHandler   app_timer.o
    0x000197b4   0x00000004   Code   RO         4181    i.SEGGER_RTT_Init   segger_rtt.o
    0x000197b8   0x0000005c   Code   RO         4195    i.SEGGER_RTT_WriteNoLock  segger_rtt.o
    0x00019814   0x00000004   Code   RO         2601    i.SWI0_EGU0_IRQHandler  app_timer.o
    0x00019818   0x00000004   Code   RO         4432    i.SWI2_IRQHandler   nrf_sdh.o
    0x0001981c   0x000002ec   Code   RO         4654    i.SystemInit        system_nrf52810.o
    0x00019b08   0x00000010   Code   RO         2075    i.UARTE0_IRQHandler  nrfx_uarte.o
    0x00019b18   0x00000034   Code   RO         2236    i.WDT_IRQHandler    nrfx_wdt.o
    0x00019b4c   0x00000068   Code   RO         4199    i._DoInit           segger_rtt.o
    0x00019bb4   0x00000016   Code   RO         4200    i._GetAvailWriteSpace  segger_rtt.o
    0x00019bca   0x0000005a   Code   RO         4202    i._WriteBlocking    segger_rtt.o
    0x00019c24   0x00000042   Code   RO         4203    i._WriteNoCheck     segger_rtt.o
    0x00019c66   0x0000000e   Code   RO         4753    i.__scatterload_copy  mc_w.l(handlers.o)
    0x00019c74   0x00000002   Code   RO         4754    i.__scatterload_null  mc_w.l(handlers.o)
    0x00019c76   0x0000000e   Code   RO         4755    i.__scatterload_zeroinit  mc_w.l(handlers.o)
    0x00019c84   0x00000024   Code   RO         4433    i.__sd_nvic_app_accessible_irq  nrf_sdh.o
    0x00019ca8   0x00000016   Code   RO         4434    i.__sd_nvic_is_app_accessible_priority  nrf_sdh.o
    0x00019cbe   0x00000036   Code   RO          670    i.advertising_buttons_configure  bsp_btn_ble.o
    0x00019cf4   0x00000060   Code   RO            4    i.advertising_init  main.o
    0x00019d54   0x0000001c   Code   RO            5    i.advertising_start  main.o
    0x00019d70   0x0000007c   Code   RO         2429    i.app_error_fault_handler  app_error_weak.o
    0x00019dec   0x00000016   Code   RO         2369    i.app_error_handler_bare  app_error.o
    0x00019e02   0x00000016   Code   RO         2473    i.app_fifo_get      app_fifo.o
    0x00019e18   0x0000001a   Code   RO         2476    i.app_fifo_put      app_fifo.o
    0x00019e32   0x00000002   PAD
    0x00019e34   0x00000024   Code   RO         2604    i.app_timer_create  app_timer.o
    0x00019e58   0x00000054   Code   RO         2605    i.app_timer_init    app_timer.o
    0x00019eac   0x00000088   Code   RO         2608    i.app_timer_start   app_timer.o
    0x00019f34   0x00000020   Code   RO         2609    i.app_timer_stop    app_timer.o
    0x00019f54   0x00000040   Code   RO         2773    i.app_uart_put      app_uart_fifo.o
    0x00019f94   0x00000048   Code   RO         2845    i.app_util_critical_region_enter  app_util_platform.o
    0x00019fdc   0x00000034   Code   RO         2846    i.app_util_critical_region_exit  app_util_platform.o
    0x0001a010   0x00000048   Code   RO         1155    i.blcm_link_ctx_get  ble_link_ctx_manager.o
    0x0001a058   0x00000182   Code   RO          723    i.ble_advdata_encode  ble_advdata.o
    0x0001a1da   0x00000020   Code   RO          725    i.ble_advdata_parse  ble_advdata.o
    0x0001a1fa   0x00000038   Code   RO          726    i.ble_advdata_search  ble_advdata.o
    0x0001a232   0x00000006   Code   RO          829    i.ble_advertising_conn_cfg_tag_set  ble_advertising.o
    0x0001a238   0x000000fa   Code   RO          830    i.ble_advertising_init  ble_advertising.o
    0x0001a332   0x0000006a   Code   RO          832    i.ble_advertising_on_ble_evt  ble_advertising.o
    0x0001a39c   0x00000030   Code   RO          833    i.ble_advertising_on_sys_evt  ble_advertising.o
    0x0001a3cc   0x0000021e   Code   RO          836    i.ble_advertising_start  ble_advertising.o
    0x0001a5ea   0x00000002   PAD
    0x0001a5ec   0x00000068   Code   RO          923    i.ble_conn_params_init  ble_conn_params.o
    0x0001a654   0x00000012   Code   RO          998    i.ble_conn_state_conn_idx  ble_conn_state.o
    0x0001a666   0x00000002   PAD
    0x0001a668   0x00000014   Code   RO         1011    i.ble_conn_state_valid  ble_conn_state.o
    0x0001a67c   0x00000060   Code   RO          729    i.ble_device_addr_encode  ble_advdata.o
    0x0001a6dc   0x000000d0   Code   RO            7    i.ble_evt_handler   main.o
    0x0001a7ac   0x00000070   Code   RO          671    i.ble_evt_handler   bsp_btn_ble.o
    0x0001a81c   0x000000fc   Code   RO          925    i.ble_evt_handler   ble_conn_params.o
    0x0001a918   0x00000104   Code   RO         1012    i.ble_evt_handler   ble_conn_state.o
    0x0001aa1c   0x00000058   Code   RO         1358    i.ble_nus_init      ble_nus.o
    0x0001aa74   0x00000070   Code   RO         1359    i.ble_nus_on_ble_evt  ble_nus.o
    0x0001aae4   0x00000008   Code   RO         1181    i.ble_srv_is_notification_enabled  ble_srv_common.o
    0x0001aaec   0x0000000c   Code   RO          420    i.bsp_board_button_idx_to_pin  boards.o
    0x0001aaf8   0x00000024   Code   RO          424    i.bsp_board_led_invert  boards.o
    0x0001ab1c   0x00000010   Code   RO          425    i.bsp_board_led_off  boards.o
    0x0001ab2c   0x00000010   Code   RO          426    i.bsp_board_led_on  boards.o
    0x0001ab3c   0x00000020   Code   RO          427    i.bsp_board_led_state_get  boards.o
    0x0001ab5c   0x00000012   Code   RO          428    i.bsp_board_leds_off  boards.o
    0x0001ab6e   0x00000012   Code   RO          429    i.bsp_board_leds_on  boards.o
    0x0001ab80   0x00000024   Code   RO          430    i.bsp_board_pin_to_button_idx  boards.o
    0x0001aba4   0x0000001e   Code   RO          673    i.bsp_btn_ble_sleep_mode_prepare  bsp_btn_ble.o
    0x0001abc2   0x00000002   PAD
    0x0001abc4   0x00000090   Code   RO          554    i.bsp_button_event_handler  bsp.o
    0x0001ac54   0x00000044   Code   RO          558    i.bsp_event_to_button_action_assign  bsp.o
    0x0001ac98   0x00000018   Code   RO          559    i.bsp_indication_set  bsp.o
    0x0001acb0   0x000001b8   Code   RO          561    i.bsp_led_indication  bsp.o
    0x0001ae68   0x00000006   Code   RO          563    i.bsp_wakeup_button_enable  bsp.o
    0x0001ae6e   0x00000002   PAD
    0x0001ae70   0x00000090   Code   RO         3935    i.buf_prealloc      nrf_log_frontend.o
    0x0001af00   0x0000001e   Code   RO         3309    i.buffer_add        nrf_fprintf_format.o
    0x0001af1e   0x00000002   PAD
    0x0001af20   0x00000014   Code   RO         3936    i.buffer_is_empty   nrf_log_frontend.o
    0x0001af34   0x00000010   Code   RO         1740    i.channel_port_get  nrfx_gpiote.o
    0x0001af44   0x00000028   Code   RO         1422    i.clock_clk_started_notify  nrf_drv_clock.o
    0x0001af6c   0x0000001c   Code   RO         1423    i.clock_irq_handler  nrf_drv_clock.o
    0x0001af88   0x000000ac   Code   RO         2611    i.compare_reg_update  app_timer.o
    0x0001b034   0x0000003e   Code   RO         1013    i.conn_handle_list_get  ble_conn_state.o
    0x0001b072   0x00000088   Code   RO          730    i.conn_int_encode   ble_advdata.o
    0x0001b0fa   0x00000004   Code   RO            9    i.conn_params_error_handler  main.o
    0x0001b0fe   0x00000002   PAD
    0x0001b100   0x00000048   Code   RO          926    i.conn_params_negotiation  ble_conn_params.o
    0x0001b148   0x00000014   Code   RO         3938    i.dropped_sat16_get  nrf_log_frontend.o
    0x0001b15c   0x00000040   Code   RO         2612    i.elapsed_ticks_acquire  app_timer.o
    0x0001b19c   0x00000054   Code   RO         3434    i.event_send        nrf_fstorage_sd.o
    0x0001b1f0   0x00000014   Code   RO         2479    i.fifo_get          app_fifo.o
    0x0001b204   0x00000012   Code   RO         2480    i.fifo_put          app_fifo.o
    0x0001b216   0x00000028   Code   RO          838    i.flags_set         ble_advertising.o
    0x0001b23e   0x00000002   PAD
    0x0001b240   0x00000054   Code   RO           10    i.gatt_evt_handler  main.o
    0x0001b294   0x00000030   Code   RO           11    i.gatt_init         main.o
    0x0001b2c4   0x00000014   Code   RO          927    i.instance_get      ble_conn_params.o
    0x0001b2d8   0x000000a6   Code   RO         3310    i.int_print         nrf_fprintf_format.o
    0x0001b37e   0x0000004c   Code   RO         3939    i.invalid_packets_pushed_str_omit  nrf_log_frontend.o
    0x0001b3ca   0x00000044   Code   RO          928    i.is_conn_params_ok  ble_conn_params.o
    0x0001b40e   0x00000002   PAD
    0x0001b410   0x00000030   Code   RO          565    i.leds_off          bsp.o
    0x0001b440   0x00000010   Code   RO         1241    i.link_init         nrf_ble_gatt.o
    0x0001b450   0x000000f8   Code   RO         2613    i.list_insertions_handler  app_timer.o
    0x0001b548   0x0000009c   Code   RO         3940    i.log_skip          nrf_log_frontend.o
    0x0001b5e4   0x000002a4   Code   RO           12    i.main              main.o
    0x0001b888   0x00000064   Code   RO          731    i.manuf_specific_data_encode  ble_advdata.o
    0x0001b8ec   0x00000076   Code   RO         3548    i.memobj_op         nrf_memobj.o
    0x0001b962   0x00000002   PAD
    0x0001b964   0x00000030   Code   RO         3941    i.module_idx_get    nrf_log_frontend.o
    0x0001b994   0x0000009c   Code   RO          732    i.name_encode       ble_advdata.o
    0x0001ba30   0x00000016   Code   RO         2964    i.nrf_atfifo_item_free  nrf_atfifo.o
    0x0001ba46   0x00000016   Code   RO         2965    i.nrf_atfifo_item_get  nrf_atfifo.o
    0x0001ba5c   0x00000016   Code   RO         3031    i.nrf_atflags_clear  nrf_atflags.o
    0x0001ba72   0x00000016   Code   RO         3036    i.nrf_atflags_get   nrf_atflags.o
    0x0001ba88   0x00000014   Code   RO         3038    i.nrf_atflags_set   nrf_atflags.o
    0x0001ba9c   0x00000006   Code   RO         3099    i.nrf_atomic_flag_clear_fetch  nrf_atomic.o
    0x0001baa2   0x00000006   Code   RO         3100    i.nrf_atomic_flag_set  nrf_atomic.o
    0x0001baa8   0x0000000c   Code   RO         3102    i.nrf_atomic_u32_add  nrf_atomic.o
    0x0001bab4   0x0000000c   Code   RO         3103    i.nrf_atomic_u32_and  nrf_atomic.o
    0x0001bac0   0x0000000a   Code   RO         3106    i.nrf_atomic_u32_fetch_and  nrf_atomic.o
    0x0001baca   0x0000000a   Code   RO         3108    i.nrf_atomic_u32_fetch_store  nrf_atomic.o
    0x0001bad4   0x0000000c   Code   RO         3112    i.nrf_atomic_u32_or  nrf_atomic.o
    0x0001bae0   0x0000000c   Code   RO         3114    i.nrf_atomic_u32_sub  nrf_atomic.o
    0x0001baec   0x00000044   Code   RO         3233    i.nrf_balloc_alloc  nrf_balloc.o
    0x0001bb30   0x00000030   Code   RO         3234    i.nrf_balloc_free   nrf_balloc.o
    0x0001bb60   0x00000030   Code   RO         3235    i.nrf_balloc_init   nrf_balloc.o
    0x0001bb90   0x00000010   Code   RO         1741    i.nrf_bitmask_bit_is_set  nrfx_gpiote.o
    0x0001bba0   0x00000014   Code   RO         1742    i.nrf_bitmask_bit_set  nrfx_gpiote.o
    0x0001bbb4   0x00000018   Code   RO         1243    i.nrf_ble_gatt_att_mtu_periph_set  nrf_ble_gatt.o
    0x0001bbcc   0x00000022   Code   RO         1245    i.nrf_ble_gatt_init  nrf_ble_gatt.o
    0x0001bbee   0x00000002   PAD
    0x0001bbf0   0x000000ec   Code   RO         1246    i.nrf_ble_gatt_on_ble_evt  nrf_ble_gatt.o
    0x0001bcdc   0x00000016   Code   RO         1316    i.nrf_ble_qwr_conn_handle_assign  nrf_ble_qwr.o
    0x0001bcf2   0x00000024   Code   RO         1317    i.nrf_ble_qwr_init  nrf_ble_qwr.o
    0x0001bd16   0x000000b6   Code   RO         1318    i.nrf_ble_qwr_on_ble_evt  nrf_ble_qwr.o
    0x0001bdcc   0x0000000e   Code   RO         1606    i.nrf_clock_event_check  nrfx_clock.o
    0x0001bdda   0x00000010   Code   RO         1607    i.nrf_clock_event_clear  nrfx_clock.o
    0x0001bdea   0x00000002   PAD
    0x0001bdec   0x00000038   Code   RO         1430    i.nrf_drv_clock_init  nrf_drv_clock.o
    0x0001be24   0x00000030   Code   RO         1434    i.nrf_drv_clock_lfclk_release  nrf_drv_clock.o
    0x0001be54   0x00000006   Code   RO         2775    i.nrf_drv_uart_tx   app_uart_fifo.o
    0x0001be5a   0x0000001a   Code   RO         3270    i.nrf_fprintf       nrf_fprintf.o
    0x0001be74   0x00000018   Code   RO         3271    i.nrf_fprintf_buffer_flush  nrf_fprintf.o
    0x0001be8c   0x000001da   Code   RO         3311    i.nrf_fprintf_fmt   nrf_fprintf_format.o
    0x0001c066   0x00000002   PAD
    0x0001c068   0x00000050   Code   RO         3353    i.nrf_fstorage_is_busy  nrf_fstorage.o
    0x0001c0b8   0x00000018   Code   RO         3437    i.nrf_fstorage_sdh_req_handler  nrf_fstorage_sd.o
    0x0001c0d0   0x00000020   Code   RO         3438    i.nrf_fstorage_sdh_state_handler  nrf_fstorage_sd.o
    0x0001c0f0   0x000000a4   Code   RO         3439    i.nrf_fstorage_sys_evt_handler  nrf_fstorage_sd.o
    0x0001c194   0x00000022   Code   RO         1745    i.nrf_gpio_cfg_sense_set  nrfx_gpiote.o
    0x0001c1b6   0x00000016   Code   RO          433    i.nrf_gpio_pin_write  boards.o
    0x0001c1cc   0x00000028   Code   RO         1746    i.nrf_gpio_ports_read  nrfx_gpiote.o
    0x0001c1f4   0x00000014   Code   RO         1747    i.nrf_gpiote_event_clear  nrfx_gpiote.o
    0x0001c208   0x00000010   Code   RO         1748    i.nrf_gpiote_event_is_set  nrfx_gpiote.o
    0x0001c218   0x00000050   Code   RO         3942    i.nrf_log_backend_add  nrf_log_frontend.o
    0x0001c268   0x00000002   Code   RO         3799    i.nrf_log_backend_rtt_flush  nrf_log_backend_rtt.o
    0x0001c26a   0x00000004   Code   RO         3800    i.nrf_log_backend_rtt_init  nrf_log_backend_rtt.o
    0x0001c26e   0x00000002   Code   RO         3801    i.nrf_log_backend_rtt_panic_set  nrf_log_backend_rtt.o
    0x0001c270   0x00000018   Code   RO         3802    i.nrf_log_backend_rtt_put  nrf_log_backend_rtt.o
    0x0001c288   0x000000c8   Code   RO         3868    i.nrf_log_backend_serial_put  nrf_log_backend_serial.o
    0x0001c350   0x00000030   Code   RO         3944    i.nrf_log_color_id_get  nrf_log_frontend.o
    0x0001c380   0x0000001c   Code   RO         3902    i.nrf_log_default_backends_init  nrf_log_default_backends.o
    0x0001c39c   0x00000220   Code   RO         3945    i.nrf_log_frontend_dequeue  nrf_log_frontend.o
    0x0001c5bc   0x00000008   Code   RO         3947    i.nrf_log_frontend_std_0  nrf_log_frontend.o
    0x0001c5c4   0x0000000e   Code   RO         3948    i.nrf_log_frontend_std_1  nrf_log_frontend.o
    0x0001c5d2   0x00000010   Code   RO         3949    i.nrf_log_frontend_std_2  nrf_log_frontend.o
    0x0001c5e2   0x00000002   PAD
    0x0001c5e4   0x000000ac   Code   RO         4122    i.nrf_log_hexdump_entry_process  nrf_log_str_formatter.o
    0x0001c690   0x00000058   Code   RO         3954    i.nrf_log_init      nrf_log_frontend.o
    0x0001c6e8   0x00000014   Code   RO         3955    i.nrf_log_module_cnt_get  nrf_log_frontend.o
    0x0001c6fc   0x0000001c   Code   RO         3958    i.nrf_log_module_name_get  nrf_log_frontend.o
    0x0001c718   0x00000028   Code   RO         3959    i.nrf_log_panic     nrf_log_frontend.o
    0x0001c740   0x000000b6   Code   RO         4123    i.nrf_log_std_entry_process  nrf_log_str_formatter.o
    0x0001c7f6   0x00000060   Code   RO         3549    i.nrf_memobj_alloc  nrf_memobj.o
    0x0001c856   0x00000032   Code   RO         3550    i.nrf_memobj_free   nrf_memobj.o
    0x0001c888   0x00000008   Code   RO         3551    i.nrf_memobj_get    nrf_memobj.o
    0x0001c890   0x00000004   Code   RO         3552    i.nrf_memobj_pool_init  nrf_memobj.o
    0x0001c894   0x0000001e   Code   RO         3553    i.nrf_memobj_put    nrf_memobj.o
    0x0001c8b2   0x0000000c   Code   RO         3554    i.nrf_memobj_read   nrf_memobj.o
    0x0001c8be   0x0000000c   Code   RO         3555    i.nrf_memobj_write  nrf_memobj.o
    0x0001c8ca   0x00000002   PAD
    0x0001c8cc   0x00000028   Code   RO         3627    i.nrf_pwr_mgmt_init  nrf_pwr_mgmt.o
    0x0001c8f4   0x00000014   Code   RO         3628    i.nrf_pwr_mgmt_run  nrf_pwr_mgmt.o
    0x0001c908   0x00000004   Code   RO           13    i.nrf_qwr_error_handler  main.o
    0x0001c90c   0x00000014   Code   RO         4563    i.nrf_sdh_ble_app_ram_start_get  nrf_sdh_ble.o
    0x0001c920   0x00000150   Code   RO         4564    i.nrf_sdh_ble_default_cfg_set  nrf_sdh_ble.o
    0x0001ca70   0x0000012c   Code   RO         4565    i.nrf_sdh_ble_enable  nrf_sdh_ble.o
    0x0001cb9c   0x00000060   Code   RO         4566    i.nrf_sdh_ble_evts_poll  nrf_sdh_ble.o
    0x0001cbfc   0x00000054   Code   RO         4435    i.nrf_sdh_disable_request  nrf_sdh.o
    0x0001cc50   0x00000090   Code   RO         4436    i.nrf_sdh_enable_request  nrf_sdh.o
    0x0001cce0   0x00000024   Code   RO         4437    i.nrf_sdh_evts_poll  nrf_sdh.o
    0x0001cd04   0x0000000c   Code   RO         4438    i.nrf_sdh_is_enabled  nrf_sdh.o
    0x0001cd10   0x0000001c   Code   RO         4440    i.nrf_sdh_request_continue  nrf_sdh.o
    0x0001cd2c   0x0000003c   Code   RO         4614    i.nrf_sdh_soc_evts_poll  nrf_sdh_soc.o
    0x0001cd68   0x0000000a   Code   RO         3693    i.nrf_section_iter_init  nrf_section_iter.o
    0x0001cd72   0x00000024   Code   RO         3694    i.nrf_section_iter_item_set  nrf_section_iter.o
    0x0001cd96   0x00000020   Code   RO         3695    i.nrf_section_iter_next  nrf_section_iter.o
    0x0001cdb6   0x00000002   PAD
    0x0001cdb8   0x00000038   Code   RO         3728    i.nrf_strerror_find  nrf_strerror.o
    0x0001cdf0   0x00000014   Code   RO         3729    i.nrf_strerror_get  nrf_strerror.o
    0x0001ce04   0x0000000a   Code   RO         2082    i.nrf_uarte_event_check  nrfx_uarte.o
    0x0001ce0e   0x0000000c   Code   RO         2083    i.nrf_uarte_event_clear  nrfx_uarte.o
    0x0001ce1a   0x00000002   PAD
    0x0001ce1c   0x0000002c   Code   RO         1612    i.nrfx_clock_enable  nrfx_clock.o
    0x0001ce48   0x00000020   Code   RO         1615    i.nrfx_clock_init   nrfx_clock.o
    0x0001ce68   0x0000001c   Code   RO         1618    i.nrfx_clock_lfclk_stop  nrfx_clock.o
    0x0001ce84   0x00000010   Code   RO         2614    i.nrfx_coredep_delay_us  app_timer.o
    0x0001ce94   0x00000010   Code   RO         2084    i.nrfx_is_in_ram    nrfx_uarte.o
    0x0001cea4   0x00000090   Code   RO         2090    i.nrfx_uarte_tx     nrfx_uarte.o
    0x0001cf34   0x0000001c   Code   RO         2092    i.nrfx_uarte_tx_in_progress  nrfx_uarte.o
    0x0001cf50   0x00000044   Code   RO         2237    i.nrfx_wdt_channel_alloc  nrfx_wdt.o
    0x0001cf94   0x0000001c   Code   RO         2239    i.nrfx_wdt_enable   nrfx_wdt.o
    0x0001cfb0   0x0000002c   Code   RO         2240    i.nrfx_wdt_feed     nrfx_wdt.o
    0x0001cfdc   0x00000054   Code   RO         2241    i.nrfx_wdt_init     nrfx_wdt.o
    0x0001d030   0x00000090   Code   RO           14    i.nus_data_handler  main.o
    0x0001d0c0   0x00000024   Code   RO           15    i.on_adv_evt        main.o
    0x0001d0e4   0x0000001c   Code   RO           16    i.on_conn_params_evt  main.o
    0x0001d100   0x0000006a   Code   RO         1360    i.on_connect        ble_nus.o
    0x0001d16a   0x00000002   PAD
    0x0001d16c   0x00000084   Code   RO         1247    i.on_connected_evt  nrf_ble_gatt.o
    0x0001d1f0   0x000000a8   Code   RO         1248    i.on_exchange_mtu_request_evt  nrf_ble_gatt.o
    0x0001d298   0x00000084   Code   RO         1361    i.on_write          ble_nus.o
    0x0001d31c   0x00000012   Code   RO          839    i.phy_is_valid      ble_advertising.o
    0x0001d32e   0x00000002   PAD
    0x0001d330   0x0000003c   Code   RO         4125    i.postfix_process   nrf_log_str_formatter.o
    0x0001d36c   0x00000098   Code   RO         4126    i.prefix_process    nrf_log_str_formatter.o
    0x0001d404   0x00000014   Code   RO         3440    i.queue_free        nrf_fstorage_sd.o
    0x0001d418   0x000000a0   Code   RO         3441    i.queue_process     nrf_fstorage_sd.o
    0x0001d4b8   0x0000003c   Code   RO         2615    i.rtc1_stop         app_timer.o
    0x0001d4f4   0x000000a2   Code   RO         1362    i.rx_char_add       ble_nus.o
    0x0001d596   0x00000018   Code   RO         2094    i.rx_done_event     nrfx_uarte.o
    0x0001d5ae   0x00000042   Code   RO         4443    i.sd_nvic_SetPriority  nrf_sdh.o
    0x0001d5f0   0x00000050   Code   RO         1437    i.sd_state_evt_handler  nrf_drv_clock.o
    0x0001d640   0x00000030   Code   RO         4444    i.sdh_request_observer_notify  nrf_sdh.o
    0x0001d670   0x0000002c   Code   RO         4445    i.sdh_state_observer_notify  nrf_sdh.o
    0x0001d69c   0x00000010   Code   RO          929    i.send_error_evt    ble_conn_params.o
    0x0001d6ac   0x00000050   Code   RO         3803    i.serial_tx         nrf_log_backend_rtt.o
    0x0001d6fc   0x00000088   Code   RO          733    i.service_data_encode  ble_advdata.o
    0x0001d784   0x00000028   Code   RO           17    i.sleep_mode_enter  main.o
    0x0001d7ac   0x00000018   Code   RO         1438    i.soc_evt_handler   nrf_drv_clock.o
    0x0001d7c4   0x00000038   Code   RO         4446    i.softdevice_evt_irq_disable  nrf_sdh.o
    0x0001d7fc   0x00000050   Code   RO         4447    i.softdevices_evt_irq_enable  nrf_sdh.o
    0x0001d84c   0x0000008c   Code   RO         3961    i.std_n             nrf_log_frontend.o
    0x0001d8d8   0x00000080   Code   RO         2616    i.timer_list_handler  app_timer.o
    0x0001d958   0x0000003c   Code   RO         2617    i.timer_list_insert  app_timer.o
    0x0001d994   0x00000060   Code   RO         2618    i.timer_list_remove  app_timer.o
    0x0001d9f4   0x00000048   Code   RO         2619    i.timer_stop_op_schedule  app_timer.o
    0x0001da3c   0x00000074   Code   RO         2620    i.timer_timeouts_check  app_timer.o
    0x0001dab0   0x000000da   Code   RO         1363    i.tx_char_add       ble_nus.o
    0x0001db8a   0x000000f4   Code   RO         2095    i.uarte_irq_handler  nrfx_uarte.o
    0x0001dc7e   0x0000000a   Code   RO          734    i.uint16_encode     ble_advdata.o
    0x0001dc88   0x000000b4   Code   RO         3312    i.unsigned_print    nrf_fprintf_format.o
    0x0001dd3c   0x00000068   Code   RO          930    i.update_timeout_handler  ble_conn_params.o
    0x0001dda4   0x00000018   Code   RO          840    i.use_whitelist     ble_advertising.o
    0x0001ddbc   0x00000024   Code   RO         1319    i.user_mem_reply    nrf_ble_qwr.o
    0x0001dde0   0x00000030   Code   RO         2621    i.user_op_alloc     app_timer.o
    0x0001de10   0x00000030   Code   RO          735    i.uuid_list_encode  ble_advdata.o
    0x0001de40   0x0000009e   Code   RO          736    i.uuid_list_sized_encode  ble_advdata.o
    0x0001dede   0x0000003a   Code   RO          567    i.wakeup_button_cfg  bsp.o
    0x0001df18   0x00000002   Code   RO           19    i.wdt_event_handler  main.o
    0x0001df1a   0x00000002   Code   RO           20    i.wdt_handler       main.o
    0x0001df1c   0x0000001c   Data   RO           23    .constdata          main.o
    0x0001df38   0x00000008   Data   RO          434    .constdata          boards.o
    0x0001df40   0x0000002c   Data   RO          572    .constdata          bsp.o
    0x0001df6c   0x0000000e   Data   RO         1249    .constdata          nrf_ble_gatt.o
    0x0001df7a   0x00000002   PAD
    0x0001df7c   0x00000010   Data   RO         1364    .constdata          ble_nus.o
    0x0001df8c   0x00000004   Data   RO         1777    .constdata          nrfx_gpiote.o
    0x0001df90   0x00000006   Data   RO         2623    .constdata          app_timer.o
    0x0001df96   0x00000010   Data   RO         3313    .constdata          nrf_fprintf_format.o
    0x0001dfa6   0x00000002   PAD
    0x0001dfa8   0x00000010   Data   RO         3449    .constdata          nrf_fstorage_sd.o
    0x0001dfb8   0x00000018   Data   RO         3632    .constdata          nrf_pwr_mgmt.o
    0x0001dfd0   0x0000000c   Data   RO         3633    .constdata          nrf_pwr_mgmt.o
    0x0001dfdc   0x0000013c   Data   RO         3730    .constdata          nrf_strerror.o
    0x0001e118   0x0000000c   Data   RO         3805    .constdata          nrf_log_backend_rtt.o
    0x0001e124   0x00000006   Data   RO         3806    .constdata          nrf_log_backend_rtt.o
    0x0001e12a   0x00000002   PAD
    0x0001e12c   0x00000010   Data   RO         4448    .constdata          nrf_sdh.o
    0x0001e13c   0x00000028   Data   RO         4449    .constdata          nrf_sdh.o
    0x0001e164   0x00000010   Data   RO         4450    .constdata          nrf_sdh.o
    0x0001e174   0x00000010   Data   RO         4451    .constdata          nrf_sdh.o
    0x0001e184   0x00000020   Data   RO         4567    .constdata          nrf_sdh_ble.o
    0x0001e1a4   0x00000010   Data   RO         4568    .constdata          nrf_sdh_ble.o
    0x0001e1b4   0x00000010   Data   RO         4615    .constdata          nrf_sdh_soc.o
    0x0001e1c4   0x0000000c   Data   RO         4616    .constdata          nrf_sdh_soc.o
    0x0001e1d0   0x00000081   Data   RO         4694    .constdata          mc_w.l(ctype_o.o)
    0x0001e251   0x00000003   PAD
    0x0001e254   0x00000004   Data   RO         4695    .constdata          mc_w.l(ctype_o.o)
    0x0001e258   0x000003eb   Data   RO         3731    .conststring        nrf_strerror.o
    0x0001e643   0x00000001   PAD
    0x0001e644   0x00000066   Data   RO         4127    .conststring        nrf_log_str_formatter.o
    0x0001e6aa   0x00000002   PAD
    0x0001e6ac   0x000001cf   Data   RO         4569    .conststring        nrf_sdh_ble.o
    0x0001e87b   0x00000001   PAD
    0x0001e87c   0x0000000d   Data   RO         1250    .conststrlit        nrf_ble_gatt.o
    0x0001e889   0x00000003   PAD
    0x0001e88c   0x00000008   Data   RO         1365    .conststrlit        ble_nus.o
    0x0001e894   0x00000006   Data   RO         1444    .conststrlit        nrf_drv_clock.o
    0x0001e89a   0x00000002   PAD
    0x0001e89c   0x00000006   Data   RO         1622    .conststrlit        nrfx_clock.o
    0x0001e8a2   0x00000002   PAD
    0x0001e8a4   0x00000007   Data   RO         1781    .conststrlit        nrfx_gpiote.o
    0x0001e8ab   0x00000001   PAD
    0x0001e8ac   0x00000004   Data   RO         2039    .conststrlit        nrfx_prs.o
    0x0001e8b0   0x00000006   Data   RO         2101    .conststrlit        nrfx_uarte.o
    0x0001e8b6   0x00000002   PAD
    0x0001e8b8   0x00000004   Data   RO         2244    .conststrlit        nrfx_wdt.o
    0x0001e8bc   0x0000000d   Data   RO         3361    .conststrlit        nrf_fstorage.o
    0x0001e8c9   0x00000003   PAD
    0x0001e8cc   0x0000000e   Data   RO         3451    .conststrlit        nrf_fstorage_sd.o
    0x0001e8da   0x00000002   PAD
    0x0001e8dc   0x00000009   Data   RO         3634    .conststrlit        nrf_pwr_mgmt.o
    0x0001e8e5   0x00000003   PAD
    0x0001e8e8   0x00000018   Data   RO         3964    .conststrlit        nrf_log_frontend.o
    0x0001e900   0x00000008   Data   RO         4452    .conststrlit        nrf_sdh.o
    0x0001e908   0x0000000c   Data   RO         4570    .conststrlit        nrf_sdh_ble.o
    0x0001e914   0x0000000c   Data   RO         4617    .conststrlit        nrf_sdh_soc.o
    0x0001e920   0x00000020   Data   RO         4751    Region$$Table       anon$$obj.o
    0x0001e940   0x00000008   Data   RO         1251    log_const_data      nrf_ble_gatt.o
    0x0001e948   0x00000008   Data   RO         1366    log_const_data      ble_nus.o
    0x0001e950   0x00000008   Data   RO         1445    log_const_data      nrf_drv_clock.o
    0x0001e958   0x00000008   Data   RO         1624    log_const_data      nrfx_clock.o
    0x0001e960   0x00000008   Data   RO         1782    log_const_data      nrfx_gpiote.o
    0x0001e968   0x00000008   Data   RO         2040    log_const_data      nrfx_prs.o
    0x0001e970   0x00000008   Data   RO         2102    log_const_data      nrfx_uarte.o
    0x0001e978   0x00000008   Data   RO         2246    log_const_data      nrfx_wdt.o
    0x0001e980   0x00000008   Data   RO         3362    log_const_data      nrf_fstorage.o
    0x0001e988   0x00000008   Data   RO         3454    log_const_data      nrf_fstorage_sd.o
    0x0001e990   0x00000008   Data   RO         3636    log_const_data      nrf_pwr_mgmt.o
    0x0001e998   0x00000010   Data   RO         3967    log_const_data      nrf_log_frontend.o
    0x0001e9a8   0x00000008   Data   RO         4454    log_const_data      nrf_sdh.o
    0x0001e9b0   0x00000008   Data   RO         4572    log_const_data      nrf_sdh_ble.o
    0x0001e9b8   0x00000008   Data   RO         4618    log_const_data      nrf_sdh_soc.o
    0x0001e9c0   0x00000018   Data   RO         3969    nrf_balloc          nrf_log_frontend.o
    0x0001e9d8   0x00000008   Data   RO         1017    sdh_ble_observers0  ble_conn_state.o
    0x0001e9e0   0x00000010   Data   RO           27    sdh_ble_observers1  main.o
    0x0001e9f0   0x00000008   Data   RO          675    sdh_ble_observers1  bsp_btn_ble.o
    0x0001e9f8   0x00000008   Data   RO          933    sdh_ble_observers1  ble_conn_params.o
    0x0001ea00   0x00000010   Data   RO           28    sdh_ble_observers2  main.o
    0x0001ea10   0x00000008   Data   RO           29    sdh_ble_observers3  main.o
    0x0001ea18   0x00000008   Data   RO         3456    sdh_req_observers0  nrf_fstorage_sd.o
    0x0001ea20   0x00000008   Data   RO         1447    sdh_soc_observers0  nrf_drv_clock.o
    0x0001ea28   0x00000008   Data   RO         3457    sdh_soc_observers0  nrf_fstorage_sd.o
    0x0001ea30   0x00000008   Data   RO           30    sdh_soc_observers1  main.o
    0x0001ea38   0x00000008   Data   RO         4574    sdh_stack_observers0  nrf_sdh_ble.o
    0x0001ea40   0x00000008   Data   RO         4620    sdh_stack_observers0  nrf_sdh_soc.o
    0x0001ea48   0x00000008   Data   RO         1448    sdh_state_observers0  nrf_drv_clock.o
    0x0001ea50   0x00000008   Data   RO         3458    sdh_state_observers0  nrf_fstorage_sd.o


    Execution Region RW_IRAM1 (Base: 0x20002500, Size: 0x000016a0, Max: 0x00003b00, ABSOLUTE, COMPRESSED[0x00000054])

    Base Addr    Size         Type   Attr      Idx    E Section Name        Object

    0x20002500   0x00000008   Data   RW           24    .data               main.o
    0x20002508   0x00000028   Data   RW           25    .data               main.o
    0x20002530   0x00000004   Data   RW           26    .data               main.o
    0x20002534   0x00000010   Data   RW          573    .data               bsp.o
    0x20002544   0x00000008   Data   RW          674    .data               bsp_btn_ble.o
    0x2000254c   0x00000008   Data   RW          932    .data               ble_conn_params.o
    0x20002554   0x00000008   Data   RW         1623    .data               nrfx_clock.o
    0x2000255c   0x0000000c   Data   RW         2245    .data               nrfx_wdt.o
    0x20002568   0x00000014   Data   RW         2624    .data               app_timer.o
    0x2000257c   0x00000014   Data   RW         2779    .data               app_uart_fifo.o
    0x20002590   0x00000014   Data   RW         3452    .data               nrf_fstorage_sd.o
    0x200025a4   0x00000008   Data   RW         3453    .data               nrf_fstorage_sd.o
    0x200025ac   0x00000008   Data   RW         3635    .data               nrf_pwr_mgmt.o
    0x200025b4   0x00000001   Data   RW         3807    .data               nrf_log_backend_rtt.o
    0x200025b5   0x00000003   PAD
    0x200025b8   0x0000000c   Data   RW         3903    .data               nrf_log_default_backends.o
    0x200025c4   0x00000008   Data   RW         3965    .data               nrf_log_frontend.o
    0x200025cc   0x00000008   Data   RW         3966    .data               nrf_log_frontend.o
    0x200025d4   0x00000040   Data   RW         4128    .data               nrf_log_str_formatter.o
    0x20002614   0x00000003   Data   RW         4453    .data               nrf_sdh.o
    0x20002617   0x00000001   Data   RW         4571    .data               nrf_sdh_ble.o
    0x20002618   0x00000004   Data   RW         4655    .data               system_nrf52810.o
    0x2000261c   0x00000004   Data   RW         1252    log_dynamic_data    nrf_ble_gatt.o
    0x20002620   0x00000004   Data   RW         1367    log_dynamic_data    ble_nus.o
    0x20002624   0x00000004   Data   RW         1446    log_dynamic_data    nrf_drv_clock.o
    0x20002628   0x00000004   Data   RW         1625    log_dynamic_data    nrfx_clock.o
    0x2000262c   0x00000004   Data   RW         1783    log_dynamic_data    nrfx_gpiote.o
    0x20002630   0x00000004   Data   RW         2041    log_dynamic_data    nrfx_prs.o
    0x20002634   0x00000004   Data   RW         2103    log_dynamic_data    nrfx_uarte.o
    0x20002638   0x00000004   Data   RW         2247    log_dynamic_data    nrfx_wdt.o
    0x2000263c   0x00000004   Data   RW         3363    log_dynamic_data    nrf_fstorage.o
    0x20002640   0x00000004   Data   RW         3455    log_dynamic_data    nrf_fstorage_sd.o
    0x20002644   0x00000004   Data   RW         3637    log_dynamic_data    nrf_pwr_mgmt.o
    0x20002648   0x00000008   Data   RW         3968    log_dynamic_data    nrf_log_frontend.o
    0x20002650   0x00000004   Data   RW         4455    log_dynamic_data    nrf_sdh.o
    0x20002654   0x00000004   Data   RW         4573    log_dynamic_data    nrf_sdh_ble.o
    0x20002658   0x00000004   Data   RW         4619    log_dynamic_data    nrf_sdh_soc.o
    0x2000265c   0x00000020   Zero   RW           21    .bss                main.o
    0x2000267c   0x000001c8   Zero   RW           22    .bss                main.o
    0x20002844   0x00000020   Zero   RW          568    .bss                bsp.o
    0x20002864   0x00000020   Zero   RW          569    .bss                bsp.o
    0x20002884   0x0000000c   Zero   RW          570    .bss                bsp.o
    0x20002890   0x00000020   Zero   RW          571    .bss                bsp.o
    0x200028b0   0x00000050   Zero   RW          931    .bss                ble_conn_params.o
    0x20002900   0x00000078   Zero   RW         1016    .bss                ble_conn_state.o
    0x20002978   0x00000014   Zero   RW         1439    .bss                nrf_drv_clock.o
    0x2000298c   0x0000005c   Zero   RW         1776    .bss                nrfx_gpiote.o
    0x200029e8   0x00000024   Zero   RW         2096    .bss                nrfx_uarte.o
    0x20002a0c   0x0000010c   Zero   RW         2622    .bss                app_timer.o
    0x20002b18   0x00000020   Zero   RW         2777    .bss                app_uart_fifo.o
    0x20002b38   0x0000000c   Zero   RW         2851    .bss                app_util_platform.o
    0x20002b44   0x000000a0   Zero   RW         3448    .bss                nrf_fstorage_sd.o
    0x20002be4   0x0000000c   Zero   RW         3631    .bss                nrf_pwr_mgmt.o
    0x20002bf0   0x00000040   Zero   RW         3804    .bss                nrf_log_backend_rtt.o
    0x20002c30   0x000000c0   Zero   RW         3962    .bss                nrf_log_frontend.o
    0x20002cf0   0x00000424   Zero   RW         3963    .bss                nrf_log_frontend.o
    0x20003114   0x00000288   Zero   RW         4204    .bss                segger_rtt.o
    0x2000339c   0x00000004   PAD
    0x200033a0   0x00000800   Zero   RW         4643    STACK               arm_startup_nrf52810.o


==============================================================================

Image component sizes


      Code (inc. data)   RO Data    RW Data    ZI Data      Debug   Object Name

        22          0          0          0          0       2393   app_error.o
       124         40          0          0          0      28029   app_error_weak.o
        86          0          0          0          0       3970   app_fifo.o
      1506        118          6         20        268      44867   app_timer.o
        70         10          0         20         32      13563   app_uart_fifo.o
       124         14          0          0         12       9294   app_util_platform.o
        36          8        512          0       2048        880   arm_startup_nrf52810.o
      1314          0          0          0          0      37520   ble_advdata.o
      1034          6          0          0          0      11736   ble_advertising.o
       636         44          8          8         80       8855   ble_conn_params.o
       360         10          8          0        120       6599   ble_conn_state.o
        72          0          0          0          0       1588   ble_link_ctx_manager.o
       818          4         32          4          0       7324   ble_nus.o
         8          0          0          0          0       1398   ble_srv_common.o
       206         32          8          0          0      33273   boards.o
       788         58         44         16        108      11688   bsp.o
       196          6          8          8          0       3769   bsp_btn_ble.o
      1400        284         76         52        488     153241   main.o
       244          0          0          0          0       5493   nrf_atfifo.o
        64          0          0          0          0       2796   nrf_atflags.o
       306          0          0          0          0       7527   nrf_atomic.o
       164          0          0          0          0       3476   nrf_balloc.o
       610        174         35          4          0       8218   nrf_ble_gatt.o
       276          0          0          0          0       4481   nrf_ble_qwr.o
       276         34         30          4         20      34890   nrf_drv_clock.o
        50          0          0          0          0       3413   nrf_fprintf.o
       850          4         16          0          0       5258   nrf_fprintf_format.o
        80         10         21          4          0       2592   nrf_fstorage.o
       484         42         62         32        160       9361   nrf_fstorage_sd.o
       112         18         18          1         64       6049   nrf_log_backend_rtt.o
       200          0          0          0          0      10723   nrf_log_backend_serial.o
        28          6          0         12          0       3122   nrf_log_default_backends.o
      1490        118         64         24       1252      29021   nrf_log_frontend.o
       566        108        102         64          0       5568   nrf_log_str_formatter.o
       330          0          0          0          0       9187   nrf_memobj.o
        60         12         53         12         12       4948   nrf_pwr_mgmt.o
       660         60        104          7          0      40223   nrf_sdh.o
       752        226        539          5          0       5777   nrf_sdh_ble.o
        60          4         56          4          0       2512   nrf_sdh_soc.o
        78          0          0          0          0       2612   nrf_section_iter.o
        76         10       1319          0          0       2623   nrf_strerror.o
       222         28         14         12          0      38272   nrfx_clock.o
       518         30         19          4         92      46253   nrfx_gpiote.o
         0          0         12          4          0        432   nrfx_prs.o
       494         20         14          4         36      18992   nrfx_uarte.o
       276         58         12         16          0       7988   nrfx_wdt.o
       378         34          0          0        648       8657   segger_rtt.o
       748         72          0          4          0       2699   system_nrf52810.o

    ----------------------------------------------------------------------
     19294       1702       3252        348       5444     713150   Object Totals
         0          0         32          0          0          0   (incl. Generated)
        42          0         28          3          4          0   (incl. Padding)

    ----------------------------------------------------------------------

      Code (inc. data)   RO Data    RW Data    ZI Data      Debug   Library Member Name

        86          0          0          0          0          0   __dczerorl2.o
         8          4        133          0          0         68   ctype_o.o
         0          0          0          0          0          0   entry.o
         0          0          0          0          0          0   entry10a.o
         0          0          0          0          0          0   entry11a.o
         8          4          0          0          0          0   entry2.o
         4          0          0          0          0          0   entry5.o
         0          0          0          0          0          0   entry7b.o
         0          0          0          0          0          0   entry8b.o
         8          4          0          0          0          0   entry9a.o
        30          0          0          0          0          0   handlers.o
        36          8          0          0          0         68   init.o
        30          0          0          0          0         68   llshl.o
        32          0          0          0          0         68   llushr.o
        36          0          0          0          0         68   memcpya.o
        36          0          0          0          0        108   memseta.o
        18          0          0          0          0         68   strcpy.o
        14          0          0          0          0         68   strlen.o
        98          0          0          0          0         92   uldiv.o

    ----------------------------------------------------------------------
       446         20        136          0          0        676   Library Totals
         2          0          3          0          0          0   (incl. Padding)

    ----------------------------------------------------------------------

      Code (inc. data)   RO Data    RW Data    ZI Data      Debug   Library Name

       444         20        133          0          0        676   mc_w.l

    ----------------------------------------------------------------------
       446         20        136          0          0        676   Library Totals

    ----------------------------------------------------------------------

==============================================================================


      Code (inc. data)   RO Data    RW Data    ZI Data      Debug   

     19740       1722       3388        348       5444     701266   Grand Totals
     19740       1722       3388         84       5444     701266   ELF Image Totals (compressed)
     19740       1722       3388         84          0          0   ROM Totals

==============================================================================

    Total RO  Size (Code + RO Data)                23128 (  22.59kB)
    Total RW  Size (RW Data + ZI Data)              5792 (   5.66kB)
    Total ROM Size (Code + RO Data + RW Data)      23212 (  22.67kB)

==============================================================================

